Archive member included to satisfy reference by file (symbol)

C:/msys64/opt/wonderful/thirdparty/blocksds/core/libs/libnds/lib\libnds9.a(IntrWait.s.o)
                              build/SillyCatPrototype/source/main.cpp.o (swiWaitForVBlank)
C:/msys64/opt/wonderful/thirdparty/blocksds/core/libs/libnds/lib\libnds9.a(mpu_setup.s.o)
                              C:/msys64/opt/wonderful/thirdparty/blocksds/core/sys/crts/ds_arm9_crt0.o (__libnds_mpu_setup)
C:/msys64/opt/wonderful/thirdparty/blocksds/core/libs/libnds/lib\libnds9.a(dma.s.o)
                              build/SillyCatPrototype/source/main.cpp.o (dmaSetParams)
C:/msys64/opt/wonderful/thirdparty/blocksds/core/libs/libnds/lib\libnds9.a(crt0_argv.c.o)
                              C:/msys64/opt/wonderful/thirdparty/blocksds/core/sys/crts/ds_arm9_crt0.o (build_argv)
C:/msys64/opt/wonderful/thirdparty/blocksds/core/libs/libnds/lib\libnds9.a(sassert.c.o)
                              build/SillyCatPrototype/source/main.cpp.o (__sassert)
C:/msys64/opt/wonderful/thirdparty/blocksds/core/libs/libnds/lib\libnds9.a(initSystem.c.o)
                              C:/msys64/opt/wonderful/thirdparty/blocksds/core/sys/crts/ds_arm9_crt0.o (__dsimode)
C:/msys64/opt/wonderful/thirdparty/blocksds/core/libs/libnds/lib\libnds9.a(keys.c.o)
                              build/SillyCatPrototype/source/main.cpp.o (scanKeys)
C:/msys64/opt/wonderful/thirdparty/blocksds/core/libs/libnds/lib\libnds9.a(securearea.c.o)
                              C:/msys64/opt/wonderful/thirdparty/blocksds/core/sys/crts/ds_arm9_crt0.o (__secure_area__)
C:/msys64/opt/wonderful/thirdparty/blocksds/core/libs/libnds/lib\libnds9.a(system.c.o)
                              C:/msys64/opt/wonderful/thirdparty/blocksds/core/libs/libnds/lib\libnds9.a(initSystem.c.o) (systemValueHandler)
C:/msys64/opt/wonderful/thirdparty/blocksds/core/libs/libnds/lib\libnds9.a(background.c.o)
                              build/SillyCatPrototype/source/main.cpp.o (bgUpdate)
C:/msys64/opt/wonderful/thirdparty/blocksds/core/libs/libnds/lib\libnds9.a(sprite.c.o)
                              build/SillyCatPrototype/source/main.cpp.o (oamInit)
C:/msys64/opt/wonderful/thirdparty/blocksds/core/libs/libnds/lib\libnds9.a(sprite_alloc.c.o)
                              C:/msys64/opt/wonderful/thirdparty/blocksds/core/libs/libnds/lib\libnds9.a(sprite.c.o) (oamAllocReset)
C:/msys64/opt/wonderful/thirdparty/blocksds/core/libs/libnds/lib\libnds9.a(video.c.o)
                              build/SillyCatPrototype/source/main.cpp.o (vramSetPrimaryBanks)
C:/msys64/opt/wonderful/thirdparty/blocksds/core/libs/libnds/lib\libnds9.a(threads.c.o)
                              C:/msys64/opt/wonderful/thirdparty/blocksds/core/sys/crts/ds_arm9_crt0.o (cothread_start)
C:/msys64/opt/wonderful/thirdparty/blocksds/core/libs/libnds/lib\libnds9.a(fifosystem.c.o)
                              C:/msys64/opt/wonderful/thirdparty/blocksds/core/libs/libnds/lib\libnds9.a(initSystem.c.o) (fifoSetValue32Handler)
C:/msys64/opt/wonderful/thirdparty/blocksds/core/libs/libnds/lib\libnds9.a(interrupts.c.o)
                              C:/msys64/opt/wonderful/thirdparty/blocksds/core/libs/libnds/lib\libnds9.a(fifosystem.c.o) (irqSet)
C:/msys64/opt/wonderful/thirdparty/blocksds/core/libs/libnds/lib\libnds9.a(exit.c.o)
                              C:/msys64/opt/wonderful/thirdparty/blocksds/core/sys/crts/ds_arm9_crt0.o (__libnds_exit)
C:/msys64/opt/wonderful/thirdparty/blocksds/core/libs/libnds/lib\libnds9.a(locks.c.o)
                              C:/msys64/opt/wonderful/thirdparty/blocksds/core/libs/libnds/lib\libnds9.a(threads.c.o) (__retarget_lock_acquire)
C:/msys64/opt/wonderful/thirdparty/blocksds/core/libs/libnds/lib\libnds9.a(sbrk.c.o)
                              C:/msys64/opt/wonderful/thirdparty/blocksds/core/sys/crts/ds_arm9_crt0.o (fake_heap_start)
C:/msys64/opt/wonderful/thirdparty/blocksds/core/libs/libnds/lib\libnds9.a(coroutine.c.o)
                              C:/msys64/opt/wonderful/thirdparty/blocksds/core/libs/libnds/lib\libnds9.a(threads.c.o) (__ndsabi_coro_make_noctx)
C:/msys64/opt/wonderful/thirdparty/blocksds/core/libs/libnds/lib\libnds9.a(cp15.s.o)
                              C:/msys64/opt/wonderful/thirdparty/blocksds/core/libs/libnds/lib\libnds9.a(mpu_setup.s.o) (CP15_FlushICache)
C:/msys64/opt/wonderful/thirdparty/blocksds/core/libs/libnds/lib\libnds9.a(cpu_clock.s.o)
                              C:/msys64/opt/wonderful/thirdparty/blocksds/core/libs/libnds/lib\libnds9.a(initSystem.c.o) (setCpuClock)
C:/msys64/opt/wonderful/thirdparty/blocksds/core/libs/libnds/lib\libnds9.a(aeabi_read_tp.s.o)
                              C:/msys64/opt/wonderful/thirdparty/blocksds/core/libs/libnds/lib\libnds9.a(threads.c.o) (__aeabi_read_tp)
C:/msys64/opt/wonderful/thirdparty/blocksds/core/libs/libnds/lib\libnds9.a(interruptDispatcher.s.o)
[...]
Memory Configuration

Name             Origin             Length             Attributes
ewram            0x02000000         0x00380000
dtcm             0x02ff0000         0x00004000
itcm             0x01000000         0x00008000
*default*        0x00000000         0xffffffff

Linker script and memory map

                0x00000000                        PROVIDE (__dtcm_data_size = 0x0)
                0x00000001                        ASSERT (((__dtcm_data_size & 0x3) == 0x0), __dtcm_data_size must be a multiple of 4)
                0x00004000                        PROVIDE (__dldi_size = 0x4000)
                0x00000040                        PROVIDE (__dtcm_reserved_size = 0x40)
                0x00000001                        ASSERT (((__dtcm_reserved_size & 0x3) == 0x0), __dtcm_reserved_size must be a multiple of 4)
                0x00000100                        PROVIDE (__svc_stack_size = 0x100)
                0x00000001                        ASSERT (((__svc_stack_size & 0x3) == 0x0), __svc_stack_size must be a multiple of 4)
                0x00000100                        PROVIDE (__irq_stack_size = 0x100)
                0x00000001                        ASSERT (((__irq_stack_size & 0x3) == 0x0), __irq_stack_size must be a multiple of 4)
                0x00000000                        PROVIDE (__usr_stack_size = 0x0)
                0x00000001                        ASSERT (((__usr_stack_size & 0x3) == 0x0), __usr_stack_size must be a multiple of 4)
                0x02380000                        __ewram_end = (ORIGIN (ewram) + LENGTH (ewram))
                0x02380000                        __eheap_end = (ORIGIN (ewram) + LENGTH (ewram))
                0x02ff0000                        __dtcm_start = ORIGIN (dtcm)
                0x02ff4000                        __dtcm_top = (ORIGIN (dtcm) + LENGTH (dtcm))
                0x02ff3ff8                        __irq_flags = (__dtcm_top - 0x8)
                0x02ff3ffc                        __irq_vector = (__dtcm_top - 0x4)
                0x02ff3fc0                        __sp_svc = (__dtcm_top - __dtcm_reserved_size)
                0x02ff3ec0                        __sp_irq = (__sp_svc - __svc_stack_size)
                0x02ff3dc0                        __sp_usr = ((__sp_irq - __irq_stack_size) - __dtcm_data_size)
                0x02ff0000                        __dtcm_data_start = (__dtcm_data_size > 0x0)?__sp_usr:ORIGIN (dtcm)
                0x02ff3dc0                        __dtcm_data_top = (__dtcm_data_size > 0x0)?(__sp_irq - __irq_stack_size):(__sp_usr - __usr_stack_size)
                0x0000000e                        __dldi_log2_size = (LOG2CEIL ((__dldi_size + 0x1)) - 0x1)

.secure         0x02000000      0x800
 *(.secure)
 .secure        0x02000000      0x800 C:/msys64/opt/wonderful/thirdparty/blocksds/core/libs/libnds/lib\libnds9.a(securearea.c.o)
                0x02000000                __secure_area__

.crt0           0x02000800      0x2c8
                0x02000800                        __text_start = .
 *(.crt0)
 .crt0          0x02000800      0x2c8 C:/msys64/opt/wonderful/thirdparty/blocksds/core/sys/crts/ds_arm9_crt0.o
                0x02000800                _start
                0x02000ac8                        . = ALIGN (0x4)

.dldi           0x02000ac8        0x0
                0x02000ac8                        __dldi_start = .
 *(.dldi)
                0x02000ac8                        . = ALIGN (0x4)
                0x02000ac8                        __dldi_data_end = .
                0x02000ac8                        __dldi_end = (__dldi_data_end > __dldi_start)?(__dldi_start + __dldi_size):__dldi_start
                0x02000ac8                        . = __dldi_end
                0x02000ac8                        . = ALIGN (0x4)

.plt
 *(.plt)

.init           0x02000ac8        0x8
 *(SORT_NONE(.init))
 .init          0x02000ac8        0x8 C:/msys64/opt/wonderful/toolchain/gcc-arm-none-eabi/lib/gcc/arm-none-eabi/14.2.0/thumb/arm946e-s/crtn.o

.text           0x02000ad0     0x7ed0
 *(EXCLUDE_FILE(*.twl* *.itcm*) .text)
 .text          0x02000ad0        0xe C:/msys64/opt/wonderful/toolchain/gcc-arm-none-eabi/lib/gcc/arm-none-eabi/14.2.0/../../../../arm-none-eabi/lib/thumb/arm946e-s\libc.a(strlen.S.o)
                0x02000ad0                strlen
 *fill*         0x02000ade        0x2 ff
 .text          0x02000ae0       0x14 C:/msys64/opt/wonderful/toolchain/gcc-arm-none-eabi/lib/gcc/arm-none-eabi/14.2.0/thumb/arm946e-s\libgcc.a(_thumb1_case_uqi.o)
                0x02000ae0                __gnu_thumb1_case_uqi
 .text          0x02000af4       0x14 C:/msys64/opt/wonderful/toolchain/gcc-arm-none-eabi/lib/gcc/arm-none-eabi/14.2.0/thumb/arm946e-s\libgcc.a(_thumb1_case_uhi.o)
                0x02000af4                __gnu_thumb1_case_uhi
 .text          0x02000b08      0x214 C:/msys64/opt/wonderful/toolchain/gcc-arm-none-eabi/lib/gcc/arm-none-eabi/14.2.0/thumb/arm946e-s\libgcc.a(_udivsi3.o)
                0x02000b08                __aeabi_uidiv
                0x02000b08                __udivsi3
                0x02000cfc                __aeabi_uidivmod
 .text          0x02000d1c      0x248 C:/msys64/opt/wonderful/toolchain/gcc-arm-none-eabi/lib/gcc/arm-none-eabi/14.2.0/thumb/arm946e-s\libgcc.a(_divsi3.o)
                0x02000d1c                __divsi3
                0x02000d1c                __aeabi_idiv
                0x02000f44                __aeabi_idivmod
 .text          0x02000f64        0x4 C:/msys64/opt/wonderful/toolchain/gcc-arm-none-eabi/lib/gcc/arm-none-eabi/14.2.0/thumb/arm946e-s\libgcc.a(_dvmd_tls.o)
                0x02000f64                __aeabi_idiv0
                0x02000f64                __aeabi_ldiv0
 .text          0x02000f68       0x18 C:/msys64/opt/wonderful/toolchain/gcc-arm-none-eabi/lib/gcc/arm-none-eabi/14.2.0/thumb/arm946e-s\libgcc.a(_lshrdi3.o)
                0x02000f68                __lshrdi3
                0x02000f68                __aeabi_llsr
 .text          0x02000f80       0x1c C:/msys64/opt/wonderful/toolchain/gcc-arm-none-eabi/lib/gcc/arm-none-eabi/14.2.0/thumb/arm946e-s\libgcc.a(_ashrdi3.o)
                0x02000f80                __aeabi_lasr
                0x02000f80                __ashrdi3
 .text          0x02000f9c       0x18 C:/msys64/opt/wonderful/toolchain/gcc-arm-none-eabi/lib/gcc/arm-none-eabi/14.2.0/thumb/arm946e-s\libgcc.a(_ashldi3.o)
                0x02000f9c                __aeabi_llsl
                0x02000f9c                __ashldi3
 .text          0x02000fb4      0x3c0 C:/msys64/opt/wonderful/toolchain/gcc-arm-none-eabi/lib/gcc/arm-none-eabi/14.2.0/thumb/arm946e-s\libgcc.a(_arm_addsubdf3.o)
                0x02000fb4                __aeabi_drsub
                0x02000fbc                __aeabi_dsub
                0x02000fbc                __subdf3
                0x02000fc0                __aeabi_dadd
                0x02000fc0                __adddf3
                0x0200126c                __floatunsidf
                0x0200126c                __aeabi_ui2d
                0x02001290                __floatsidf
                0x02001290                __aeabi_i2d
                0x020012b8                __aeabi_f2d
                0x020012b8                __extendsfdf2
                0x02001300                __floatundidf
                0x02001300                __aeabi_ul2d
                0x02001314                __floatdidf
                0x02001314                __aeabi_l2d
 .text          0x02001374      0x470 C:/msys64/opt/wonderful/toolchain/gcc-arm-none-eabi/lib/gcc/arm-none-eabi/14.2.0/thumb/arm946e-s\libgcc.a(_arm_muldivdf3.o)
                0x02001374                __aeabi_dmul
                0x02001374                __muldf3
                0x020015e0                __divdf3
                0x020015e0                __aeabi_ddiv
 .text          0x020017e4       0x54 C:/msys64/opt/wonderful/toolchain/gcc-arm-none-eabi/lib/gcc/arm-none-eabi/14.2.0/thumb/arm946e-s\libgcc.a(_arm_fixunsdfsi.o)
                0x020017e4                __aeabi_d2uiz
                0x020017e4                __fixunsdfsi
 .text          0x02001838       0xa0 C:/msys64/opt/wonderful/toolchain/gcc-arm-none-eabi/lib/gcc/arm-none-eabi/14.2.0/thumb/arm946e-s\libgcc.a(_arm_truncdfsf2.o)
                0x02001838                __truncdfsf2
                0x02001838                __aeabi_d2f
 .text          0x020018d8      0x250 C:/msys64/opt/wonderful/toolchain/gcc-arm-none-eabi/lib/gcc/arm-none-eabi/14.2.0/thumb/arm946e-s\libgcc.a(_arm_addsubsf3.o)
                0x020018d8                __aeabi_frsub
                0x020018e0                __subsf3
                0x020018e0                __aeabi_fsub
                0x020018e4                __aeabi_fadd
                0x020018e4                __addsf3
                0x02001a74                __aeabi_ui2f
                0x02001a74                __floatunsisf
                0x02001a7c                __aeabi_i2f
                0x02001a7c                __floatsisf
                0x02001a9c                __aeabi_ul2f
                0x02001a9c                __floatundisf
                0x02001aac                __aeabi_l2f
                0x02001aac                __floatdisf
 .text          0x02001b28      0x2f8 C:/msys64/opt/wonderful/toolchain/gcc-arm-none-eabi/lib/gcc/arm-none-eabi/14.2.0/thumb/arm946e-s\libgcc.a(_arm_muldivsf3.o)
                0x02001b28                __mulsf3
                0x02001b28                __aeabi_fmul
                0x02001cc0                __aeabi_fdiv
                0x02001cc0                __divsf3
 .text          0x02001e20       0xfc C:/msys64/opt/wonderful/toolchain/gcc-arm-none-eabi/lib/gcc/arm-none-eabi/14.2.0/thumb/arm946e-s\libgcc.a(_arm_cmpsf2.o)
                0x02001e20                __gesf2
                0x02001e20                __gtsf2
                0x02001e28                __lesf2
                0x02001e28                __ltsf2
                0x02001e30                __nesf2
                0x02001e30                __eqsf2
                0x02001e30                __cmpsf2
                0x02001e94                __aeabi_cfrcmple
                0x02001ea4                __aeabi_cfcmpeq
                0x02001ea4                __aeabi_cfcmple
                0x02001eb8                __aeabi_fcmpeq
                0x02001ecc                __aeabi_fcmplt
                0x02001ee0                __aeabi_fcmple
                0x02001ef4                __aeabi_fcmpge
                0x02001f08                __aeabi_fcmpgt
 .text          0x02001f1c       0x5c C:/msys64/opt/wonderful/toolchain/gcc-arm-none-eabi/lib/gcc/arm-none-eabi/14.2.0/thumb/arm946e-s\libgcc.a(_arm_fixsfsi.o)
                0x02001f1c                __aeabi_f2iz
                0x02001f1c                __fixsfsi
 .text          0x02001f78        0x8 C:/msys64/opt/wonderful/toolchain/gcc-arm-none-eabi/lib/gcc/arm-none-eabi/14.2.0/thumb/arm946e-s\libgcc.a(_clzsi2.o)
                0x02001f78                __clzsi2
 .text          0x02001f80       0x3c C:/msys64/opt/wonderful/toolchain/gcc-arm-none-eabi/lib/gcc/arm-none-eabi/14.2.0/thumb/arm946e-s\libgcc.a(_aeabi_uldivmod.o)
                0x02001f80                __aeabi_uldivmod
 .text          0x02001fbc       0x60 C:/msys64/opt/wonderful/toolchain/gcc-arm-none-eabi/lib/gcc/arm-none-eabi/14.2.0/thumb/arm946e-s\libgcc.a(_muldi3.o)
                0x02001fbc                __muldi3
                0x02001fbc                __aeabi_lmul
 .text          0x0200201c      0x198 C:/msys64/opt/wonderful/toolchain/gcc-arm-none-eabi/lib/gcc/arm-none-eabi/14.2.0/thumb/arm946e-s\libgcc.a(_udivmoddi4.o)
                0x0200201c                __udivmoddi4
 .text          0x020021b4       0x14 C:/msys64/opt/wonderful/toolchain/gcc-arm-none-eabi/lib/gcc/arm-none-eabi/14.2.0/thumb/arm946e-s\libgcc.a(_clzdi2.o)
                0x020021b4                __clzdi2
 *(EXCLUDE_FILE(*.twl* *.itcm*) .stub)
 *(EXCLUDE_FILE(*.twl* *.itcm*) .text.*)
 .text.dmaCopy  0x020021c8       0x24 build/SillyCatPrototype/source/main.cpp.o
 .text._Z16angleCalculationv
                0x020021ec      0x170 build/SillyCatPrototype/source/main.cpp.o
                0x020021ec                angleCalculation()
 .text._Z14graphicsUpdatev
                0x0200235c      0x2f8 build/SillyCatPrototype/source/main.cpp.o
                0x0200235c                graphicsUpdate()
 .text._Z10levelSetup10sceneClass
                0x02002654      0x5ec build/SillyCatPrototype/source/main.cpp.o
                0x02002654                levelSetup(sceneClass)
 .text.startup.main
                0x02002c40      0x3b4 build/SillyCatPrototype/source/main.cpp.o
                0x02002c40                main
 .text.swiWaitForVBlank
                0x02002ff4       0x78 C:/msys64/opt/wonderful/thirdparty/blocksds/core/libs/libnds/lib\libnds9.a(IntrWait.s.o)
                0x02002ff4                swiWaitForVBlank
                0x02002ffc                swiIntrWait
 .text.__libnds_mpu_setup
                0x0200306c      0x1c4 C:/msys64/opt/wonderful/thirdparty/blocksds/core/libs/libnds/lib\libnds9.a(mpu_setup.s.o)
                0x0200306c                __libnds_mpu_setup
 .text.CP15_MPUDisable
                0x02003230       0x3c C:/msys64/opt/wonderful/thirdparty/blocksds/core/libs/libnds/lib\libnds9.a(mpu_setup.s.o)
                0x02003230                CP15_MPUDisable
 .text.memUncached
                0x0200326c       0x20 C:/msys64/opt/wonderful/thirdparty/blocksds/core/libs/libnds/lib\libnds9.a(mpu_setup.s.o)
                0x0200326c                memUncached
 .text.dmaSetParams
                0x0200328c       0x1c C:/msys64/opt/wonderful/thirdparty/blocksds/core/libs/libnds/lib\libnds9.a(dma.s.o)
                0x0200328c                dmaSetParams
 .text.build_argv
                0x020032a8       0x58 C:/msys64/opt/wonderful/thirdparty/blocksds/core/libs/libnds/lib\libnds9.a(crt0_argv.c.o)
                0x020032a8                build_argv
 .text.__sassert
                0x02003300       0x94 C:/msys64/opt/wonderful/thirdparty/blocksds/core/libs/libnds/lib\libnds9.a(sassert.c.o)
                0x02003300                __sassert
 .text.initSystem
                0x02003394      0x184 C:/msys64/opt/wonderful/thirdparty/blocksds/core/libs/libnds/lib\libnds9.a(initSystem.c.o)
                0x02003394                initSystem
 .text.scanKeys
                0x02003518       0xc0 C:/msys64/opt/wonderful/thirdparty/blocksds/core/libs/libnds/lib\libnds9.a(keys.c.o)
                0x02003518                scanKeys
 .text.keysHeld
                0x020035d8        0xc C:/msys64/opt/wonderful/thirdparty/blocksds/core/libs/libnds/lib\libnds9.a(keys.c.o)
                0x020035d8                keysHeld
 .text.touchRead
                0x020035e4       0x24 C:/msys64/opt/wonderful/thirdparty/blocksds/core/libs/libnds/lib\libnds9.a(keys.c.o)
                0x020035e4                touchRead
 .text.setTransferInputData
                0x02003608       0x20 C:/msys64/opt/wonderful/thirdparty/blocksds/core/libs/libnds/lib\libnds9.a(keys.c.o)
                0x02003608                setTransferInputData
 .text.systemValueHandler
                0x02003628       0xc8 C:/msys64/opt/wonderful/thirdparty/blocksds/core/libs/libnds/lib\libnds9.a(system.c.o)
                0x02003628                systemValueHandler
 .text.systemMsgHandler
                0x020036f0       0x2c C:/msys64/opt/wonderful/thirdparty/blocksds/core/libs/libnds/lib\libnds9.a(system.c.o)
                0x020036f0                systemMsgHandler
 .text.powerOn  0x0200371c       0x2c C:/msys64/opt/wonderful/thirdparty/blocksds/core/libs/libnds/lib\libnds9.a(system.c.o)
                0x0200371c                powerOn
 .text.checkIfText
                0x02003748       0x6c C:/msys64/opt/wonderful/thirdparty/blocksds/core/libs/libnds/lib\libnds9.a(background.c.o)
                0x02003748                checkIfText
 .text.bgUpdate
                0x020037b4       0xf4 C:/msys64/opt/wonderful/thirdparty/blocksds/core/libs/libnds/lib\libnds9.a(background.c.o)
                0x020037b4                bgUpdate
 .text.bgInit_call
                0x020038a8       0xb0 C:/msys64/opt/wonderful/thirdparty/blocksds/core/libs/libnds/lib\libnds9.a(background.c.o)
                0x020038a8                bgInit_call
 .text.bgInitSub_call
                0x02003958       0xb8 C:/msys64/opt/wonderful/thirdparty/blocksds/core/libs/libnds/lib\libnds9.a(background.c.o)
                0x02003958                bgInitSub_call
 .text.oamInit  0x02003a10      0x100 C:/msys64/opt/wonderful/thirdparty/blocksds/core/libs/libnds/lib\libnds9.a(sprite.c.o)
                0x02003a10                oamInit
 .text.oamGetGfxPtr
                0x02003b10       0x38 C:/msys64/opt/wonderful/thirdparty/blocksds/core/libs/libnds/lib\libnds9.a(sprite.c.o)
                0x02003b10                oamGetGfxPtr
 .text.oamGfxPtrToOffset
                0x02003b48       0x34 C:/msys64/opt/wonderful/thirdparty/blocksds/core/libs/libnds/lib\libnds9.a(sprite.c.o)
                0x02003b48                oamGfxPtrToOffset
 .text.oamSet   0x02003b7c      0x114 C:/msys64/opt/wonderful/thirdparty/blocksds/core/libs/libnds/lib\libnds9.a(sprite.c.o)
                0x02003b7c                oamSet
 .text.oamUpdate
                0x02003c90       0x50 C:/msys64/opt/wonderful/thirdparty/blocksds/core/libs/libnds/lib\libnds9.a(sprite.c.o)
                0x02003c90                oamUpdate
 .text.oamRotateScale
                0x02003ce0       0x4c C:/msys64/opt/wonderful/thirdparty/blocksds/core/libs/libnds/lib\libnds9.a(sprite.c.o)
                0x02003ce0                oamRotateScale
 .text.oamAllocReset
                0x02003d2c       0x1c C:/msys64/opt/wonderful/thirdparty/blocksds/core/libs/libnds/lib\libnds9.a(sprite_alloc.c.o)
                0x02003d2c                oamAllocReset
 .text.oamAllocateGfx
                0x02003d48      0x570 C:/msys64/opt/wonderful/thirdparty/blocksds/core/libs/libnds/lib\libnds9.a(sprite_alloc.c.o)
                0x02003d48                oamAllocateGfx
 .text.vramSetPrimaryBanks
                0x020042b8       0x44 C:/msys64/opt/wonderful/thirdparty/blocksds/core/libs/libnds/lib\libnds9.a(video.c.o)
                0x020042b8                vramSetPrimaryBanks
 .text.setBrightness
                0x020042fc       0x40 C:/msys64/opt/wonderful/thirdparty/blocksds/core/libs/libnds/lib\libnds9.a(video.c.o)
                0x020042fc                setBrightness
 .text.vramDefault
                0x0200433c       0xe4 C:/msys64/opt/wonderful/thirdparty/blocksds/core/libs/libnds/lib\libnds9.a(video.c.o)
                0x0200433c                vramDefault
 .text.cothread_delete_internal
                0x02004420       0x3c C:/msys64/opt/wonderful/thirdparty/blocksds/core/libs/libnds/lib\libnds9.a(threads.c.o)
 .text.cothread_main
                0x0200445c       0x18 C:/msys64/opt/wonderful/thirdparty/blocksds/core/libs/libnds/lib\libnds9.a(threads.c.o)
                0x0200445c                cothread_main
 .text.cothread_yield
                0x02004474       0x14 C:/msys64/opt/wonderful/thirdparty/blocksds/core/libs/libnds/lib\libnds9.a(threads.c.o)
                0x02004474                cothread_yield
 .text.cothread_start
                0x02004488      0x12c C:/msys64/opt/wonderful/thirdparty/blocksds/core/libs/libnds/lib\libnds9.a(threads.c.o)
                0x02004488                cothread_start
 .text.fifo_buffer_enqueue_block
                0x020045b4       0x3c C:/msys64/opt/wonderful/thirdparty/blocksds/core/libs/libnds/lib\libnds9.a(fifosystem.c.o)
 .text.fifo_buffer_wait_block
                0x020045f0       0x7c C:/msys64/opt/wonderful/thirdparty/blocksds/core/libs/libnds/lib\libnds9.a(fifosystem.c.o)
 .text.fifoInternalSend.part.0
                0x0200466c       0xc4 C:/msys64/opt/wonderful/thirdparty/blocksds/core/libs/libnds/lib\libnds9.a(fifosystem.c.o)
 .text.fifoInternalSendInterrupt
                0x02004730       0xb0 C:/msys64/opt/wonderful/thirdparty/blocksds/core/libs/libnds/lib\libnds9.a(fifosystem.c.o)
 .text.fifoSetValue32Handler
                0x020047e0       0xd4 C:/msys64/opt/wonderful/thirdparty/blocksds/core/libs/libnds/lib\libnds9.a(fifosystem.c.o)
                0x020047e0                fifoSetValue32Handler
 .text.fifoSendValue32
                0x020048b4       0x54 C:/msys64/opt/wonderful/thirdparty/blocksds/core/libs/libnds/lib\libnds9.a(fifosystem.c.o)
                0x020048b4                fifoSendValue32
 .text.fifoGetDatamsg
                0x02004908       0xe8 C:/msys64/opt/wonderful/thirdparty/blocksds/core/libs/libnds/lib\libnds9.a(fifosystem.c.o)
                0x02004908                fifoGetDatamsg
 .text.fifoInternalRecvInterrupt
                0x020049f0      0x30c C:/msys64/opt/wonderful/thirdparty/blocksds/core/libs/libnds/lib\libnds9.a(fifosystem.c.o)
 .text.fifoSetDatamsgHandler
                0x02004cfc       0x9c C:/msys64/opt/wonderful/thirdparty/blocksds/core/libs/libnds/lib\libnds9.a(fifosystem.c.o)
                0x02004cfc                fifoSetDatamsgHandler
 .text.fifoInit
                0x02004d98      0x114 C:/msys64/opt/wonderful/thirdparty/blocksds/core/libs/libnds/lib\libnds9.a(fifosystem.c.o)
                0x02004d98                fifoInit
 .text.irqDummy
                0x02004eac        0x4 C:/msys64/opt/wonderful/thirdparty/blocksds/core/libs/libnds/lib\libnds9.a(interrupts.c.o)
                0x02004eac                irqDummy
 .text.irqSet   0x02004eb0       0x9c C:/msys64/opt/wonderful/thirdparty/blocksds/core/libs/libnds/lib\libnds9.a(interrupts.c.o)
                0x02004eb0                irqSet
 .text.irqInit  0x02004f4c       0x4c C:/msys64/opt/wonderful/thirdparty/blocksds/core/libs/libnds/lib\libnds9.a(interrupts.c.o)
                0x02004f4c                irqInit
 .text.irqEnable
                0x02004f98       0x64 C:/msys64/opt/wonderful/thirdparty/blocksds/core/libs/libnds/lib\libnds9.a(interrupts.c.o)
                0x02004f98                irqEnable
 .text.systemErrorExit
                0x02004ffc        0x4 C:/msys64/opt/wonderful/thirdparty/blocksds/core/libs/libnds/lib\libnds9.a(exit.c.o)
                0x02004ffc                systemErrorExit
 .text.__libnds_exit
                0x02005000        0x8 C:/msys64/opt/wonderful/thirdparty/blocksds/core/libs/libnds/lib\libnds9.a(exit.c.o)
                0x02005000                __libnds_exit
 .text._exit    0x02005008       0x78 C:/msys64/opt/wonderful/thirdparty/blocksds/core/libs/libnds/lib\libnds9.a(exit.c.o)
                0x02005008                _exit
 .text.__retarget_lock_acquire_recursive
                0x02005080       0x40 C:/msys64/opt/wonderful/thirdparty/blocksds/core/libs/libnds/lib\libnds9.a(locks.c.o)
                0x02005080                __retarget_lock_acquire_recursive
 .text.__retarget_lock_release_recursive
                0x020050c0       0x4c C:/msys64/opt/wonderful/thirdparty/blocksds/core/libs/libnds/lib\libnds9.a(locks.c.o)
                0x020050c0                __retarget_lock_release_recursive
 .text.sbrk     0x0200510c       0x44 C:/msys64/opt/wonderful/thirdparty/blocksds/core/libs/libnds/lib\libnds9.a(sbrk.c.o)
                0x0200510c                sbrk
 .text.__ndsabi_coro_make_noctx
                0x02005150       0x24 C:/msys64/opt/wonderful/thirdparty/blocksds/core/libs/libnds/lib\libnds9.a(coroutine.c.o)
                0x02005150                __ndsabi_coro_make_noctx
 .text.CP15_FlushICache
                0x02005174        0xc C:/msys64/opt/wonderful/thirdparty/blocksds/core/libs/libnds/lib\libnds9.a(cp15.s.o)
                0x02005174                CP15_FlushICache
 .text.CP15_FlushDCache
                0x02005180        0xc C:/msys64/opt/wonderful/thirdparty/blocksds/core/libs/libnds/lib\libnds9.a(cp15.s.o)
                0x02005180                CP15_FlushDCache
 .text.CP15_WaitForInterrupt
                0x0200518c        0xc C:/msys64/opt/wonderful/thirdparty/blocksds/core/libs/libnds/lib\libnds9.a(cp15.s.o)
                0x0200518c                CP15_WaitForInterrupt
 .text.CP15_CleanAndFlushDCache
                0x02005198       0x34 C:/msys64/opt/wonderful/thirdparty/blocksds/core/libs/libnds/lib\libnds9.a(cp15.s.o)
                0x02005198                CP15_CleanAndFlushDCache
 .text.__aeabi_read_tp
                0x020051cc        0xc C:/msys64/opt/wonderful/thirdparty/blocksds/core/libs/libnds/lib\libnds9.a(aeabi_read_tp.s.o)
                0x020051cc                __aeabi_read_tp
 .text.__ndsabi_coro_resume
                0x020051d8       0x18 C:/msys64/opt/wonderful/thirdparty/blocksds/core/libs/libnds/lib\libnds9.a(coroutine.s.o)
                0x020051d8                __ndsabi_coro_resume
 .text.__ndsabi_coro_yield
                0x020051f0       0x1c C:/msys64/opt/wonderful/thirdparty/blocksds/core/libs/libnds/lib\libnds9.a(coroutine.s.o)
                0x020051f0                __ndsabi_coro_yield
 .text.__ndsabi_coro_pop_noctx
                0x0200520c       0x34 C:/msys64/opt/wonderful/thirdparty/blocksds/core/libs/libnds/lib\libnds9.a(coroutine.s.o)
                0x0200520c                __ndsabi_coro_pop_noctx
 .text.__aeabi_memcpy
                0x02005240       0xc8 C:/msys64/opt/wonderful/thirdparty/blocksds/core/libs/libnds/lib\libnds9.a(memcpy.s.o)
                0x02005240                __aeabi_memcpy
                0x02005278                __aeabi_memcpy4
                0x02005278                __aeabi_memcpy8
                0x020052e4                __ndsabi_memcpy2
 .text.__ndsabi_memcpy1
                0x02005308       0x14 C:/msys64/opt/wonderful/thirdparty/blocksds/core/libs/libnds/lib\libnds9.a(memcpy.s.o)
                0x02005308                __ndsabi_memcpy1
 .text.memcpy   0x0200531c       0x10 C:/msys64/opt/wonderful/thirdparty/blocksds/core/libs/libnds/lib\libnds9.a(memcpy.s.o)
                0x0200531c                memcpy
 .text.__aeabi_memset
                0x0200532c       0x9c C:/msys64/opt/wonderful/thirdparty/blocksds/core/libs/libnds/lib\libnds9.a(memset.s.o)
                0x0200532c                __aeabi_memset
                0x02005350                __aeabi_memset8
                0x02005350                __aeabi_memset4
                0x0200535c                __ndsabi_wordset4
                0x02005360                __ndsabi_lwordset4
 .text.__ndsabi_memset1
                0x020053c8       0x10 C:/msys64/opt/wonderful/thirdparty/blocksds/core/libs/libnds/lib\libnds9.a(memset.s.o)
                0x020053c8                __ndsabi_memset1
 .text.memset   0x020053d8       0x1c C:/msys64/opt/wonderful/thirdparty/blocksds/core/libs/libnds/lib\libnds9.a(memset.s.o)
                0x020053d8                memset
 .text.newRow   0x020053f4       0x88 C:/msys64/opt/wonderful/thirdparty/blocksds/core/libs/libnds/lib\libnds9.a(console.c.o)
 .text.consolePrintChar.part.0
                0x0200547c      0x100 C:/msys64/opt/wonderful/thirdparty/blocksds/core/libs/libnds/lib\libnds9.a(console.c.o)
 .text.consolePrintChar
                0x0200557c       0x2c C:/msys64/opt/wonderful/thirdparty/blocksds/core/libs/libnds/lib\libnds9.a(console.c.o)
                0x0200557c                consolePrintChar
 .text.con_write
                0x020055a8      0x33c C:/msys64/opt/wonderful/thirdparty/blocksds/core/libs/libnds/lib\libnds9.a(console.c.o)
 .text.consoleLoadFont
                0x020058e4      0x268 C:/msys64/opt/wonderful/thirdparty/blocksds/core/libs/libnds/lib\libnds9.a(console.c.o)
                0x020058e4                consoleLoadFont
 .text.consoleInitEx
                0x02005b4c      0x1b8 C:/msys64/opt/wonderful/thirdparty/blocksds/core/libs/libnds/lib\libnds9.a(console.c.o)
                0x02005b4c                consoleInitEx
 .text.consoleDemoInit
                0x02005d04       0x48 C:/msys64/opt/wonderful/thirdparty/blocksds/core/libs/libnds/lib\libnds9.a(console.c.o)
                0x02005d04                consoleDemoInit
 .text.consoleSetCursor
                0x02005d4c       0x24 C:/msys64/opt/wonderful/thirdparty/blocksds/core/libs/libnds/lib\libnds9.a(console.c.o)
                0x02005d4c                consoleSetCursor
 .text.consoleSetColor
                0x02005d70       0x18 C:/msys64/opt/wonderful/thirdparty/blocksds/core/libs/libnds/lib\libnds9.a(console.c.o)
                0x02005d70                consoleSetColor
 .text.consoleArm7Flush
                0x02005d88       0x98 C:/msys64/opt/wonderful/thirdparty/blocksds/core/libs/libnds/lib\libnds9.a(console.c.o)
                0x02005d88                consoleArm7Flush
 .text.putc_buffered
                0x02005e20       0x98 C:/msys64/opt/wonderful/thirdparty/blocksds/core/libs/libnds/lib\libnds9.a(iob.c.o)
 .text.stderr_putc_buffered
                0x02005eb8       0x20 C:/msys64/opt/wonderful/thirdparty/blocksds/core/libs/libnds/lib\libnds9.a(iob.c.o)
 .text.stdout_putc_buffered
                0x02005ed8       0x40 C:/msys64/opt/wonderful/thirdparty/blocksds/core/libs/libnds/lib\libnds9.a(iob.c.o)
 .text.releaseCrashHandler
                0x02005f18       0x78 C:/msys64/opt/wonderful/thirdparty/blocksds/core/libs/libnds/lib\libnds9.a(exceptions.c.o)
 .text.exceptionStatePrint
                0x02005f90       0xec C:/msys64/opt/wonderful/thirdparty/blocksds/core/libs/libnds/lib\libnds9.a(exceptions.c.o)
                0x02005f90                exceptionStatePrint
 .text.releaseExceptionHandler
                0x0200607c       0x10 C:/msys64/opt/wonderful/thirdparty/blocksds/core/libs/libnds/lib\libnds9.a(exceptions.c.o)
                0x0200607c                releaseExceptionHandler
 .text.sinLutLookup
                0x0200608c       0x4c C:/msys64/opt/wonderful/thirdparty/blocksds/core/libs/libnds/lib\libnds9.a(trig.c.o)
                0x0200608c                sinLutLookup
 .text.sinLerp  0x020060d8       0x38 C:/msys64/opt/wonderful/thirdparty/blocksds/core/libs/libnds/lib\libnds9.a(trig.c.o)
                0x020060d8                sinLerp
 .text.cosLerp  0x02006110       0x48 C:/msys64/opt/wonderful/thirdparty/blocksds/core/libs/libnds/lib\libnds9.a(trig.c.o)
                0x02006110                cosLerp
 .text.setExceptionHandler
                0x02006158       0x18 C:/msys64/opt/wonderful/thirdparty/blocksds/core/libs/libnds/lib\libnds9.a(exceptions.c.o)
                0x02006158                setExceptionHandler
 .text.libndsCrash
                0x02006170        0xc C:/msys64/opt/wonderful/thirdparty/blocksds/core/libs/libnds/lib\libnds9.a(exceptions.c.o)
                0x02006170                libndsCrash
 .text.getCPSR  0x0200617c        0x8 C:/msys64/opt/wonderful/thirdparty/blocksds/core/libs/libnds/lib\libnds9.a(cpu.s.o)
                0x0200617c                getCPSR
 .text.enterException
                0x02006184       0xd4 C:/msys64/opt/wonderful/thirdparty/blocksds/core/libs/libnds/lib\libnds9.a(exceptionHandler.s.o)
                0x02006184                enterException
                0x020061f8                exceptionC
                0x020061fc                exceptionStack
                0x02006200                exceptionRegisters
 .text.malloc_trim
                0x02006258       0x9c C:/msys64/opt/wonderful/toolchain/gcc-arm-none-eabi/lib/gcc/arm-none-eabi/14.2.0/../../../../arm-none-eabi/lib/thumb/arm946e-s\libc.a(malloc-free.c.o)
                0x02006258                malloc_trim
 .text.free     0x020062f4      0x164 C:/msys64/opt/wonderful/toolchain/gcc-arm-none-eabi/lib/gcc/arm-none-eabi/14.2.0/../../../../arm-none-eabi/lib/thumb/arm946e-s\libc.a(malloc-free.c.o)
                0x020062f4                free
                0x020062f4                __malloc_free
 .text.malloc   0x02006458      0x434 C:/msys64/opt/wonderful/toolchain/gcc-arm-none-eabi/lib/gcc/arm-none-eabi/14.2.0/../../../../arm-none-eabi/lib/thumb/arm946e-s\libc.a(malloc-malloc.c.o)
                0x02006458                malloc
 .text.realloc  0x0200688c      0x364 C:/msys64/opt/wonderful/toolchain/gcc-arm-none-eabi/lib/gcc/arm-none-eabi/14.2.0/../../../../arm-none-eabi/lib/thumb/arm946e-s\libc.a(malloc-realloc.c.o)
                0x0200688c                realloc
 .text.__libc_init_array
                0x02006bf0       0x54 C:/msys64/opt/wonderful/toolchain/gcc-arm-none-eabi/lib/gcc/arm-none-eabi/14.2.0/../../../../arm-none-eabi/lib/thumb/arm946e-s\libc.a(libc_misc_init.c.o)
                0x02006bf0                __libc_init_array
 .text.exit     0x02006c44       0x20 C:/msys64/opt/wonderful/toolchain/gcc-arm-none-eabi/lib/gcc/arm-none-eabi/14.2.0/../../../../arm-none-eabi/lib/thumb/arm946e-s\libc.a(libc_stdlib_pico-exit.c.o)
                0x02006c44                exit
 .text.fflush   0x02006c64       0x12 C:/msys64/opt/wonderful/toolchain/gcc-arm-none-eabi/lib/gcc/arm-none-eabi/14.2.0/../../../../arm-none-eabi/lib/thumb/arm946e-s\libc.a(libc_tinystdio_fflush.c.o)
                0x02006c64                fflush
 *fill*         0x02006c76        0x2 ff
 .text.printf   0x02006c78       0x20 C:/msys64/opt/wonderful/toolchain/gcc-arm-none-eabi/lib/gcc/arm-none-eabi/14.2.0/../../../../arm-none-eabi/lib/thumb/arm946e-s\libc.a(libc_tinystdio_printf.c.o)
                0x02006c78                printf
 .text.putchar  0x02006c98       0x10 C:/msys64/opt/wonderful/toolchain/gcc-arm-none-eabi/lib/gcc/arm-none-eabi/14.2.0/../../../../arm-none-eabi/lib/thumb/arm946e-s\libc.a(libc_tinystdio_putchar.c.o)
                0x02006c98                putchar_unlocked
                0x02006c98                putchar
 .text.puts     0x02006ca8       0x40 C:/msys64/opt/wonderful/toolchain/gcc-arm-none-eabi/lib/gcc/arm-none-eabi/14.2.0/../../../../arm-none-eabi/lib/thumb/arm946e-s\libc.a(libc_tinystdio_puts.c.o)
                0x02006ca8                puts
 .text.setvbuf  0x02006ce8       0x18 C:/msys64/opt/wonderful/toolchain/gcc-arm-none-eabi/lib/gcc/arm-none-eabi/14.2.0/../../../../arm-none-eabi/lib/thumb/arm946e-s\libc.a(libc_tinystdio_setvbuf.c.o)
                0x02006ce8                setvbuf
 .text.__ultoa_invert
                0x02006d00       0x52 C:/msys64/opt/wonderful/toolchain/gcc-arm-none-eabi/lib/gcc/arm-none-eabi/14.2.0/../../../../arm-none-eabi/lib/thumb/arm946e-s\libc.a(libc_tinystdio_vfprintf.c.o)
 *fill*         0x02006d52        0x2 ff
 .text.skip_to_arg
                0x02006d54      0x13c C:/msys64/opt/wonderful/toolchain/gcc-arm-none-eabi/lib/gcc/arm-none-eabi/14.2.0/../../../../arm-none-eabi/lib/thumb/arm946e-s\libc.a(libc_tinystdio_vfprintf.c.o)
 .text.vfprintf
                0x02006e90      0x9b4 C:/msys64/opt/wonderful/toolchain/gcc-arm-none-eabi/lib/gcc/arm-none-eabi/14.2.0/../../../../arm-none-eabi/lib/thumb/arm946e-s\libc.a(libc_tinystdio_vfprintf.c.o)
                0x02006e90                vfprintf
                0x02006e90                __d_vfprintf
 .text.vprintf  0x02007844       0x14 C:/msys64/opt/wonderful/toolchain/gcc-arm-none-eabi/lib/gcc/arm-none-eabi/14.2.0/../../../../arm-none-eabi/lib/thumb/arm946e-s\libc.a(libc_tinystdio_vprintf.c.o)
                0x02007844                vprintf
 .text.mulShiftAll64
                0x02007858      0x208 C:/msys64/opt/wonderful/toolchain/gcc-arm-none-eabi/lib/gcc/arm-none-eabi/14.2.0/../../../../arm-none-eabi/lib/thumb/arm946e-s\libc.a(libc_tinystdio_dtoa_ryu.c.o)
 .text.div10    0x02007a60       0x28 C:/msys64/opt/wonderful/toolchain/gcc-arm-none-eabi/lib/gcc/arm-none-eabi/14.2.0/../../../../arm-none-eabi/lib/thumb/arm946e-s\libc.a(libc_tinystdio_dtoa_ryu.c.o)
 .text.__dtoa_engine
                0x02007a88      0x4a0 C:/msys64/opt/wonderful/toolchain/gcc-arm-none-eabi/lib/gcc/arm-none-eabi/14.2.0/../../../../arm-none-eabi/lib/thumb/arm946e-s\libc.a(libc_tinystdio_dtoa_ryu.c.o)
                0x02007a88                __dtoa_engine
 .text.__log10Pow2
                0x02007f28        0xc C:/msys64/opt/wonderful/toolchain/gcc-arm-none-eabi/lib/gcc/arm-none-eabi/14.2.0/../../../../arm-none-eabi/lib/thumb/arm946e-s\libc.a(libc_tinystdio_ryu_log10.c.o)
                0x02007f28                __log10Pow2
 .text.__log10Pow5
                0x02007f34        0xc C:/msys64/opt/wonderful/toolchain/gcc-arm-none-eabi/lib/gcc/arm-none-eabi/14.2.0/../../../../arm-none-eabi/lib/thumb/arm946e-s\libc.a(libc_tinystdio_ryu_log10.c.o)
                0x02007f34                __log10Pow5
 .text.__pow5bits
                0x02007f40       0x10 C:/msys64/opt/wonderful/toolchain/gcc-arm-none-eabi/lib/gcc/arm-none-eabi/14.2.0/../../../../arm-none-eabi/lib/thumb/arm946e-s\libc.a(libc_tinystdio_ryu_pow5bits.c.o)
                0x02007f40                __pow5bits
 .text.__pow5Factor
                0x02007f50       0x2c C:/msys64/opt/wonderful/toolchain/gcc-arm-none-eabi/lib/gcc/arm-none-eabi/14.2.0/../../../../arm-none-eabi/lib/thumb/arm946e-s\libc.a(libc_tinystdio_ryu_table.c.o)
                0x02007f50                __pow5Factor
 .text.__double_computePow5
                0x02007f7c      0x104 C:/msys64/opt/wonderful/toolchain/gcc-arm-none-eabi/lib/gcc/arm-none-eabi/14.2.0/../../../../arm-none-eabi/lib/thumb/arm946e-s\libc.a(libc_tinystdio_ryu_table.c.o)
                0x02007f7c                __double_computePow5
 .text.__double_computeInvPow5
                0x02008080      0x100 C:/msys64/opt/wonderful/toolchain/gcc-arm-none-eabi/lib/gcc/arm-none-eabi/14.2.0/../../../../arm-none-eabi/lib/thumb/arm946e-s\libc.a(libc_tinystdio_ryu_table.c.o)
                0x02008080                __double_computeInvPow5
 .text.__umul128
                0x02008180       0x6a C:/msys64/opt/wonderful/toolchain/gcc-arm-none-eabi/lib/gcc/arm-none-eabi/14.2.0/../../../../arm-none-eabi/lib/thumb/arm946e-s\libc.a(libc_tinystdio_ryu_umul128.c.o)
                0x02008180                __umul128
 .text.__shiftright128
                0x020081ea       0x28 C:/msys64/opt/wonderful/toolchain/gcc-arm-none-eabi/lib/gcc/arm-none-eabi/14.2.0/../../../../arm-none-eabi/lib/thumb/arm946e-s\libc.a(libc_tinystdio_ryu_umul128.c.o)
                0x020081ea                __shiftright128
 *fill*         0x02008212        0x2 ff
 .text.acos     0x02008214      0x3e8 C:/msys64/opt/wonderful/toolchain/gcc-arm-none-eabi/lib/gcc/arm-none-eabi/14.2.0/../../../../arm-none-eabi/lib/thumb/arm946e-s\libc.a(libm_math_s_acos.c.o)
                0x02008214                acos
                0x02008214                acosl
 .text.__math_invalid
                0x020085fc       0x10 C:/msys64/opt/wonderful/toolchain/gcc-arm-none-eabi/lib/gcc/arm-none-eabi/14.2.0/../../../../arm-none-eabi/lib/thumb/arm946e-s\libc.a(libm_common_math_err_invalid.c.o)
                0x020085fc                __math_invalid
 .text.memmove  0x0200860c       0x24 C:/msys64/opt/wonderful/toolchain/gcc-arm-none-eabi/lib/gcc/arm-none-eabi/14.2.0/../../../../arm-none-eabi/lib/thumb/arm946e-s\libc.a(memmove.c.o)
                0x0200860c                __aeabi_memmove8
                0x0200860c                __aeabi_memmove
                0x0200860c                __aeabi_memmove4
                0x0200860c                memmove
 .text.__libc_fini_array
                0x02008630       0x30 C:/msys64/opt/wonderful/toolchain/gcc-arm-none-eabi/lib/gcc/arm-none-eabi/14.2.0/../../../../arm-none-eabi/lib/thumb/arm946e-s\libc.a(libc_misc_fini.c.o)
                0x02008630                __libc_fini_array
 .text.strnlen  0x02008660       0x16 C:/msys64/opt/wonderful/toolchain/gcc-arm-none-eabi/lib/gcc/arm-none-eabi/14.2.0/../../../../arm-none-eabi/lib/thumb/arm946e-s\libc.a(libc_string_strnlen.c.o)
                0x02008660                strnlen
 *fill*         0x02008676        0x2 ff
 .text.__dtox_engine
                0x02008678      0x13c C:/msys64/opt/wonderful/toolchain/gcc-arm-none-eabi/lib/gcc/arm-none-eabi/14.2.0/../../../../arm-none-eabi/lib/thumb/arm946e-s\libc.a(libc_tinystdio_dtox_engine.c.o)
                0x02008678                __dtox_engine
 .text.fputc    0x020087b4       0x2c C:/msys64/opt/wonderful/toolchain/gcc-arm-none-eabi/lib/gcc/arm-none-eabi/14.2.0/../../../../arm-none-eabi/lib/thumb/arm946e-s\libc.a(libc_tinystdio_fputc.c.o)
                0x020087b4                putc
                0x020087b4                fputc
                0x020087b4                putc_unlocked
 .text.sqrt     0x020087e0      0x164 C:/msys64/opt/wonderful/toolchain/gcc-arm-none-eabi/lib/gcc/arm-none-eabi/14.2.0/../../../../arm-none-eabi/lib/thumb/arm946e-s\libc.a(libm_machine_arm_s_sqrt.c.o)
                0x020087e0                sqrtl
                0x020087e0                sqrt
 .text.__fpclassifyd
                0x02008944       0x38 C:/msys64/opt/wonderful/toolchain/gcc-arm-none-eabi/lib/gcc/arm-none-eabi/14.2.0/../../../../arm-none-eabi/lib/thumb/arm946e-s\libc.a(libm_common_s_fpclassify.c.o)
                0x02008944                __fpclassifyd
                0x02008944                __fpclassifyl
 *fill*         0x0200897c        0x4 ff
 .text.__fpclassifyd.__stub
                0x02008980       0x20 linker stubs
 *(EXCLUDE_FILE(*.twl*) .gnu.warning)
 *(EXCLUDE_FILE(*.twl*) .gnu.linkonce.t*)
 *(.glue_7)
 .glue_7        0x020089a0        0x0 linker stubs
 *(.glue_7t)
 .glue_7t       0x020089a0        0x0 linker stubs
                0x020089a0                        . = ALIGN (0x4)

.vfp11_veneer   0x020089a0        0x0
 .vfp11_veneer  0x020089a0        0x0 linker stubs

.v4_bx          0x020089a0        0x0
 .v4_bx         0x020089a0        0x0 linker stubs

.iplt           0x020089a0        0x0
 .iplt          0x020089a0        0x0 C:/msys64/opt/wonderful/thirdparty/blocksds/core/sys/crts/ds_arm9_crt0.o

.fini           0x020089a0        0x8
 *(.fini)
 .fini          0x020089a0        0x8 C:/msys64/opt/wonderful/toolchain/gcc-arm-none-eabi/lib/gcc/arm-none-eabi/14.2.0/thumb/arm946e-s/crtn.o
                0x020089a8                        __text_end = .

.rodata         0x020089a8     0xf3d0
 *(EXCLUDE_FILE(*.twl*) .rodata)
 .rodata        0x020089a8      0x600 build/SillyCatPrototype/source/GoopObstacle.c.o
                0x020089a8                GoopObstacleTiles
                0x02008da8                GoopObstaclePal
 .rodata        0x02008fa8     0x62c0 build/SillyCatPrototype/source/L1R1.c.o
                0x02008fa8                L1R1Tiles
                0x0200b068                L1R1Map
                0x0200f068                L1R1Pal
 .rodata        0x0200f268     0x5f00 build/SillyCatPrototype/source/L1R2.c.o
                0x0200f268                L1R2Tiles
                0x02010f68                L1R2Map
                0x02014f68                L1R2Pal
 .rodata        0x02015168     0x1a00 build/SillyCatPrototype/source/LvSelect.c.o
                0x02015168                LvSelectTiles
                0x02016168                LvSelectMap
                0x02016968                LvSelectPal
 .rodata        0x02016b68      0x600 build/SillyCatPrototype/source/RunStartup.c.o
                0x02016b68                RunStartupTiles
                0x02016f68                RunStartupPal
 .rodata        0x02017168       0x40 C:/msys64/opt/wonderful/thirdparty/blocksds/core/libs/libnds/lib\libnds9.a(exceptions.c.o)
 .rodata        0x020171a8      0x338 C:/msys64/opt/wonderful/toolchain/gcc-arm-none-eabi/lib/gcc/arm-none-eabi/14.2.0/../../../../arm-none-eabi/lib/thumb/arm946e-s\libc.a(libc_tinystdio_ryu_table.c.o)
 *all.rodata*(*)
 *(EXCLUDE_FILE(*.twl*) .roda)
 *(EXCLUDE_FILE(*.twl*) .rodata.*)
 .rodata.bgInit.part.0.str1.4
                0x020174e0      0x2f4 build/SillyCatPrototype/source/main.cpp.o
                                 0xbf (size before relaxing)
 .rodata._Z10levelSetup10sceneClass.str1.4
                0x020177d4       0x54 build/SillyCatPrototype/source/main.cpp.o
 .rodata.main.str1.4
                0x020177d4       0x63 build/SillyCatPrototype/source/main.cpp.o
 .rodata.__sassert.str1.4
                0x020177d4       0x73 C:/msys64/opt/wonderful/thirdparty/blocksds/core/libs/libnds/lib\libnds9.a(sassert.c.o)
 .rodata.systemValueHandler.str1.4
                0x020177d4       0x2b C:/msys64/opt/wonderful/thirdparty/blocksds/core/libs/libnds/lib\libnds9.a(system.c.o)
 .rodata.systemValueHandler
                0x020177d4       0x10 C:/msys64/opt/wonderful/thirdparty/blocksds/core/libs/libnds/lib\libnds9.a(system.c.o)
 .rodata.bgTransform
                0x020177e4       0x20 C:/msys64/opt/wonderful/thirdparty/blocksds/core/libs/libnds/lib\libnds9.a(background.c.o)
                0x020177e4                bgTransform
 .rodata.bgScrollTable
                0x02017804       0x20 C:/msys64/opt/wonderful/thirdparty/blocksds/core/libs/libnds/lib\libnds9.a(background.c.o)
                0x02017804                bgScrollTable
 .rodata.bgControl
                0x02017824       0x20 C:/msys64/opt/wonderful/thirdparty/blocksds/core/libs/libnds/lib\libnds9.a(background.c.o)
                0x02017824                bgControl
 .rodata.__retarget_lock_release_recursive.str1.4
                0x02017844        0xd C:/msys64/opt/wonderful/thirdparty/blocksds/core/libs/libnds/lib\libnds9.a(locks.c.o)
 .rodata.con_write
                0x02017844      0x118 C:/msys64/opt/wonderful/thirdparty/blocksds/core/libs/libnds/lib\libnds9.a(console.c.o)
 .rodata.stderr
                0x0201795c        0x4 C:/msys64/opt/wonderful/thirdparty/blocksds/core/libs/libnds/lib\libnds9.a(iob.c.o)
                0x0201795c                stderr
 .rodata.stdout
                0x02017960        0x4 C:/msys64/opt/wonderful/thirdparty/blocksds/core/libs/libnds/lib\libnds9.a(iob.c.o)
                0x02017960                stdout
 .rodata.releaseCrashHandler.str1.4
                0x02017964       0x33 C:/msys64/opt/wonderful/thirdparty/blocksds/core/libs/libnds/lib\libnds9.a(exceptions.c.o)
 .rodata.exceptionStatePrint.str1.4
                0x02017964       0x54 C:/msys64/opt/wonderful/thirdparty/blocksds/core/libs/libnds/lib\libnds9.a(exceptions.c.o)
 .rodata.str1.4
                0x02017964       0x40 C:/msys64/opt/wonderful/thirdparty/blocksds/core/libs/libnds/lib\libnds9.a(exceptions.c.o)
 .rodata.SIN_LUT
                0x02017964      0x102 C:/msys64/opt/wonderful/thirdparty/blocksds/core/libs/libnds/lib\libnds9.a(trig.c.o)
                0x02017964                SIN_LUT
 *fill*         0x02017a66        0x2 ff
 .rodata.default_fontTiles
                0x02017a68      0x300 C:/msys64/opt/wonderful/thirdparty/blocksds/core/libs/libnds/lib\libnds9.a(default_font.png.o)
                0x02017a68                default_fontTiles
 .rodata.str1.1
                0x02017d68        0xf C:/msys64/opt/wonderful/toolchain/gcc-arm-none-eabi/lib/gcc/arm-none-eabi/14.2.0/../../../../arm-none-eabi/lib/thumb/arm946e-s\libc.a(libc_tinystdio_vfprintf.c.o)
 *(EXCLUDE_FILE(*.twl*) .gnu.linkonce.r*)
                0x02017d78                        . = ALIGN (0x4)
 *fill*         0x02017d77        0x1 ff

.ARM.extab
 *(.ARM.extab* .gnu.linkonce.armextab.*)
                0x02017d78                        __exidx_start = .

ARM.exidx       0x02017d78        0x8
 *(.ARM.exidx* .gnu.linkonce.armexidx.*)
 .ARM.exidx     0x02017d78        0x8 C:/msys64/opt/wonderful/toolchain/gcc-arm-none-eabi/lib/gcc/arm-none-eabi/14.2.0/thumb/arm946e-s\libgcc.a(_udivmoddi4.o)
                0x02017d80                        __exidx_end = .
                0x02017d80                        . = ALIGN (0x4)

.preinit_array  0x02017d80        0x0
                0x02017d80                        PROVIDE (__preinit_array_start = .)
 *(.preinit_array)
                0x02017d80                        PROVIDE (__preinit_array_end = .)

.init_array     0x02017d80        0x0
                0x02017d80                        PROVIDE (__init_array_start = .)
 *(SORT_BY_INIT_PRIORITY(.init_array.*) SORT_BY_INIT_PRIORITY(.ctors.*))
 *(.init_array EXCLUDE_FILE(*crtend?.o *crtend.o *crtbegin?.o *crtbegin.o) .ctors)
                0x02017d80                        PROVIDE (__init_array_end = .)

.fini_array     0x02017d80        0x0
                0x02017d80                        PROVIDE (__fini_array_start = .)
 *(SORT_BY_INIT_PRIORITY(.fini_array.*) SORT_BY_INIT_PRIORITY(.dtors.*))
 *(.fini_array EXCLUDE_FILE(*crtend?.o *crtend.o *crtbegin?.o *crtbegin.o) .dtors)
                0x02017d80                        PROVIDE (__fini_array_end = .)

.ctors          0x02017d80        0x0
 *crtbegin.o(.ctors)
 *crtbegin?.o(.ctors)
 *(EXCLUDE_FILE(*crtend?.o *crtend.o) .ctors)
 *(SORT_BY_NAME(.ctors.*))
 *(.ctors)
                0x02017d80                        . = ALIGN (0x4)

.dtors          0x02017d80        0x0
 *crtbegin.o(.dtors)
 *crtbegin?.o(.dtors)
 *(EXCLUDE_FILE(*crtend?.o *crtend.o) .dtors)
 *(SORT_BY_NAME(.dtors.*))
 *(.dtors)
                0x02017d80                        . = ALIGN (0x4)

.eh_frame       0x02017d80        0x4
 *(.eh_frame)
 .eh_frame      0x02017d80        0x4 C:/msys64/opt/wonderful/toolchain/gcc-arm-none-eabi/lib/gcc/arm-none-eabi/14.2.0/thumb/arm946e-s/crtend.o
                0x02017d84                        . = ALIGN (0x4)

.rel.dyn        0x02017d84        0x0
 .rel.iplt      0x02017d84        0x0 C:/msys64/opt/wonderful/thirdparty/blocksds/core/sys/crts/ds_arm9_crt0.o

.gcc_except_table
                0x02017d84        0x0
 *(.gcc_except_table .gcc_except_table.*)
                0x02017d84                        . = ALIGN (0x4)

.got            0x02017d84       0x10
 *(.got.plt)
 .got.plt       0x02017d84        0xc C:/msys64/opt/wonderful/thirdparty/blocksds/core/sys/crts/ds_arm9_crt0.o
                0x02017d84                _GLOBAL_OFFSET_TABLE_
 *(.got)
 .got           0x02017d90        0x4 C:/msys64/opt/wonderful/thirdparty/blocksds/core/sys/crts/ds_arm9_crt0.o
 *(.rel.got)
 .rel.got       0x02017d94        0x0 C:/msys64/opt/wonderful/thirdparty/blocksds/core/sys/crts/ds_arm9_crt0.o

.ewram          0x02017d94        0x0
                0x02017d94                        __ewram_start = ABSOLUTE (.)
 *(.ewram)
 *ewram.*(.text)
                0x02017d94                        . = ALIGN (0x4)

.data           0x02017d94      0x744
                0x02017d94                        __data_start = ABSOLUTE (.)
 *(EXCLUDE_FILE(*.twl*) .data)
 .data          0x02017d94       0x28 C:/msys64/opt/wonderful/thirdparty/blocksds/core/libs/libnds/lib\libnds9.a(mpu_setup.s.o)
 .data          0x02017dbc      0x410 C:/msys64/opt/wonderful/toolchain/gcc-arm-none-eabi/lib/gcc/arm-none-eabi/14.2.0/../../../../arm-none-eabi/lib/thumb/arm946e-s\libc.a(malloc-malloc.c.o)
                0x02017dbc                __malloc_sbrk_base
                0x02017dc0                __malloc_trim_threshold
                0x02017dc4                __malloc_av_
 *(EXCLUDE_FILE(*.twl*) .data.*)
 .data.L1R2size
                0x020181cc        0x4 build/SillyCatPrototype/source/main.cpp.o
                0x020181cc                L1R2size
 .data.L1R2     0x020181d0      0x100 build/SillyCatPrototype/source/main.cpp.o
                0x020181d0                L1R2
 .data.L1R1Obj  0x020182d0       0x58 build/SillyCatPrototype/source/main.cpp.o
                0x020182d0                L1R1Obj
 .data.L1R1size
                0x02018328        0x4 build/SillyCatPrototype/source/main.cpp.o
                0x02018328                L1R1size
 .data.L1R1     0x0201832c      0x100 build/SillyCatPrototype/source/main.cpp.o
                0x0201832c                L1R1
 .data.menuColSize
                0x0201842c        0x4 build/SillyCatPrototype/source/main.cpp.o
                0x0201842c                menuColSize
 .data.menuCol  0x02018430       0x30 build/SillyCatPrototype/source/main.cpp.o
                0x02018430                menuCol
 .data.bg_y     0x02018460        0x4 build/SillyCatPrototype/source/main.cpp.o
                0x02018460                bg_y
 .data.bg_x     0x02018464        0x4 build/SillyCatPrototype/source/main.cpp.o
                0x02018464                bg_x
 .data.cen_y    0x02018468        0x2 build/SillyCatPrototype/source/main.cpp.o
                0x02018468                cen_y
 .data.cen_x    0x0201846a        0x2 build/SillyCatPrototype/source/main.cpp.o
                0x0201846a                cen_x
 .data.scale    0x0201846c        0x4 build/SillyCatPrototype/source/main.cpp.o
                0x0201846c                scale
 .data.count    0x02018470        0x1 C:/msys64/opt/wonderful/thirdparty/blocksds/core/libs/libnds/lib\libnds9.a(keys.c.o)
 .data.repeat   0x02018471        0x1 C:/msys64/opt/wonderful/thirdparty/blocksds/core/libs/libnds/lib\libnds9.a(keys.c.o)
 .data.delay    0x02018472        0x1 C:/msys64/opt/wonderful/thirdparty/blocksds/core/libs/libnds/lib\libnds9.a(keys.c.o)
 *fill*         0x02018473        0x1 ff
 .data.latchedArm7Buttons
                0x02018474        0x2 C:/msys64/opt/wonderful/thirdparty/blocksds/core/libs/libnds/lib\libnds9.a(keys.c.o)
 .data.receivedArm7Buttons
                0x02018476        0x2 C:/msys64/opt/wonderful/thirdparty/blocksds/core/libs/libnds/lib\libnds9.a(keys.c.o)
 .data.oamSub   0x02018478       0x14 C:/msys64/opt/wonderful/thirdparty/blocksds/core/libs/libnds/lib\libnds9.a(sprite.c.o)
                0x02018478                oamSub
 .data.oamMain  0x0201848c       0x14 C:/msys64/opt/wonderful/thirdparty/blocksds/core/libs/libnds/lib\libnds9.a(sprite.c.o)
                0x0201848c                oamMain
 .data.fifo_freewords
                0x020184a0        0x4 C:/msys64/opt/wonderful/thirdparty/blocksds/core/libs/libnds/lib\libnds9.a(fifosystem.c.o)
 .data.fifo_receive_queue
                0x020184a4        0x4 C:/msys64/opt/wonderful/thirdparty/blocksds/core/libs/libnds/lib\libnds9.a(fifosystem.c.o)
 .data.fifo_send_queue
                0x020184a8        0x4 C:/msys64/opt/wonderful/thirdparty/blocksds/core/libs/libnds/lib\libnds9.a(fifosystem.c.o)
 .data.fifo_buffer_free
                0x020184ac        0x4 C:/msys64/opt/wonderful/thirdparty/blocksds/core/libs/libnds/lib\libnds9.a(fifosystem.c.o)
 .data.firstConsoleInit.0
                0x020184b0        0x1 C:/msys64/opt/wonderful/thirdparty/blocksds/core/libs/libnds/lib\libnds9.a(console.c.o)
 *fill*         0x020184b1        0x3 ff
 .data.currentConsole
                0x020184b4        0x4 C:/msys64/opt/wonderful/thirdparty/blocksds/core/libs/libnds/lib\libnds9.a(console.c.o)
 .data.__stderr
                0x020184b8       0x10 C:/msys64/opt/wonderful/thirdparty/blocksds/core/libs/libnds/lib\libnds9.a(iob.c.o)
 .data.__stdout
                0x020184c8       0x10 C:/msys64/opt/wonderful/thirdparty/blocksds/core/libs/libnds/lib\libnds9.a(iob.c.o)
 *(EXCLUDE_FILE(*.twl*) .gnu.linkonce.d*)
                0x020184d8                        . = ALIGN (0x4)

.igot.plt       0x020184d8        0x0
 .igot.plt      0x020184d8        0x0 C:/msys64/opt/wonderful/thirdparty/blocksds/core/sys/crts/ds_arm9_crt0.o

.tdata          0x020184d8        0x0
                0x020184d8                        __tdata_start = ABSOLUTE (.)
 *(.tdata .tdata.* .gnu.linkonce.td.*)
                0x020184d8                        . = ALIGN (0x4)
                0x020184d8                        __tdata_end = ABSOLUTE (.)
                0x020184d8                        __data_end = .
                0x00000000                        __tdata_size = (__tdata_end - __tdata_start)

.tbss           0x020184d8        0x4
                0x020184d8                        __tbss_start = ABSOLUTE (.)
 *(.tbss .tbss.* .gnu.linkonce.tb.*)
 .tbss          0x020184d8        0x4 C:/msys64/opt/wonderful/toolchain/gcc-arm-none-eabi/lib/gcc/arm-none-eabi/14.2.0/../../../../arm-none-eabi/lib/thumb/arm946e-s\libc.a(libc_errno_errno.c.o)
                0x020184d8                errno
 *(.tcommon)
                0x020184dc                        . = ALIGN (0x4)
                0x020184dc                        __tbss_end = ABSOLUTE (.)
                0x00000004                        __tbss_size = (__tbss_end - __tbss_start)
                0x020184d8                        __bss_vma = .

.dtcm           0x02ff0000        0x4 load address 0x020184d8
                0x020184d8                        __dtcm_lma = LOADADDR (.dtcm)
 *(.dtcm)
 .dtcm          0x02ff0000        0x4 C:/msys64/opt/wonderful/thirdparty/blocksds/core/libs/libnds/lib\libnds9.a(threads.c.o)
                0x02ff0000                __tls
 *(.dtcm.*)
                0x02ff0004                        . = ALIGN (0x4)
                0x02ff0004                        __dtcm_end = ABSOLUTE (.)

.itcm           0x01000000      0x21c load address 0x020184dc
                0x020184dc                        __itcm_lma = LOADADDR (.itcm)
                0x01000000                        __itcm_start = ABSOLUTE (.)
 *(.vectors .vectors.*)
 *(.itcm)
 *(.itcm.*)
 .itcm.data     0x01000000       0x80 C:/msys64/opt/wonderful/thirdparty/blocksds/core/libs/libnds/lib\libnds9.a(interrupts.c.o)
                0x01000000                irqTable
 .itcm.setCpuClock
                0x01000080       0x50 C:/msys64/opt/wonderful/thirdparty/blocksds/core/libs/libnds/lib\libnds9.a(cpu_clock.s.o)
                0x01000080                setCpuClock
 .itcm.IntrMain
                0x010000d0       0xc0 C:/msys64/opt/wonderful/thirdparty/blocksds/core/libs/libnds/lib\libnds9.a(interruptDispatcher.s.o)
                0x010000d0                IntrMain
 .itcm.text     0x01000190       0x8c C:/msys64/opt/wonderful/thirdparty/blocksds/core/libs/libnds/lib\libnds9.a(cache.c.o)
                0x01000190                CP15_CleanAndFlushDCacheRange
                0x010001c4                CP15_FlushDCacheRange
                0x010001f0                CP15_FlushICacheRange
 *.itcm*(.text .stub .text.*)
                0x0100021c                        . = ALIGN (0x4)
                0x0100021c                        __itcm_end = ABSOLUTE (.)

.sbss           0x02ff0004        0x4
                0x02ff0004                        __sbss_start = ABSOLUTE (.)
                0x02ff0004                        __sbss_start__ = ABSOLUTE (.)
 *(.sbss)
 .sbss          0x02ff0004        0x4 C:/msys64/opt/wonderful/thirdparty/blocksds/core/libs/libnds/lib\libnds9.a(threads.c.o)
                0x02ff0004                cothread_irq_flags
 *(.sbss.*)
                0x02ff0008                        . = ALIGN (0x4)
                0x02ff0008                        __sbss_end = ABSOLUTE (.)

.bss            0x020184d8     0x16e8
                0x020184d8                        __bss_start = ABSOLUTE (.)
                0x020184d8                        __bss_start__ = ABSOLUTE (.)
 *(EXCLUDE_FILE(*.twl*) .dynbss)
 *(EXCLUDE_FILE(*.twl*) .gnu.linkonce.b*)
 *(EXCLUDE_FILE(*.twl*) .bss*)
 .bss.currentScene
                0x020184d8        0xc build/SillyCatPrototype/source/main.cpp.o
                0x020184d8                currentScene
 *fill*         0x020184e4        0x4 
 .bss.objData   0x020184e8       0xf0 build/SillyCatPrototype/source/main.cpp.o
                0x020184e8                objData
 .bss.walls1    0x020185d8      0x100 build/SillyCatPrototype/source/main.cpp.o
                0x020185d8                walls1
 .bss.touch_pos
                0x020186d8        0xc build/SillyCatPrototype/source/main.cpp.o
                0x020186d8                touch_pos
 .bss.kyHeld    0x020186e4        0x2 build/SillyCatPrototype/source/main.cpp.o
                0x020186e4                kyHeld
 *fill*         0x020186e6        0x2 
 .bss.bgSb      0x020186e8        0x4 build/SillyCatPrototype/source/main.cpp.o
                0x020186e8                bgSb
 .bss.bgMenu    0x020186ec        0x4 build/SillyCatPrototype/source/main.cpp.o
                0x020186ec                bgMenu
 .bss.bg        0x020186f0        0x4 build/SillyCatPrototype/source/main.cpp.o
                0x020186f0                bg
 .bss.ang_rad   0x020186f4        0x4 build/SillyCatPrototype/source/main.cpp.o
                0x020186f4                ang_rad
 .bss.ang       0x020186f8        0x4 build/SillyCatPrototype/source/main.cpp.o
                0x020186f8                ang
 .bss.opp       0x020186fc        0x4 build/SillyCatPrototype/source/main.cpp.o
                0x020186fc                opp
 .bss.adj       0x02018700        0x4 build/SillyCatPrototype/source/main.cpp.o
                0x02018700                adj
 .bss.hyp       0x02018704        0x4 build/SillyCatPrototype/source/main.cpp.o
                0x02018704                hyp
 .bss.screenBgOffsetY
                0x02018708        0x4 build/SillyCatPrototype/source/main.cpp.o
                0x02018708                screenBgOffsetY
 .bss.screenBgOffsetX
                0x0201870c        0x4 build/SillyCatPrototype/source/main.cpp.o
                0x0201870c                screenBgOffsetX
 .bss.punixTime
                0x02018710        0x4 C:/msys64/opt/wonderful/thirdparty/blocksds/core/libs/libnds/lib\libnds9.a(initSystem.c.o)
                0x02018710                punixTime
 .bss.__debugger_unit
                0x02018714        0x1 C:/msys64/opt/wonderful/thirdparty/blocksds/core/libs/libnds/lib\libnds9.a(initSystem.c.o)
                0x02018714                __debugger_unit
 .bss.__dsimode
                0x02018715        0x1 C:/msys64/opt/wonderful/thirdparty/blocksds/core/libs/libnds/lib\libnds9.a(initSystem.c.o)
                0x02018715                __dsimode
 .bss.keysrepeat
                0x02018716        0x2 C:/msys64/opt/wonderful/thirdparty/blocksds/core/libs/libnds/lib\libnds9.a(keys.c.o)
 .bss.keysold   0x02018718        0x2 C:/msys64/opt/wonderful/thirdparty/blocksds/core/libs/libnds/lib\libnds9.a(keys.c.o)
 .bss.keys      0x0201871a        0x2 C:/msys64/opt/wonderful/thirdparty/blocksds/core/libs/libnds/lib\libnds9.a(keys.c.o)
 .bss.latchedTouchPosition
                0x0201871c        0xc C:/msys64/opt/wonderful/thirdparty/blocksds/core/libs/libnds/lib\libnds9.a(keys.c.o)
 .bss.receivedTouchPosition
                0x02018728        0xc C:/msys64/opt/wonderful/thirdparty/blocksds/core/libs/libnds/lib\libnds9.a(keys.c.o)
 .bss.SDcallback
                0x02018734        0x4 C:/msys64/opt/wonderful/thirdparty/blocksds/core/libs/libnds/lib\libnds9.a(system.c.o)
 .bss.bgIsTextLut
                0x02018738        0x8 C:/msys64/opt/wonderful/thirdparty/blocksds/core/libs/libnds/lib\libnds9.a(background.c.o)
                0x02018738                bgIsTextLut
 .bss.bgState   0x02018740      0x140 C:/msys64/opt/wonderful/thirdparty/blocksds/core/libs/libnds/lib\libnds9.a(background.c.o)
                0x02018740                bgState
 .bss.OamMemory
                0x02018880      0x400 C:/msys64/opt/wonderful/thirdparty/blocksds/core/libs/libnds/lib\libnds9.a(sprite.c.o)
                0x02018880                OamMemory
 .bss.OamMemorySub
                0x02018c80      0x400 C:/msys64/opt/wonderful/thirdparty/blocksds/core/libs/libnds/lib\libnds9.a(sprite.c.o)
                0x02018c80                OamMemorySub
 .bss.main_args
                0x02019080        0x8 C:/msys64/opt/wonderful/thirdparty/blocksds/core/libs/libnds/lib\libnds9.a(threads.c.o)
 .bss.cothread_list
                0x02019088       0x1c C:/msys64/opt/wonderful/thirdparty/blocksds/core/libs/libnds/lib\libnds9.a(threads.c.o)
 .bss.cothread_active_thread
                0x020190a4        0x4 C:/msys64/opt/wonderful/thirdparty/blocksds/core/libs/libnds/lib\libnds9.a(threads.c.o)
 .bss.free_fn   0x020190a8        0x4 C:/msys64/opt/wonderful/thirdparty/blocksds/core/libs/libnds/lib\libnds9.a(threads.c.o)
 .bss.processing
                0x020190ac        0x4 C:/msys64/opt/wonderful/thirdparty/blocksds/core/libs/libnds/lib\libnds9.a(fifosystem.c.o)
 .bss.fifo_datamsg_data
                0x020190b0       0x40 C:/msys64/opt/wonderful/thirdparty/blocksds/core/libs/libnds/lib\libnds9.a(fifosystem.c.o)
 .bss.fifo_value32_data
                0x020190f0       0x40 C:/msys64/opt/wonderful/thirdparty/blocksds/core/libs/libnds/lib\libnds9.a(fifosystem.c.o)
 .bss.fifo_address_data
                0x02019130       0x40 C:/msys64/opt/wonderful/thirdparty/blocksds/core/libs/libnds/lib\libnds9.a(fifosystem.c.o)
 .bss.fifo_datamsg_func
                0x02019170       0x40 C:/msys64/opt/wonderful/thirdparty/blocksds/core/libs/libnds/lib\libnds9.a(fifosystem.c.o)
 .bss.fifo_value32_func
                0x020191b0       0x40 C:/msys64/opt/wonderful/thirdparty/blocksds/core/libs/libnds/lib\libnds9.a(fifosystem.c.o)
 .bss.fifo_address_func
                0x020191f0       0x40 C:/msys64/opt/wonderful/thirdparty/blocksds/core/libs/libnds/lib\libnds9.a(fifosystem.c.o)
 .bss.fifo_value32_queue
                0x02019230       0x40 C:/msys64/opt/wonderful/thirdparty/blocksds/core/libs/libnds/lib\libnds9.a(fifosystem.c.o)
 .bss.fifo_data_queue
                0x02019270       0x40 C:/msys64/opt/wonderful/thirdparty/blocksds/core/libs/libnds/lib\libnds9.a(fifosystem.c.o)
 .bss.fifo_address_queue
                0x020192b0       0x40 C:/msys64/opt/wonderful/thirdparty/blocksds/core/libs/libnds/lib\libnds9.a(fifosystem.c.o)
 .bss.fifo_buffer
                0x020192f0      0x800 C:/msys64/opt/wonderful/thirdparty/blocksds/core/libs/libnds/lib\libnds9.a(fifosystem.c.o)
 .bss.__lock___libc_recursive_mutex
                0x02019af0       0x10 C:/msys64/opt/wonderful/thirdparty/blocksds/core/libs/libnds/lib\libnds9.a(locks.c.o)
                0x02019af0                __lock___libc_recursive_mutex
 .bss.heap_start
                0x02019b00        0x4 C:/msys64/opt/wonderful/thirdparty/blocksds/core/libs/libnds/lib\libnds9.a(sbrk.c.o)
 .bss.fake_heap_start
                0x02019b04        0x4 C:/msys64/opt/wonderful/thirdparty/blocksds/core/libs/libnds/lib\libnds9.a(sbrk.c.o)
                0x02019b04                fake_heap_start
 .bss.fake_heap_end
                0x02019b08        0x4 C:/msys64/opt/wonderful/thirdparty/blocksds/core/libs/libnds/lib\libnds9.a(sbrk.c.o)
                0x02019b08                fake_heap_end
 .bss.arm7console
                0x02019b0c        0x4 C:/msys64/opt/wonderful/thirdparty/blocksds/core/libs/libnds/lib\libnds9.a(console.c.o)
 .bss.arm7con   0x02019b10        0x4 C:/msys64/opt/wonderful/thirdparty/blocksds/core/libs/libnds/lib\libnds9.a(console.c.o)
 .bss.libnds_stderr_write
                0x02019b14        0x4 C:/msys64/opt/wonderful/thirdparty/blocksds/core/libs/libnds/lib\libnds9.a(console.c.o)
                0x02019b14                libnds_stderr_write
 .bss.libnds_stdout_write
                0x02019b18        0x4 C:/msys64/opt/wonderful/thirdparty/blocksds/core/libs/libnds/lib\libnds9.a(console.c.o)
                0x02019b18                libnds_stdout_write
 .bss.currentCopy
                0x02019b1c       0x40 C:/msys64/opt/wonderful/thirdparty/blocksds/core/libs/libnds/lib\libnds9.a(console.c.o)
 .bss.stderr_buf_len
                0x02019b5c        0x2 C:/msys64/opt/wonderful/thirdparty/blocksds/core/libs/libnds/lib\libnds9.a(iob.c.o)
 .bss.stdout_buf_len
                0x02019b5e        0x2 C:/msys64/opt/wonderful/thirdparty/blocksds/core/libs/libnds/lib\libnds9.a(iob.c.o)
 .bss.stderr_buf
                0x02019b60       0x11 C:/msys64/opt/wonderful/thirdparty/blocksds/core/libs/libnds/lib\libnds9.a(iob.c.o)
 *fill*         0x02019b71        0x3 
 .bss.stdout_buf
                0x02019b74       0x11 C:/msys64/opt/wonderful/thirdparty/blocksds/core/libs/libnds/lib\libnds9.a(iob.c.o)
 *fill*         0x02019b85        0x3 
 .bss.exceptionMsg
                0x02019b88        0x4 C:/msys64/opt/wonderful/thirdparty/blocksds/core/libs/libnds/lib\libnds9.a(exceptions.c.o)
                0x02019b88                exceptionMsg
 .bss           0x02019b8c       0x34 C:/msys64/opt/wonderful/toolchain/gcc-arm-none-eabi/lib/gcc/arm-none-eabi/14.2.0/../../../../arm-none-eabi/lib/thumb/arm946e-s\libc.a(malloc-malloc.c.o)
                0x02019b8c                __malloc_top_pad
                0x02019b90                __malloc_current_mallinfo
                0x02019bb8                __malloc_max_sbrked_mem
                0x02019bbc                __malloc_max_total_mem
 *(EXCLUDE_FILE(*.twl*) COMMON)
                0x02019bc0                        . = ALIGN (0x4)
                0x02019bc0                        __bss_end__ = ABSOLUTE (.)

.noinit         0x02019bc0        0x0
                0x02019bc0                        __noinit_start = ABSOLUTE (.)
 *(EXCLUDE_FILE(*.twl*) .noinit)
 *(EXCLUDE_FILE(*.twl*) .noinit.*)
 *(EXCLUDE_FILE(*.twl*) .gnu.linkonce.n.*)
                0x02019bc0                        . = ALIGN (0x4)
                0x02019bc0                        __noinit_end = ABSOLUTE (.)

.tls            0x02019bc0        0x4
                0x02019bc0                        __tls_start = ABSOLUTE (.)
                0x02019bc4                        . = ((. + __tdata_size) + __tbss_size)
 *fill*         0x02019bc0        0x4 
                0x02019bc4                        __tls_end = ABSOLUTE (.)
                0x02019bc4                        __end__ = ABSOLUTE (.)
                0x00000004                        __tls_size = (__tls_end - __tls_start)

.twl            0x02019bc4        0x0 load address 0x02400000
                0x02400000                        __arm9i_lma__ = LOADADDR (.twl)
                0x02019bc4                        __arm9i_start__ = ABSOLUTE (.)
 *(.twl)
 *(.twl.text .twl.text.*)
 *(.twl.rodata .twl.rodata.*)
 *(.twl.data .twl.data.*)
 *.twl*(.text .stub .text.* .gnu.linkonce.t.*)
 *.twl*(.rodata)
 *.twl*(.roda)
 *.twl*(.rodata.*)
 *.twl*(.data)
 *.twl*(.data.*)
 *.twl*(.gnu.linkonce.d*)
                0x02019bc4                        __arm9i_end__ = ABSOLUTE (.)

.twl_bss        0x02019bc4        0x0
                0x02019bc4                        __twl_bss_start__ = ABSOLUTE (.)
 *(.twl_bss .twl_bss.*)
 *(.twl.bss .twl.bss.*)
 *.twl*(.dynbss)
 *.twl*(.gnu.linkonce.b*)
 *.twl*(.bss*)
 *.twl*(COMMON)
                0x02019bc4                        . = ALIGN (0x4)
                0x02019bc4                        __twl_bss_end__ = ABSOLUTE (.)

.twl_noinit     0x02019bc4        0x0
                0x02019bc4                        __twl_noinit_start__ = ABSOLUTE (.)
 *(.twl_noinit .twl_noinit.*)
 *(.twl.noinit .twl.noinit.*)
 *.twl*(.noinit)
 *.twl*(.noinit.*)
 *.twl*(.gnu.linkonce.n.*)
                0x02019bc4                        . = ALIGN (0x4)
                0x02019bc4                        __twl_noinit_end__ = ABSOLUTE (.)
                0x02019bc4                        __twl_end__ = ABSOLUTE (.)
                0x0000021c                        __itcm_size = (__itcm_end - __itcm_start)
                0x00000004                        __dtcm_size = (__dtcm_end - __dtcm_data_start)
                0x00000000                        __arm9i_size__ = (__arm9i_end__ - __arm9i_start__)
                0x000016e8                        __bss_size__ = (__bss_end__ - __bss_start__)
                0x00000004                        __sbss_size = (__sbss_end - __sbss_start)
                0x00000000                        __twl_bss_size__ = (__twl_bss_end__ - __twl_bss_start__)

.stab
 *(.stab)

.stabstr
 *(.stabstr)

.stab.excl
 *(.stab.excl)

.stab.exclstr
 *(.stab.exclstr)

.stab.index
 *(.stab.index)

.stab.indexstr
 *(.stab.indexstr)

.comment        0x00000000       0x22
 *(.comment)
 .comment       0x00000000       0x22 build/SillyCatPrototype/source/GoopObstacle.c.o
                                 0x23 (size before relaxing)
 .comment       0x00000022       0x23 build/SillyCatPrototype/source/L1R1.c.o
 .comment       0x00000022       0x23 build/SillyCatPrototype/source/L1R2.c.o
 .comment       0x00000022       0x23 build/SillyCatPrototype/source/LvSelect.c.o
 .comment       0x00000022       0x23 build/SillyCatPrototype/source/RunStartup.c.o
 .comment       0x00000022       0x23 build/SillyCatPrototype/source/main.cpp.o
 .comment       0x00000022       0x23 C:/msys64/opt/wonderful/thirdparty/blocksds/core/libs/libnds/lib\libnds9.a(crt0_argv.c.o)
 .comment       0x00000022       0x23 C:/msys64/opt/wonderful/thirdparty/blocksds/core/libs/libnds/lib\libnds9.a(sassert.c.o)
 .comment       0x00000022       0x23 C:/msys64/opt/wonderful/thirdparty/blocksds/core/libs/libnds/lib\libnds9.a(initSystem.c.o)
 .comment       0x00000022       0x23 C:/msys64/opt/wonderful/thirdparty/blocksds/core/libs/libnds/lib\libnds9.a(keys.c.o)
 .comment       0x00000022       0x23 C:/msys64/opt/wonderful/thirdparty/blocksds/core/libs/libnds/lib\libnds9.a(securearea.c.o)
 .comment       0x00000022       0x23 C:/msys64/opt/wonderful/thirdparty/blocksds/core/libs/libnds/lib\libnds9.a(system.c.o)
 .comment       0x00000022       0x23 C:/msys64/opt/wonderful/thirdparty/blocksds/core/libs/libnds/lib\libnds9.a(background.c.o)
 .comment       0x00000022       0x23 C:/msys64/opt/wonderful/thirdparty/blocksds/core/libs/libnds/lib\libnds9.a(sprite.c.o)
 .comment       0x00000022       0x23 C:/msys64/opt/wonderful/thirdparty/blocksds/core/libs/libnds/lib\libnds9.a(sprite_alloc.c.o)
 .comment       0x00000022       0x23 C:/msys64/opt/wonderful/thirdparty/blocksds/core/libs/libnds/lib\libnds9.a(video.c.o)
 .comment       0x00000022       0x23 C:/msys64/opt/wonderful/thirdparty/blocksds/core/libs/libnds/lib\libnds9.a(threads.c.o)
 .comment       0x00000022       0x23 C:/msys64/opt/wonderful/thirdparty/blocksds/core/libs/libnds/lib\libnds9.a(fifosystem.c.o)
 .comment       0x00000022       0x23 C:/msys64/opt/wonderful/thirdparty/blocksds/core/libs/libnds/lib\libnds9.a(interrupts.c.o)
 .comment       0x00000022       0x23 C:/msys64/opt/wonderful/thirdparty/blocksds/core/libs/libnds/lib\libnds9.a(exit.c.o)
 .comment       0x00000022       0x23 C:/msys64/opt/wonderful/thirdparty/blocksds/core/libs/libnds/lib\libnds9.a(locks.c.o)
 .comment       0x00000022       0x23 C:/msys64/opt/wonderful/thirdparty/blocksds/core/libs/libnds/lib\libnds9.a(sbrk.c.o)
 .comment       0x00000022       0x23 C:/msys64/opt/wonderful/thirdparty/blocksds/core/libs/libnds/lib\libnds9.a(coroutine.c.o)
 .comment       0x00000022       0x23 C:/msys64/opt/wonderful/thirdparty/blocksds/core/libs/libnds/lib\libnds9.a(console.c.o)
 .comment       0x00000022       0x23 C:/msys64/opt/wonderful/thirdparty/blocksds/core/libs/libnds/lib\libnds9.a(iob.c.o)
 .comment       0x00000022       0x23 C:/msys64/opt/wonderful/thirdparty/blocksds/core/libs/libnds/lib\libnds9.a(cache.c.o)
 .comment       0x00000022       0x23 C:/msys64/opt/wonderful/thirdparty/blocksds/core/libs/libnds/lib\libnds9.a(exceptions.c.o)
 .comment       0x00000022       0x23 C:/msys64/opt/wonderful/thirdparty/blocksds/core/libs/libnds/lib\libnds9.a(trig.c.o)
 .comment       0x00000022       0x23 C:/msys64/opt/wonderful/thirdparty/blocksds/core/libs/libnds/lib\libnds9.a(exceptions.c.o)
 .comment       0x00000022       0x23 C:/msys64/opt/wonderful/thirdparty/blocksds/core/libs/libnds/lib\libnds9.a(default_font.png.o)
 .comment       0x00000022       0x23 C:/msys64/opt/wonderful/toolchain/gcc-arm-none-eabi/lib/gcc/arm-none-eabi/14.2.0/../../../../arm-none-eabi/lib/thumb/arm946e-s\libc.a(malloc-free.c.o)
 .comment       0x00000022       0x23 C:/msys64/opt/wonderful/toolchain/gcc-arm-none-eabi/lib/gcc/arm-none-eabi/14.2.0/../../../../arm-none-eabi/lib/thumb/arm946e-s\libc.a(malloc-malloc.c.o)
 .comment       0x00000022       0x23 C:/msys64/opt/wonderful/toolchain/gcc-arm-none-eabi/lib/gcc/arm-none-eabi/14.2.0/../../../../arm-none-eabi/lib/thumb/arm946e-s\libc.a(malloc-realloc.c.o)
 .comment       0x00000022       0x23 C:/msys64/opt/wonderful/toolchain/gcc-arm-none-eabi/lib/gcc/arm-none-eabi/14.2.0/../../../../arm-none-eabi/lib/thumb/arm946e-s\libc.a(libc_errno_errno.c.o)
 .comment       0x00000022       0x23 C:/msys64/opt/wonderful/toolchain/gcc-arm-none-eabi/lib/gcc/arm-none-eabi/14.2.0/../../../../arm-none-eabi/lib/thumb/arm946e-s\libc.a(libc_misc_init.c.o)
 .comment       0x00000022       0x23 C:/msys64/opt/wonderful/toolchain/gcc-arm-none-eabi/lib/gcc/arm-none-eabi/14.2.0/../../../../arm-none-eabi/lib/thumb/arm946e-s\libc.a(libc_stdlib_pico-exit.c.o)
 .comment       0x00000022       0x23 C:/msys64/opt/wonderful/toolchain/gcc-arm-none-eabi/lib/gcc/arm-none-eabi/14.2.0/../../../../arm-none-eabi/lib/thumb/arm946e-s\libc.a(libc_tinystdio_fflush.c.o)
 .comment       0x00000022       0x23 C:/msys64/opt/wonderful/toolchain/gcc-arm-none-eabi/lib/gcc/arm-none-eabi/14.2.0/../../../../arm-none-eabi/lib/thumb/arm946e-s\libc.a(libc_tinystdio_printf.c.o)
 .comment       0x00000022       0x23 C:/msys64/opt/wonderful/toolchain/gcc-arm-none-eabi/lib/gcc/arm-none-eabi/14.2.0/../../../../arm-none-eabi/lib/thumb/arm946e-s\libc.a(libc_tinystdio_putchar.c.o)
 .comment       0x00000022       0x23 C:/msys64/opt/wonderful/toolchain/gcc-arm-none-eabi/lib/gcc/arm-none-eabi/14.2.0/../../../../arm-none-eabi/lib/thumb/arm946e-s\libc.a(libc_tinystdio_puts.c.o)
 .comment       0x00000022       0x23 C:/msys64/opt/wonderful/toolchain/gcc-arm-none-eabi/lib/gcc/arm-none-eabi/14.2.0/../../../../arm-none-eabi/lib/thumb/arm946e-s\libc.a(libc_tinystdio_setvbuf.c.o)
 .comment       0x00000022       0x23 C:/msys64/opt/wonderful/toolchain/gcc-arm-none-eabi/lib/gcc/arm-none-eabi/14.2.0/../../../../arm-none-eabi/lib/thumb/arm946e-s\libc.a(libc_tinystdio_vfprintf.c.o)
 .comment       0x00000022       0x23 C:/msys64/opt/wonderful/toolchain/gcc-arm-none-eabi/lib/gcc/arm-none-eabi/14.2.0/../../../../arm-none-eabi/lib/thumb/arm946e-s\libc.a(libc_tinystdio_vprintf.c.o)
 .comment       0x00000022       0x23 C:/msys64/opt/wonderful/toolchain/gcc-arm-none-eabi/lib/gcc/arm-none-eabi/14.2.0/../../../../arm-none-eabi/lib/thumb/arm946e-s\libc.a(libc_tinystdio_dtoa_ryu.c.o)
 .comment       0x00000022       0x23 C:/msys64/opt/wonderful/toolchain/gcc-arm-none-eabi/lib/gcc/arm-none-eabi/14.2.0/../../../../arm-none-eabi/lib/thumb/arm946e-s\libc.a(libc_tinystdio_ryu_log10.c.o)
 .comment       0x00000022       0x23 C:/msys64/opt/wonderful/toolchain/gcc-arm-none-eabi/lib/gcc/arm-none-eabi/14.2.0/../../../../arm-none-eabi/lib/thumb/arm946e-s\libc.a(libc_tinystdio_ryu_pow5bits.c.o)
 .comment       0x00000022       0x23 C:/msys64/opt/wonderful/toolchain/gcc-arm-none-eabi/lib/gcc/arm-none-eabi/14.2.0/../../../../arm-none-eabi/lib/thumb/arm946e-s\libc.a(libc_tinystdio_ryu_table.c.o)
 .comment       0x00000022       0x23 C:/msys64/opt/wonderful/toolchain/gcc-arm-none-eabi/lib/gcc/arm-none-eabi/14.2.0/../../../../arm-none-eabi/lib/thumb/arm946e-s\libc.a(libc_tinystdio_ryu_umul128.c.o)
 .comment       0x00000022       0x23 C:/msys64/opt/wonderful/toolchain/gcc-arm-none-eabi/lib/gcc/arm-none-eabi/14.2.0/../../../../arm-none-eabi/lib/thumb/arm946e-s\libc.a(libm_math_s_acos.c.o)
 .comment       0x00000022       0x23 C:/msys64/opt/wonderful/toolchain/gcc-arm-none-eabi/lib/gcc/arm-none-eabi/14.2.0/../../../../arm-none-eabi/lib/thumb/arm946e-s\libc.a(libm_common_math_err_invalid.c.o)
 .comment       0x00000022       0x23 C:/msys64/opt/wonderful/toolchain/gcc-arm-none-eabi/lib/gcc/arm-none-eabi/14.2.0/../../../../arm-none-eabi/lib/thumb/arm946e-s\libc.a(memmove.c.o)
 .comment       0x00000022       0x23 C:/msys64/opt/wonderful/toolchain/gcc-arm-none-eabi/lib/gcc/arm-none-eabi/14.2.0/../../../../arm-none-eabi/lib/thumb/arm946e-s\libc.a(libc_misc_fini.c.o)
 .comment       0x00000022       0x23 C:/msys64/opt/wonderful/toolchain/gcc-arm-none-eabi/lib/gcc/arm-none-eabi/14.2.0/../../../../arm-none-eabi/lib/thumb/arm946e-s\libc.a(libc_string_strnlen.c.o)
 .comment       0x00000022       0x23 C:/msys64/opt/wonderful/toolchain/gcc-arm-none-eabi/lib/gcc/arm-none-eabi/14.2.0/../../../../arm-none-eabi/lib/thumb/arm946e-s\libc.a(libc_tinystdio_dtox_engine.c.o)
 .comment       0x00000022       0x23 C:/msys64/opt/wonderful/toolchain/gcc-arm-none-eabi/lib/gcc/arm-none-eabi/14.2.0/../../../../arm-none-eabi/lib/thumb/arm946e-s\libc.a(libc_tinystdio_fputc.c.o)
 .comment       0x00000022       0x23 C:/msys64/opt/wonderful/toolchain/gcc-arm-none-eabi/lib/gcc/arm-none-eabi/14.2.0/../../../../arm-none-eabi/lib/thumb/arm946e-s\libc.a(libm_machine_arm_s_sqrt.c.o)
 .comment       0x00000022       0x23 C:/msys64/opt/wonderful/toolchain/gcc-arm-none-eabi/lib/gcc/arm-none-eabi/14.2.0/../../../../arm-none-eabi/lib/thumb/arm946e-s\libc.a(libm_common_s_fpclassify.c.o)
 .comment       0x00000022       0x23 C:/msys64/opt/wonderful/toolchain/gcc-arm-none-eabi/lib/gcc/arm-none-eabi/14.2.0/thumb/arm946e-s\libgcc.a(_muldi3.o)
 .comment       0x00000022       0x23 C:/msys64/opt/wonderful/toolchain/gcc-arm-none-eabi/lib/gcc/arm-none-eabi/14.2.0/thumb/arm946e-s\libgcc.a(_udivmoddi4.o)
 .comment       0x00000022       0x23 C:/msys64/opt/wonderful/toolchain/gcc-arm-none-eabi/lib/gcc/arm-none-eabi/14.2.0/thumb/arm946e-s/crtend.o

.gnu.build.attributes
 *(.gnu.build.attributes .gnu.build.attributes.*)

.debug
 *(.debug)

.line
 *(.line)

.debug_srcinfo
 *(.debug_srcinfo)

.debug_sfnames
 *(.debug_sfnames)

.debug_aranges  0x00000000     0x11c0
 *(.debug_aranges)
 .debug_aranges
                0x00000000       0x20 C:/msys64/opt/wonderful/thirdparty/blocksds/core/sys/crts/ds_arm9_crt0.o
 .debug_aranges
                0x00000020       0x18 build/SillyCatPrototype/source/GoopObstacle.c.o
 .debug_aranges
                0x00000038       0x18 build/SillyCatPrototype/source/L1R1.c.o
 .debug_aranges
                0x00000050       0x18 build/SillyCatPrototype/source/L1R2.c.o
 .debug_aranges
                0x00000068       0x18 build/SillyCatPrototype/source/LvSelect.c.o
 .debug_aranges
                0x00000080       0x18 build/SillyCatPrototype/source/RunStartup.c.o
 .debug_aranges
                0x00000098       0x20 C:/msys64/opt/wonderful/thirdparty/blocksds/core/libs/libnds/lib\libnds9.a(IntrWait.s.o)
 .debug_aranges
                0x000000b8       0x48 C:/msys64/opt/wonderful/thirdparty/blocksds/core/libs/libnds/lib\libnds9.a(mpu_setup.s.o)
 .debug_aranges
                0x00000100       0x28 C:/msys64/opt/wonderful/thirdparty/blocksds/core/libs/libnds/lib\libnds9.a(dma.s.o)
 .debug_aranges
                0x00000128       0x20 C:/msys64/opt/wonderful/thirdparty/blocksds/core/libs/libnds/lib\libnds9.a(crt0_argv.c.o)
 .debug_aranges
                0x00000148       0x20 C:/msys64/opt/wonderful/thirdparty/blocksds/core/libs/libnds/lib\libnds9.a(sassert.c.o)
 .debug_aranges
                0x00000168       0x20 C:/msys64/opt/wonderful/thirdparty/blocksds/core/libs/libnds/lib\libnds9.a(initSystem.c.o)
 .debug_aranges
                0x00000188       0x60 C:/msys64/opt/wonderful/thirdparty/blocksds/core/libs/libnds/lib\libnds9.a(keys.c.o)
 .debug_aranges
                0x000001e8       0x18 C:/msys64/opt/wonderful/thirdparty/blocksds/core/libs/libnds/lib\libnds9.a(securearea.c.o)
 .debug_aranges
                0x00000200       0x80 C:/msys64/opt/wonderful/thirdparty/blocksds/core/libs/libnds/lib\libnds9.a(system.c.o)
 .debug_aranges
                0x00000280       0x40 C:/msys64/opt/wonderful/thirdparty/blocksds/core/libs/libnds/lib\libnds9.a(background.c.o)
 .debug_aranges
                0x000002c0       0x70 C:/msys64/opt/wonderful/thirdparty/blocksds/core/libs/libnds/lib\libnds9.a(sprite.c.o)
 .debug_aranges
                0x00000330       0x38 C:/msys64/opt/wonderful/thirdparty/blocksds/core/libs/libnds/lib\libnds9.a(sprite_alloc.c.o)
 .debug_aranges
                0x00000368       0x38 C:/msys64/opt/wonderful/thirdparty/blocksds/core/libs/libnds/lib\libnds9.a(video.c.o)
 .debug_aranges
                0x000003a0       0x80 C:/msys64/opt/wonderful/thirdparty/blocksds/core/libs/libnds/lib\libnds9.a(threads.c.o)
 .debug_aranges
                0x00000420       0xd0 C:/msys64/opt/wonderful/thirdparty/blocksds/core/libs/libnds/lib\libnds9.a(fifosystem.c.o)
 .debug_aranges
                0x000004f0       0x50 C:/msys64/opt/wonderful/thirdparty/blocksds/core/libs/libnds/lib\libnds9.a(interrupts.c.o)
 .debug_aranges
                0x00000540       0x38 C:/msys64/opt/wonderful/thirdparty/blocksds/core/libs/libnds/lib\libnds9.a(exit.c.o)
 .debug_aranges
                0x00000578       0x68 C:/msys64/opt/wonderful/thirdparty/blocksds/core/libs/libnds/lib\libnds9.a(locks.c.o)
 .debug_aranges
                0x000005e0       0x20 C:/msys64/opt/wonderful/thirdparty/blocksds/core/libs/libnds/lib\libnds9.a(sbrk.c.o)
 .debug_aranges
                0x00000600       0x28 C:/msys64/opt/wonderful/thirdparty/blocksds/core/libs/libnds/lib\libnds9.a(coroutine.c.o)
 .debug_aranges
                0x00000628      0x1b0 C:/msys64/opt/wonderful/thirdparty/blocksds/core/libs/libnds/lib\libnds9.a(cp15.s.o)
 .debug_aranges
                0x000007d8       0x20 C:/msys64/opt/wonderful/thirdparty/blocksds/core/libs/libnds/lib\libnds9.a(cpu_clock.s.o)
 .debug_aranges
                0x000007f8       0x20 C:/msys64/opt/wonderful/thirdparty/blocksds/core/libs/libnds/lib\libnds9.a(aeabi_read_tp.s.o)
 .debug_aranges
                0x00000818       0x20 C:/msys64/opt/wonderful/thirdparty/blocksds/core/libs/libnds/lib\libnds9.a(interruptDispatcher.s.o)
 .debug_aranges
                0x00000838       0x38 C:/msys64/opt/wonderful/thirdparty/blocksds/core/libs/libnds/lib\libnds9.a(coroutine.s.o)
 .debug_aranges
                0x00000870       0x30 C:/msys64/opt/wonderful/thirdparty/blocksds/core/libs/libnds/lib\libnds9.a(memcpy.s.o)
 .debug_aranges
                0x000008a0       0x40 C:/msys64/opt/wonderful/thirdparty/blocksds/core/libs/libnds/lib\libnds9.a(memset.s.o)
 .debug_aranges
                0x000008e0       0xd8 C:/msys64/opt/wonderful/thirdparty/blocksds/core/libs/libnds/lib\libnds9.a(console.c.o)
 .debug_aranges
                0x000009b8       0x38 C:/msys64/opt/wonderful/thirdparty/blocksds/core/libs/libnds/lib\libnds9.a(iob.c.o)
 .debug_aranges
                0x000009f0       0x30 C:/msys64/opt/wonderful/thirdparty/blocksds/core/libs/libnds/lib\libnds9.a(cache.c.o)
 .debug_aranges
                0x00000a20       0x48 C:/msys64/opt/wonderful/thirdparty/blocksds/core/libs/libnds/lib\libnds9.a(exceptions.c.o)
 .debug_aranges
                0x00000a68       0x60 C:/msys64/opt/wonderful/thirdparty/blocksds/core/libs/libnds/lib\libnds9.a(trig.c.o)
 .debug_aranges
                0x00000ac8       0x38 C:/msys64/opt/wonderful/thirdparty/blocksds/core/libs/libnds/lib\libnds9.a(exceptions.c.o)
 .debug_aranges
                0x00000b00       0x18 C:/msys64/opt/wonderful/thirdparty/blocksds/core/libs/libnds/lib\libnds9.a(default_font.png.o)
 .debug_aranges
                0x00000b18       0x28 C:/msys64/opt/wonderful/thirdparty/blocksds/core/libs/libnds/lib\libnds9.a(cpu.s.o)
 .debug_aranges
                0x00000b40       0x20 C:/msys64/opt/wonderful/thirdparty/blocksds/core/libs/libnds/lib\libnds9.a(exceptionHandler.s.o)
 .debug_aranges
                0x00000b60       0x20 C:/msys64/opt/wonderful/toolchain/gcc-arm-none-eabi/lib/gcc/arm-none-eabi/14.2.0/../../../../arm-none-eabi/lib/thumb/arm946e-s\libc.a(strlen.S.o)
 .debug_aranges
                0x00000b80       0x28 C:/msys64/opt/wonderful/toolchain/gcc-arm-none-eabi/lib/gcc/arm-none-eabi/14.2.0/../../../../arm-none-eabi/lib/thumb/arm946e-s\libc.a(malloc-free.c.o)
 .debug_aranges
                0x00000ba8       0x20 C:/msys64/opt/wonderful/toolchain/gcc-arm-none-eabi/lib/gcc/arm-none-eabi/14.2.0/../../../../arm-none-eabi/lib/thumb/arm946e-s\libc.a(malloc-malloc.c.o)
 .debug_aranges
                0x00000bc8       0x20 C:/msys64/opt/wonderful/toolchain/gcc-arm-none-eabi/lib/gcc/arm-none-eabi/14.2.0/../../../../arm-none-eabi/lib/thumb/arm946e-s\libc.a(malloc-realloc.c.o)
 .debug_aranges
                0x00000be8       0x18 C:/msys64/opt/wonderful/toolchain/gcc-arm-none-eabi/lib/gcc/arm-none-eabi/14.2.0/../../../../arm-none-eabi/lib/thumb/arm946e-s\libc.a(libc_errno_errno.c.o)
 .debug_aranges
                0x00000c00       0x20 C:/msys64/opt/wonderful/toolchain/gcc-arm-none-eabi/lib/gcc/arm-none-eabi/14.2.0/../../../../arm-none-eabi/lib/thumb/arm946e-s\libc.a(libc_misc_init.c.o)
 .debug_aranges
                0x00000c20       0x20 C:/msys64/opt/wonderful/toolchain/gcc-arm-none-eabi/lib/gcc/arm-none-eabi/14.2.0/../../../../arm-none-eabi/lib/thumb/arm946e-s\libc.a(libc_stdlib_pico-exit.c.o)
 .debug_aranges
                0x00000c40       0x20 C:/msys64/opt/wonderful/toolchain/gcc-arm-none-eabi/lib/gcc/arm-none-eabi/14.2.0/../../../../arm-none-eabi/lib/thumb/arm946e-s\libc.a(libc_tinystdio_fflush.c.o)
 .debug_aranges
                0x00000c60       0x20 C:/msys64/opt/wonderful/toolchain/gcc-arm-none-eabi/lib/gcc/arm-none-eabi/14.2.0/../../../../arm-none-eabi/lib/thumb/arm946e-s\libc.a(libc_tinystdio_printf.c.o)
 .debug_aranges
                0x00000c80       0x20 C:/msys64/opt/wonderful/toolchain/gcc-arm-none-eabi/lib/gcc/arm-none-eabi/14.2.0/../../../../arm-none-eabi/lib/thumb/arm946e-s\libc.a(libc_tinystdio_putchar.c.o)
 .debug_aranges
                0x00000ca0       0x20 C:/msys64/opt/wonderful/toolchain/gcc-arm-none-eabi/lib/gcc/arm-none-eabi/14.2.0/../../../../arm-none-eabi/lib/thumb/arm946e-s\libc.a(libc_tinystdio_puts.c.o)
 .debug_aranges
                0x00000cc0       0x20 C:/msys64/opt/wonderful/toolchain/gcc-arm-none-eabi/lib/gcc/arm-none-eabi/14.2.0/../../../../arm-none-eabi/lib/thumb/arm946e-s\libc.a(libc_tinystdio_setvbuf.c.o)
 .debug_aranges
                0x00000ce0       0x30 C:/msys64/opt/wonderful/toolchain/gcc-arm-none-eabi/lib/gcc/arm-none-eabi/14.2.0/../../../../arm-none-eabi/lib/thumb/arm946e-s\libc.a(libc_tinystdio_vfprintf.c.o)
 .debug_aranges
                0x00000d10       0x20 C:/msys64/opt/wonderful/toolchain/gcc-arm-none-eabi/lib/gcc/arm-none-eabi/14.2.0/../../../../arm-none-eabi/lib/thumb/arm946e-s\libc.a(libc_tinystdio_vprintf.c.o)
 .debug_aranges
                0x00000d30       0x30 C:/msys64/opt/wonderful/toolchain/gcc-arm-none-eabi/lib/gcc/arm-none-eabi/14.2.0/../../../../arm-none-eabi/lib/thumb/arm946e-s\libc.a(libc_tinystdio_dtoa_ryu.c.o)
 .debug_aranges
                0x00000d60       0x28 C:/msys64/opt/wonderful/toolchain/gcc-arm-none-eabi/lib/gcc/arm-none-eabi/14.2.0/../../../../arm-none-eabi/lib/thumb/arm946e-s\libc.a(libc_tinystdio_ryu_log10.c.o)
 .debug_aranges
                0x00000d88       0x20 C:/msys64/opt/wonderful/toolchain/gcc-arm-none-eabi/lib/gcc/arm-none-eabi/14.2.0/../../../../arm-none-eabi/lib/thumb/arm946e-s\libc.a(libc_tinystdio_ryu_pow5bits.c.o)
 .debug_aranges
                0x00000da8       0x30 C:/msys64/opt/wonderful/toolchain/gcc-arm-none-eabi/lib/gcc/arm-none-eabi/14.2.0/../../../../arm-none-eabi/lib/thumb/arm946e-s\libc.a(libc_tinystdio_ryu_table.c.o)
 .debug_aranges
                0x00000dd8       0x28 C:/msys64/opt/wonderful/toolchain/gcc-arm-none-eabi/lib/gcc/arm-none-eabi/14.2.0/../../../../arm-none-eabi/lib/thumb/arm946e-s\libc.a(libc_tinystdio_ryu_umul128.c.o)
 .debug_aranges
                0x00000e00       0x20 C:/msys64/opt/wonderful/toolchain/gcc-arm-none-eabi/lib/gcc/arm-none-eabi/14.2.0/../../../../arm-none-eabi/lib/thumb/arm946e-s\libc.a(libm_math_s_acos.c.o)
 .debug_aranges
                0x00000e20       0x20 C:/msys64/opt/wonderful/toolchain/gcc-arm-none-eabi/lib/gcc/arm-none-eabi/14.2.0/../../../../arm-none-eabi/lib/thumb/arm946e-s\libc.a(libm_common_math_err_invalid.c.o)
 .debug_aranges
                0x00000e40       0x20 C:/msys64/opt/wonderful/toolchain/gcc-arm-none-eabi/lib/gcc/arm-none-eabi/14.2.0/../../../../arm-none-eabi/lib/thumb/arm946e-s\libc.a(memmove.c.o)
 .debug_aranges
                0x00000e60       0x20 C:/msys64/opt/wonderful/toolchain/gcc-arm-none-eabi/lib/gcc/arm-none-eabi/14.2.0/../../../../arm-none-eabi/lib/thumb/arm946e-s\libc.a(libc_misc_fini.c.o)
 .debug_aranges
                0x00000e80       0x20 C:/msys64/opt/wonderful/toolchain/gcc-arm-none-eabi/lib/gcc/arm-none-eabi/14.2.0/../../../../arm-none-eabi/lib/thumb/arm946e-s\libc.a(libc_string_strnlen.c.o)
 .debug_aranges
                0x00000ea0       0x20 C:/msys64/opt/wonderful/toolchain/gcc-arm-none-eabi/lib/gcc/arm-none-eabi/14.2.0/../../../../arm-none-eabi/lib/thumb/arm946e-s\libc.a(libc_tinystdio_dtox_engine.c.o)
 .debug_aranges
                0x00000ec0       0x20 C:/msys64/opt/wonderful/toolchain/gcc-arm-none-eabi/lib/gcc/arm-none-eabi/14.2.0/../../../../arm-none-eabi/lib/thumb/arm946e-s\libc.a(libc_tinystdio_fputc.c.o)
 .debug_aranges
                0x00000ee0       0x20 C:/msys64/opt/wonderful/toolchain/gcc-arm-none-eabi/lib/gcc/arm-none-eabi/14.2.0/../../../../arm-none-eabi/lib/thumb/arm946e-s\libc.a(libm_machine_arm_s_sqrt.c.o)
 .debug_aranges
                0x00000f00       0x20 C:/msys64/opt/wonderful/toolchain/gcc-arm-none-eabi/lib/gcc/arm-none-eabi/14.2.0/../../../../arm-none-eabi/lib/thumb/arm946e-s\libc.a(libm_common_s_fpclassify.c.o)
 .debug_aranges
                0x00000f20       0x20 C:/msys64/opt/wonderful/toolchain/gcc-arm-none-eabi/lib/gcc/arm-none-eabi/14.2.0/thumb/arm946e-s\libgcc.a(_thumb1_case_uqi.o)
 .debug_aranges
                0x00000f40       0x20 C:/msys64/opt/wonderful/toolchain/gcc-arm-none-eabi/lib/gcc/arm-none-eabi/14.2.0/thumb/arm946e-s\libgcc.a(_thumb1_case_uhi.o)
 .debug_aranges