Archive member included to satisfy reference by file (symbol)

C:/msys64/opt/wonderful/thirdparty/blocksds/core/libs/libnds/lib\libnds9.a(IntrWait.s.o)
                              build/Silly_Test2/source/main.cpp.o (swiWaitForVBlank)
C:/msys64/opt/wonderful/thirdparty/blocksds/core/libs/libnds/lib\libnds9.a(mpu_setup.s.o)
                              C:/msys64/opt/wonderful/thirdparty/blocksds/core/sys/crts/ds_arm9_crt0.o (__libnds_mpu_setup)
C:/msys64/opt/wonderful/thirdparty/blocksds/core/libs/libnds/lib\libnds9.a(dma.s.o)
                              build/Silly_Test2/source/main.cpp.o (dmaSetParams)
C:/msys64/opt/wonderful/thirdparty/blocksds/core/libs/libnds/lib\libnds9.a(console.c.o)
                              build/Silly_Test2/source/main.cpp.o (consoleClear)
C:/msys64/opt/wonderful/thirdparty/blocksds/core/libs/libnds/lib\libnds9.a(crt0_argv.c.o)
                              C:/msys64/opt/wonderful/thirdparty/blocksds/core/sys/crts/ds_arm9_crt0.o (build_argv)
C:/msys64/opt/wonderful/thirdparty/blocksds/core/libs/libnds/lib\libnds9.a(iob.c.o)
                              C:/msys64/opt/wonderful/thirdparty/blocksds/core/libs/libnds/lib\libnds9.a(console.c.o) (stderr)
C:/msys64/opt/wonderful/thirdparty/blocksds/core/libs/libnds/lib\libnds9.a(cache.c.o)
                              C:/msys64/opt/wonderful/thirdparty/blocksds/core/libs/libnds/lib\libnds9.a(console.c.o) (CP15_CleanAndFlushDCacheRange)
C:/msys64/opt/wonderful/thirdparty/blocksds/core/libs/libnds/lib\libnds9.a(initSystem.c.o)
                              C:/msys64/opt/wonderful/thirdparty/blocksds/core/sys/crts/ds_arm9_crt0.o (__dsimode)
C:/msys64/opt/wonderful/thirdparty/blocksds/core/libs/libnds/lib\libnds9.a(keys.c.o)
                              build/Silly_Test2/source/main.cpp.o (scanKeys)
C:/msys64/opt/wonderful/thirdparty/blocksds/core/libs/libnds/lib\libnds9.a(securearea.c.o)
                              C:/msys64/opt/wonderful/thirdparty/blocksds/core/sys/crts/ds_arm9_crt0.o (__secure_area__)
C:/msys64/opt/wonderful/thirdparty/blocksds/core/libs/libnds/lib\libnds9.a(system.c.o)
                              C:/msys64/opt/wonderful/thirdparty/blocksds/core/libs/libnds/lib\libnds9.a(initSystem.c.o) (systemValueHandler)
C:/msys64/opt/wonderful/thirdparty/blocksds/core/libs/libnds/lib\libnds9.a(background.c.o)
                              build/Silly_Test2/source/main.cpp.o (bgUpdate)
C:/msys64/opt/wonderful/thirdparty/blocksds/core/libs/libnds/lib\libnds9.a(sprite.c.o)
                              build/Silly_Test2/source/main.cpp.o (oamInit)
C:/msys64/opt/wonderful/thirdparty/blocksds/core/libs/libnds/lib\libnds9.a(sprite_alloc.c.o)
                              C:/msys64/opt/wonderful/thirdparty/blocksds/core/libs/libnds/lib\libnds9.a(sprite.c.o) (oamAllocReset)
C:/msys64/opt/wonderful/thirdparty/blocksds/core/libs/libnds/lib\libnds9.a(video.c.o)
                              build/Silly_Test2/source/main.cpp.o (vramSetPrimaryBanks)
C:/msys64/opt/wonderful/thirdparty/blocksds/core/libs/libnds/lib\libnds9.a(threads.c.o)
                              C:/msys64/opt/wonderful/thirdparty/blocksds/core/libs/libnds/lib\libnds9.a(iob.c.o) (cothread_yield_irq)
C:/msys64/opt/wonderful/thirdparty/blocksds/core/libs/libnds/lib\libnds9.a(debugprint.c.o)
                              C:/msys64/opt/wonderful/thirdparty/blocksds/core/libs/libnds/lib\libnds9.a(console.c.o) (nocash_putc_buffered)
C:/msys64/opt/wonderful/thirdparty/blocksds/core/libs/libnds/lib\libnds9.a(fifosystem.c.o)
                              C:/msys64/opt/wonderful/thirdparty/blocksds/core/libs/libnds/lib\libnds9.a(initSystem.c.o) (fifoSetValue32Handler)
C:/msys64/opt/wonderful/thirdparty/blocksds/core/libs/libnds/lib\libnds9.a(interrupts.c.o)
                              C:/msys64/opt/wonderful/thirdparty/blocksds/core/libs/libnds/lib\libnds9.a(fifosystem.c.o) (irqSet)
C:/msys64/opt/wonderful/thirdparty/blocksds/core/libs/libnds/lib\libnds9.a(exit.c.o)
                              C:/msys64/opt/wonderful/thirdparty/blocksds/core/sys/crts/ds_arm9_crt0.o (__libnds_exit)
C:/msys64/opt/wonderful/thirdparty/blocksds/core/libs/libnds/lib\libnds9.a(locks.c.o)
                              C:/msys64/opt/wonderful/thirdparty/blocksds/core/libs/libnds/lib\libnds9.a(threads.c.o) (__retarget_lock_acquire)
C:/msys64/opt/wonderful/thirdparty/blocksds/core/libs/libnds/lib\libnds9.a(sbrk.c.o)
                              C:/msys64/opt/wonderful/thirdparty/blocksds/core/sys/crts/ds_arm9_crt0.o (fake_heap_start)
C:/msys64/opt/wonderful/thirdparty/blocksds/core/libs/libnds/lib\libnds9.a(coroutine.c.o)
                              C:/msys64/opt/wonderful/thirdparty/blocksds/core/libs/libnds/lib\libnds9.a(threads.c.o) (__ndsabi_coro_make_noctx)
C:/msys64/opt/wonderful/thirdparty/blocksds/core/libs/libnds/lib\libnds9.a(default_font.png.o)
[...]
Memory Configuration

Name             Origin             Length             Attributes
ewram            0x02000000         0x00380000
dtcm             0x02ff0000         0x00004000
itcm             0x01000000         0x00008000
*default*        0x00000000         0xffffffff

Linker script and memory map

                0x00000000                        PROVIDE (__dtcm_data_size = 0x0)
                0x00000001                        ASSERT (((__dtcm_data_size & 0x3) == 0x0), __dtcm_data_size must be a multiple of 4)
                0x00004000                        PROVIDE (__dldi_size = 0x4000)
                0x00000040                        PROVIDE (__dtcm_reserved_size = 0x40)
                0x00000001                        ASSERT (((__dtcm_reserved_size & 0x3) == 0x0), __dtcm_reserved_size must be a multiple of 4)
                0x00000100                        PROVIDE (__svc_stack_size = 0x100)
                0x00000001                        ASSERT (((__svc_stack_size & 0x3) == 0x0), __svc_stack_size must be a multiple of 4)
                0x00000100                        PROVIDE (__irq_stack_size = 0x100)
                0x00000001                        ASSERT (((__irq_stack_size & 0x3) == 0x0), __irq_stack_size must be a multiple of 4)
                0x00000000                        PROVIDE (__usr_stack_size = 0x0)
                0x00000001                        ASSERT (((__usr_stack_size & 0x3) == 0x0), __usr_stack_size must be a multiple of 4)
                0x02380000                        __ewram_end = (ORIGIN (ewram) + LENGTH (ewram))
                0x02380000                        __eheap_end = (ORIGIN (ewram) + LENGTH (ewram))
                0x02ff0000                        __dtcm_start = ORIGIN (dtcm)
                0x02ff4000                        __dtcm_top = (ORIGIN (dtcm) + LENGTH (dtcm))
                0x02ff3ff8                        __irq_flags = (__dtcm_top - 0x8)
                0x02ff3ffc                        __irq_vector = (__dtcm_top - 0x4)
                0x02ff3fc0                        __sp_svc = (__dtcm_top - __dtcm_reserved_size)
                0x02ff3ec0                        __sp_irq = (__sp_svc - __svc_stack_size)
                0x02ff3dc0                        __sp_usr = ((__sp_irq - __irq_stack_size) - __dtcm_data_size)
                0x02ff0000                        __dtcm_data_start = (__dtcm_data_size > 0x0)?__sp_usr:ORIGIN (dtcm)
                0x02ff3dc0                        __dtcm_data_top = (__dtcm_data_size > 0x0)?(__sp_irq - __irq_stack_size):(__sp_usr - __usr_stack_size)
                0x0000000e                        __dldi_log2_size = (LOG2CEIL ((__dldi_size + 0x1)) - 0x1)

.secure         0x02000000      0x800
 *(.secure)
 .secure        0x02000000      0x800 C:/msys64/opt/wonderful/thirdparty/blocksds/core/libs/libnds/lib\libnds9.a(securearea.c.o)
                0x02000000                __secure_area__

.crt0           0x02000800      0x2c8
                0x02000800                        __text_start = .
 *(.crt0)
 .crt0          0x02000800      0x2c8 C:/msys64/opt/wonderful/thirdparty/blocksds/core/sys/crts/ds_arm9_crt0.o
                0x02000800                _start
                0x02000ac8                        . = ALIGN (0x4)

.dldi           0x02000ac8        0x0
                0x02000ac8                        __dldi_start = .
 *(.dldi)
                0x02000ac8                        . = ALIGN (0x4)
                0x02000ac8                        __dldi_data_end = .
                0x02000ac8                        __dldi_end = (__dldi_data_end > __dldi_start)?(__dldi_start + __dldi_size):__dldi_start
                0x02000ac8                        . = __dldi_end
                0x02000ac8                        . = ALIGN (0x4)

.plt
 *(.plt)

.init           0x02000ac8        0x8
 *(SORT_NONE(.init))
 .init          0x02000ac8        0x8 C:/msys64/opt/wonderful/toolchain/gcc-arm-none-eabi/lib/gcc/arm-none-eabi/14.2.0/thumb/arm946e-s/crtn.o

.text           0x02000ad0     0x7c50
 *(EXCLUDE_FILE(*.twl* *.itcm*) .text)
 .text          0x02000ad0        0xe C:/msys64/opt/wonderful/toolchain/gcc-arm-none-eabi/lib/gcc/arm-none-eabi/14.2.0/../../../../arm-none-eabi/lib/thumb/arm946e-s\libc.a(strlen.S.o)
                0x02000ad0                strlen
 *fill*         0x02000ade        0x2 ff
 .text          0x02000ae0       0x14 C:/msys64/opt/wonderful/toolchain/gcc-arm-none-eabi/lib/gcc/arm-none-eabi/14.2.0/thumb/arm946e-s\libgcc.a(_thumb1_case_uqi.o)
                0x02000ae0                __gnu_thumb1_case_uqi
 .text          0x02000af4       0x14 C:/msys64/opt/wonderful/toolchain/gcc-arm-none-eabi/lib/gcc/arm-none-eabi/14.2.0/thumb/arm946e-s\libgcc.a(_thumb1_case_uhi.o)
                0x02000af4                __gnu_thumb1_case_uhi
 .text          0x02000b08      0x214 C:/msys64/opt/wonderful/toolchain/gcc-arm-none-eabi/lib/gcc/arm-none-eabi/14.2.0/thumb/arm946e-s\libgcc.a(_udivsi3.o)
                0x02000b08                __aeabi_uidiv
                0x02000b08                __udivsi3
                0x02000cfc                __aeabi_uidivmod
 .text          0x02000d1c      0x248 C:/msys64/opt/wonderful/toolchain/gcc-arm-none-eabi/lib/gcc/arm-none-eabi/14.2.0/thumb/arm946e-s\libgcc.a(_divsi3.o)
                0x02000d1c                __divsi3
                0x02000d1c                __aeabi_idiv
                0x02000f44                __aeabi_idivmod
 .text          0x02000f64        0x4 C:/msys64/opt/wonderful/toolchain/gcc-arm-none-eabi/lib/gcc/arm-none-eabi/14.2.0/thumb/arm946e-s\libgcc.a(_dvmd_tls.o)
                0x02000f64                __aeabi_idiv0
                0x02000f64                __aeabi_ldiv0
 .text          0x02000f68       0x18 C:/msys64/opt/wonderful/toolchain/gcc-arm-none-eabi/lib/gcc/arm-none-eabi/14.2.0/thumb/arm946e-s\libgcc.a(_lshrdi3.o)
                0x02000f68                __lshrdi3
                0x02000f68                __aeabi_llsr
 .text          0x02000f80       0x1c C:/msys64/opt/wonderful/toolchain/gcc-arm-none-eabi/lib/gcc/arm-none-eabi/14.2.0/thumb/arm946e-s\libgcc.a(_ashrdi3.o)
                0x02000f80                __aeabi_lasr
                0x02000f80                __ashrdi3
 .text          0x02000f9c       0x18 C:/msys64/opt/wonderful/toolchain/gcc-arm-none-eabi/lib/gcc/arm-none-eabi/14.2.0/thumb/arm946e-s\libgcc.a(_ashldi3.o)
                0x02000f9c                __aeabi_llsl
                0x02000f9c                __ashldi3
 .text          0x02000fb4      0x3c0 C:/msys64/opt/wonderful/toolchain/gcc-arm-none-eabi/lib/gcc/arm-none-eabi/14.2.0/thumb/arm946e-s\libgcc.a(_arm_addsubdf3.o)
                0x02000fb4                __aeabi_drsub
                0x02000fbc                __aeabi_dsub
                0x02000fbc                __subdf3
                0x02000fc0                __aeabi_dadd
                0x02000fc0                __adddf3
                0x0200126c                __floatunsidf
                0x0200126c                __aeabi_ui2d
                0x02001290                __floatsidf
                0x02001290                __aeabi_i2d
                0x020012b8                __aeabi_f2d
                0x020012b8                __extendsfdf2
                0x02001300                __floatundidf
                0x02001300                __aeabi_ul2d
                0x02001314                __floatdidf
                0x02001314                __aeabi_l2d
 .text          0x02001374      0x470 C:/msys64/opt/wonderful/toolchain/gcc-arm-none-eabi/lib/gcc/arm-none-eabi/14.2.0/thumb/arm946e-s\libgcc.a(_arm_muldivdf3.o)
                0x02001374                __aeabi_dmul
                0x02001374                __muldf3
                0x020015e0                __divdf3
                0x020015e0                __aeabi_ddiv
 .text          0x020017e4       0x54 C:/msys64/opt/wonderful/toolchain/gcc-arm-none-eabi/lib/gcc/arm-none-eabi/14.2.0/thumb/arm946e-s\libgcc.a(_arm_fixunsdfsi.o)
                0x020017e4                __aeabi_d2uiz
                0x020017e4                __fixunsdfsi
 .text          0x02001838       0xa0 C:/msys64/opt/wonderful/toolchain/gcc-arm-none-eabi/lib/gcc/arm-none-eabi/14.2.0/thumb/arm946e-s\libgcc.a(_arm_truncdfsf2.o)
                0x02001838                __truncdfsf2
                0x02001838                __aeabi_d2f
 .text          0x020018d8      0x250 C:/msys64/opt/wonderful/toolchain/gcc-arm-none-eabi/lib/gcc/arm-none-eabi/14.2.0/thumb/arm946e-s\libgcc.a(_arm_addsubsf3.o)
                0x020018d8                __aeabi_frsub
                0x020018e0                __subsf3
                0x020018e0                __aeabi_fsub
                0x020018e4                __aeabi_fadd
                0x020018e4                __addsf3
                0x02001a74                __aeabi_ui2f
                0x02001a74                __floatunsisf
                0x02001a7c                __aeabi_i2f
                0x02001a7c                __floatsisf
                0x02001a9c                __aeabi_ul2f
                0x02001a9c                __floatundisf
                0x02001aac                __aeabi_l2f
                0x02001aac                __floatdisf
 .text          0x02001b28      0x2f8 C:/msys64/opt/wonderful/toolchain/gcc-arm-none-eabi/lib/gcc/arm-none-eabi/14.2.0/thumb/arm946e-s\libgcc.a(_arm_muldivsf3.o)
                0x02001b28                __mulsf3
                0x02001b28                __aeabi_fmul
                0x02001cc0                __aeabi_fdiv
                0x02001cc0                __divsf3
 .text          0x02001e20       0xfc C:/msys64/opt/wonderful/toolchain/gcc-arm-none-eabi/lib/gcc/arm-none-eabi/14.2.0/thumb/arm946e-s\libgcc.a(_arm_cmpsf2.o)
                0x02001e20                __gesf2
                0x02001e20                __gtsf2
                0x02001e28                __lesf2
                0x02001e28                __ltsf2
                0x02001e30                __nesf2
                0x02001e30                __eqsf2
                0x02001e30                __cmpsf2
                0x02001e94                __aeabi_cfrcmple
                0x02001ea4                __aeabi_cfcmpeq
                0x02001ea4                __aeabi_cfcmple
                0x02001eb8                __aeabi_fcmpeq
                0x02001ecc                __aeabi_fcmplt
                0x02001ee0                __aeabi_fcmple
                0x02001ef4                __aeabi_fcmpge
                0x02001f08                __aeabi_fcmpgt
 .text          0x02001f1c       0x5c C:/msys64/opt/wonderful/toolchain/gcc-arm-none-eabi/lib/gcc/arm-none-eabi/14.2.0/thumb/arm946e-s\libgcc.a(_arm_fixsfsi.o)
                0x02001f1c                __aeabi_f2iz
                0x02001f1c                __fixsfsi
 .text          0x02001f78        0x8 C:/msys64/opt/wonderful/toolchain/gcc-arm-none-eabi/lib/gcc/arm-none-eabi/14.2.0/thumb/arm946e-s\libgcc.a(_clzsi2.o)
                0x02001f78                __clzsi2
 .text          0x02001f80       0x3c C:/msys64/opt/wonderful/toolchain/gcc-arm-none-eabi/lib/gcc/arm-none-eabi/14.2.0/thumb/arm946e-s\libgcc.a(_aeabi_uldivmod.o)
                0x02001f80                __aeabi_uldivmod
 .text          0x02001fbc       0x60 C:/msys64/opt/wonderful/toolchain/gcc-arm-none-eabi/lib/gcc/arm-none-eabi/14.2.0/thumb/arm946e-s\libgcc.a(_muldi3.o)
                0x02001fbc                __muldi3
                0x02001fbc                __aeabi_lmul
 .text          0x0200201c      0x198 C:/msys64/opt/wonderful/toolchain/gcc-arm-none-eabi/lib/gcc/arm-none-eabi/14.2.0/thumb/arm946e-s\libgcc.a(_udivmoddi4.o)
                0x0200201c                __udivmoddi4
 .text          0x020021b4       0x14 C:/msys64/opt/wonderful/toolchain/gcc-arm-none-eabi/lib/gcc/arm-none-eabi/14.2.0/thumb/arm946e-s\libgcc.a(_clzdi2.o)
                0x020021b4                __clzdi2
 *(EXCLUDE_FILE(*.twl* *.itcm*) .stub)
 *(EXCLUDE_FILE(*.twl* *.itcm*) .text.*)
 .text.dmaCopy  0x020021c8       0x24 build/Silly_Test2/source/main.cpp.o
 .text._Z16angleCalculationv
                0x020021ec      0x15c build/Silly_Test2/source/main.cpp.o
                0x020021ec                angleCalculation()
 .text._Z14graphicsUpdatev
                0x02002348      0x330 build/Silly_Test2/source/main.cpp.o
                0x02002348                graphicsUpdate()
 .text._Z10levelSetup10sceneClass
                0x02002678      0x434 build/Silly_Test2/source/main.cpp.o
                0x02002678                levelSetup(sceneClass)
 .text.startup.main
                0x02002aac      0x280 build/Silly_Test2/source/main.cpp.o
                0x02002aac                main
 .text.swiWaitForVBlank
                0x02002d2c       0x78 C:/msys64/opt/wonderful/thirdparty/blocksds/core/libs/libnds/lib\libnds9.a(IntrWait.s.o)
                0x02002d2c                swiWaitForVBlank
                0x02002d34                swiIntrWait
 .text.__libnds_mpu_setup
                0x02002da4      0x1c4 C:/msys64/opt/wonderful/thirdparty/blocksds/core/libs/libnds/lib\libnds9.a(mpu_setup.s.o)
                0x02002da4                __libnds_mpu_setup
 .text.CP15_MPUDisable
                0x02002f68       0x3c C:/msys64/opt/wonderful/thirdparty/blocksds/core/libs/libnds/lib\libnds9.a(mpu_setup.s.o)
                0x02002f68                CP15_MPUDisable
 .text.memUncached
                0x02002fa4       0x20 C:/msys64/opt/wonderful/thirdparty/blocksds/core/libs/libnds/lib\libnds9.a(mpu_setup.s.o)
                0x02002fa4                memUncached
 .text.dmaSetParams
                0x02002fc4       0x1c C:/msys64/opt/wonderful/thirdparty/blocksds/core/libs/libnds/lib\libnds9.a(dma.s.o)
                0x02002fc4                dmaSetParams
 .text.newRow   0x02002fe0       0x88 C:/msys64/opt/wonderful/thirdparty/blocksds/core/libs/libnds/lib\libnds9.a(console.c.o)
 .text.consolePrintChar.part.0
                0x02003068      0x100 C:/msys64/opt/wonderful/thirdparty/blocksds/core/libs/libnds/lib\libnds9.a(console.c.o)
 .text.consolePrintChar
                0x02003168       0x2c C:/msys64/opt/wonderful/thirdparty/blocksds/core/libs/libnds/lib\libnds9.a(console.c.o)
                0x02003168                consolePrintChar
 .text.con_write
                0x02003194      0x33c C:/msys64/opt/wonderful/thirdparty/blocksds/core/libs/libnds/lib\libnds9.a(console.c.o)
 .text.consoleLoadFont
                0x020034d0      0x268 C:/msys64/opt/wonderful/thirdparty/blocksds/core/libs/libnds/lib\libnds9.a(console.c.o)
                0x020034d0                consoleLoadFont
 .text.consoleInitEx
                0x02003738      0x1b8 C:/msys64/opt/wonderful/thirdparty/blocksds/core/libs/libnds/lib\libnds9.a(console.c.o)
                0x02003738                consoleInitEx
 .text.consoleDemoInit
                0x020038f0       0x48 C:/msys64/opt/wonderful/thirdparty/blocksds/core/libs/libnds/lib\libnds9.a(console.c.o)
                0x020038f0                consoleDemoInit
 .text.consoleClear
                0x02003938       0x48 C:/msys64/opt/wonderful/thirdparty/blocksds/core/libs/libnds/lib\libnds9.a(console.c.o)
                0x02003938                consoleClear
 .text.consoleSetCursor
                0x02003980       0x24 C:/msys64/opt/wonderful/thirdparty/blocksds/core/libs/libnds/lib\libnds9.a(console.c.o)
                0x02003980                consoleSetCursor
 .text.consoleSetColor
                0x020039a4       0x18 C:/msys64/opt/wonderful/thirdparty/blocksds/core/libs/libnds/lib\libnds9.a(console.c.o)
                0x020039a4                consoleSetColor
 .text.consoleArm7Flush
                0x020039bc       0x98 C:/msys64/opt/wonderful/thirdparty/blocksds/core/libs/libnds/lib\libnds9.a(console.c.o)
                0x020039bc                consoleArm7Flush
 .text.build_argv
                0x02003a54       0x58 C:/msys64/opt/wonderful/thirdparty/blocksds/core/libs/libnds/lib\libnds9.a(crt0_argv.c.o)
                0x02003a54                build_argv
 .text.putc_buffered
                0x02003aac       0x98 C:/msys64/opt/wonderful/thirdparty/blocksds/core/libs/libnds/lib\libnds9.a(iob.c.o)
 .text.stderr_putc_buffered
                0x02003b44       0x20 C:/msys64/opt/wonderful/thirdparty/blocksds/core/libs/libnds/lib\libnds9.a(iob.c.o)
 .text.stdout_putc_buffered
                0x02003b64       0x40 C:/msys64/opt/wonderful/thirdparty/blocksds/core/libs/libnds/lib\libnds9.a(iob.c.o)
 .text.initSystem
                0x02003ba4      0x184 C:/msys64/opt/wonderful/thirdparty/blocksds/core/libs/libnds/lib\libnds9.a(initSystem.c.o)
                0x02003ba4                initSystem
 .text.scanKeys
                0x02003d28       0xc0 C:/msys64/opt/wonderful/thirdparty/blocksds/core/libs/libnds/lib\libnds9.a(keys.c.o)
                0x02003d28                scanKeys
 .text.keysHeld
                0x02003de8        0xc C:/msys64/opt/wonderful/thirdparty/blocksds/core/libs/libnds/lib\libnds9.a(keys.c.o)
                0x02003de8                keysHeld
 .text.touchRead
                0x02003df4       0x24 C:/msys64/opt/wonderful/thirdparty/blocksds/core/libs/libnds/lib\libnds9.a(keys.c.o)
                0x02003df4                touchRead
 .text.setTransferInputData
                0x02003e18       0x20 C:/msys64/opt/wonderful/thirdparty/blocksds/core/libs/libnds/lib\libnds9.a(keys.c.o)
                0x02003e18                setTransferInputData
 .text.systemValueHandler
                0x02003e38       0xc8 C:/msys64/opt/wonderful/thirdparty/blocksds/core/libs/libnds/lib\libnds9.a(system.c.o)
                0x02003e38                systemValueHandler
 .text.systemMsgHandler
                0x02003f00       0x2c C:/msys64/opt/wonderful/thirdparty/blocksds/core/libs/libnds/lib\libnds9.a(system.c.o)
                0x02003f00                systemMsgHandler
 .text.powerOn  0x02003f2c       0x2c C:/msys64/opt/wonderful/thirdparty/blocksds/core/libs/libnds/lib\libnds9.a(system.c.o)
                0x02003f2c                powerOn
 .text.checkIfText
                0x02003f58       0x6c C:/msys64/opt/wonderful/thirdparty/blocksds/core/libs/libnds/lib\libnds9.a(background.c.o)
                0x02003f58                checkIfText
 .text.bgUpdate
                0x02003fc4       0xf4 C:/msys64/opt/wonderful/thirdparty/blocksds/core/libs/libnds/lib\libnds9.a(background.c.o)
                0x02003fc4                bgUpdate
 .text.bgInit_call
                0x020040b8       0xb0 C:/msys64/opt/wonderful/thirdparty/blocksds/core/libs/libnds/lib\libnds9.a(background.c.o)
                0x020040b8                bgInit_call
 .text.bgInitSub_call
                0x02004168       0xb8 C:/msys64/opt/wonderful/thirdparty/blocksds/core/libs/libnds/lib\libnds9.a(background.c.o)
                0x02004168                bgInitSub_call
 .text.oamInit  0x02004220      0x100 C:/msys64/opt/wonderful/thirdparty/blocksds/core/libs/libnds/lib\libnds9.a(sprite.c.o)
                0x02004220                oamInit
 .text.oamGetGfxPtr
                0x02004320       0x38 C:/msys64/opt/wonderful/thirdparty/blocksds/core/libs/libnds/lib\libnds9.a(sprite.c.o)
                0x02004320                oamGetGfxPtr
 .text.oamGfxPtrToOffset
                0x02004358       0x34 C:/msys64/opt/wonderful/thirdparty/blocksds/core/libs/libnds/lib\libnds9.a(sprite.c.o)
                0x02004358                oamGfxPtrToOffset
 .text.oamSet   0x0200438c      0x114 C:/msys64/opt/wonderful/thirdparty/blocksds/core/libs/libnds/lib\libnds9.a(sprite.c.o)
                0x0200438c                oamSet
 .text.oamUpdate
                0x020044a0       0x50 C:/msys64/opt/wonderful/thirdparty/blocksds/core/libs/libnds/lib\libnds9.a(sprite.c.o)
                0x020044a0                oamUpdate
 .text.oamRotateScale
                0x020044f0       0x4c C:/msys64/opt/wonderful/thirdparty/blocksds/core/libs/libnds/lib\libnds9.a(sprite.c.o)
                0x020044f0                oamRotateScale
 .text.oamAllocReset
                0x0200453c       0x1c C:/msys64/opt/wonderful/thirdparty/blocksds/core/libs/libnds/lib\libnds9.a(sprite_alloc.c.o)
                0x0200453c                oamAllocReset
 .text.oamAllocateGfx
                0x02004558      0x570 C:/msys64/opt/wonderful/thirdparty/blocksds/core/libs/libnds/lib\libnds9.a(sprite_alloc.c.o)
                0x02004558                oamAllocateGfx
 .text.vramSetPrimaryBanks
                0x02004ac8       0x44 C:/msys64/opt/wonderful/thirdparty/blocksds/core/libs/libnds/lib\libnds9.a(video.c.o)
                0x02004ac8                vramSetPrimaryBanks
 .text.setBrightness
                0x02004b0c       0x40 C:/msys64/opt/wonderful/thirdparty/blocksds/core/libs/libnds/lib\libnds9.a(video.c.o)
                0x02004b0c                setBrightness
 .text.vramDefault
                0x02004b4c       0xe4 C:/msys64/opt/wonderful/thirdparty/blocksds/core/libs/libnds/lib\libnds9.a(video.c.o)
                0x02004b4c                vramDefault
 .text.cothread_delete_internal
                0x02004c30       0x3c C:/msys64/opt/wonderful/thirdparty/blocksds/core/libs/libnds/lib\libnds9.a(threads.c.o)
 .text.cothread_main
                0x02004c6c       0x18 C:/msys64/opt/wonderful/thirdparty/blocksds/core/libs/libnds/lib\libnds9.a(threads.c.o)
                0x02004c6c                cothread_main
 .text.cothread_yield
                0x02004c84       0x14 C:/msys64/opt/wonderful/thirdparty/blocksds/core/libs/libnds/lib\libnds9.a(threads.c.o)
                0x02004c84                cothread_yield
 .text.cothread_start
                0x02004c98      0x12c C:/msys64/opt/wonderful/thirdparty/blocksds/core/libs/libnds/lib\libnds9.a(threads.c.o)
                0x02004c98                cothread_start
 .text.fifo_buffer_enqueue_block
                0x02004dc4       0x3c C:/msys64/opt/wonderful/thirdparty/blocksds/core/libs/libnds/lib\libnds9.a(fifosystem.c.o)
 .text.fifo_buffer_wait_block
                0x02004e00       0x7c C:/msys64/opt/wonderful/thirdparty/blocksds/core/libs/libnds/lib\libnds9.a(fifosystem.c.o)
 .text.fifoInternalSend.part.0
                0x02004e7c       0xc4 C:/msys64/opt/wonderful/thirdparty/blocksds/core/libs/libnds/lib\libnds9.a(fifosystem.c.o)
 .text.fifoInternalSendInterrupt
                0x02004f40       0xb0 C:/msys64/opt/wonderful/thirdparty/blocksds/core/libs/libnds/lib\libnds9.a(fifosystem.c.o)
 .text.fifoSetValue32Handler
                0x02004ff0       0xd4 C:/msys64/opt/wonderful/thirdparty/blocksds/core/libs/libnds/lib\libnds9.a(fifosystem.c.o)
                0x02004ff0                fifoSetValue32Handler
 .text.fifoSendValue32
                0x020050c4       0x54 C:/msys64/opt/wonderful/thirdparty/blocksds/core/libs/libnds/lib\libnds9.a(fifosystem.c.o)
                0x020050c4                fifoSendValue32
 .text.fifoGetDatamsg
                0x02005118       0xe8 C:/msys64/opt/wonderful/thirdparty/blocksds/core/libs/libnds/lib\libnds9.a(fifosystem.c.o)
                0x02005118                fifoGetDatamsg
 .text.fifoInternalRecvInterrupt
                0x02005200      0x30c C:/msys64/opt/wonderful/thirdparty/blocksds/core/libs/libnds/lib\libnds9.a(fifosystem.c.o)
 .text.fifoSetDatamsgHandler
                0x0200550c       0x9c C:/msys64/opt/wonderful/thirdparty/blocksds/core/libs/libnds/lib\libnds9.a(fifosystem.c.o)
                0x0200550c                fifoSetDatamsgHandler
 .text.fifoInit
                0x020055a8      0x114 C:/msys64/opt/wonderful/thirdparty/blocksds/core/libs/libnds/lib\libnds9.a(fifosystem.c.o)
                0x020055a8                fifoInit
 .text.irqDummy
                0x020056bc        0x4 C:/msys64/opt/wonderful/thirdparty/blocksds/core/libs/libnds/lib\libnds9.a(interrupts.c.o)
                0x020056bc                irqDummy
 .text.irqSet   0x020056c0       0x9c C:/msys64/opt/wonderful/thirdparty/blocksds/core/libs/libnds/lib\libnds9.a(interrupts.c.o)
                0x020056c0                irqSet
 .text.irqInit  0x0200575c       0x4c C:/msys64/opt/wonderful/thirdparty/blocksds/core/libs/libnds/lib\libnds9.a(interrupts.c.o)
                0x0200575c                irqInit
 .text.irqEnable
                0x020057a8       0x64 C:/msys64/opt/wonderful/thirdparty/blocksds/core/libs/libnds/lib\libnds9.a(interrupts.c.o)
                0x020057a8                irqEnable
 .text.systemErrorExit
                0x0200580c        0x4 C:/msys64/opt/wonderful/thirdparty/blocksds/core/libs/libnds/lib\libnds9.a(exit.c.o)
                0x0200580c                systemErrorExit
 .text.__libnds_exit
                0x02005810        0x8 C:/msys64/opt/wonderful/thirdparty/blocksds/core/libs/libnds/lib\libnds9.a(exit.c.o)
                0x02005810                __libnds_exit
 .text._exit    0x02005818       0x78 C:/msys64/opt/wonderful/thirdparty/blocksds/core/libs/libnds/lib\libnds9.a(exit.c.o)
                0x02005818                _exit
 .text.__retarget_lock_acquire_recursive
                0x02005890       0x40 C:/msys64/opt/wonderful/thirdparty/blocksds/core/libs/libnds/lib\libnds9.a(locks.c.o)
                0x02005890                __retarget_lock_acquire_recursive
 .text.__retarget_lock_release_recursive
                0x020058d0       0x4c C:/msys64/opt/wonderful/thirdparty/blocksds/core/libs/libnds/lib\libnds9.a(locks.c.o)
                0x020058d0                __retarget_lock_release_recursive
 .text.sbrk     0x0200591c       0x44 C:/msys64/opt/wonderful/thirdparty/blocksds/core/libs/libnds/lib\libnds9.a(sbrk.c.o)
                0x0200591c                sbrk
 .text.__ndsabi_coro_make_noctx
                0x02005960       0x24 C:/msys64/opt/wonderful/thirdparty/blocksds/core/libs/libnds/lib\libnds9.a(coroutine.c.o)
                0x02005960                __ndsabi_coro_make_noctx
 .text.CP15_FlushICache
                0x02005984        0xc C:/msys64/opt/wonderful/thirdparty/blocksds/core/libs/libnds/lib\libnds9.a(cp15.s.o)
                0x02005984                CP15_FlushICache
 .text.CP15_FlushDCache
                0x02005990        0xc C:/msys64/opt/wonderful/thirdparty/blocksds/core/libs/libnds/lib\libnds9.a(cp15.s.o)
                0x02005990                CP15_FlushDCache
 .text.CP15_WaitForInterrupt
                0x0200599c        0xc C:/msys64/opt/wonderful/thirdparty/blocksds/core/libs/libnds/lib\libnds9.a(cp15.s.o)
                0x0200599c                CP15_WaitForInterrupt
 .text.CP15_CleanAndFlushDCache
                0x020059a8       0x34 C:/msys64/opt/wonderful/thirdparty/blocksds/core/libs/libnds/lib\libnds9.a(cp15.s.o)
                0x020059a8                CP15_CleanAndFlushDCache
 .text.__aeabi_read_tp
                0x020059dc        0xc C:/msys64/opt/wonderful/thirdparty/blocksds/core/libs/libnds/lib\libnds9.a(aeabi_read_tp.s.o)
                0x020059dc                __aeabi_read_tp
 .text.__ndsabi_coro_resume
                0x020059e8       0x18 C:/msys64/opt/wonderful/thirdparty/blocksds/core/libs/libnds/lib\libnds9.a(coroutine.s.o)
                0x020059e8                __ndsabi_coro_resume
 .text.__ndsabi_coro_yield
                0x02005a00       0x1c C:/msys64/opt/wonderful/thirdparty/blocksds/core/libs/libnds/lib\libnds9.a(coroutine.s.o)
                0x02005a00                __ndsabi_coro_yield
 .text.__ndsabi_coro_pop_noctx
                0x02005a1c       0x34 C:/msys64/opt/wonderful/thirdparty/blocksds/core/libs/libnds/lib\libnds9.a(coroutine.s.o)
                0x02005a1c                __ndsabi_coro_pop_noctx
 .text.__aeabi_memcpy
                0x02005a50       0xc8 C:/msys64/opt/wonderful/thirdparty/blocksds/core/libs/libnds/lib\libnds9.a(memcpy.s.o)
                0x02005a50                __aeabi_memcpy
                0x02005a88                __aeabi_memcpy4
                0x02005a88                __aeabi_memcpy8
                0x02005af4                __ndsabi_memcpy2
 .text.__ndsabi_memcpy1
                0x02005b18       0x14 C:/msys64/opt/wonderful/thirdparty/blocksds/core/libs/libnds/lib\libnds9.a(memcpy.s.o)
                0x02005b18                __ndsabi_memcpy1
 .text.memcpy   0x02005b2c       0x10 C:/msys64/opt/wonderful/thirdparty/blocksds/core/libs/libnds/lib\libnds9.a(memcpy.s.o)
                0x02005b2c                memcpy
 .text.__aeabi_memset
                0x02005b3c       0x9c C:/msys64/opt/wonderful/thirdparty/blocksds/core/libs/libnds/lib\libnds9.a(memset.s.o)
                0x02005b3c                __aeabi_memset
                0x02005b60                __aeabi_memset8
                0x02005b60                __aeabi_memset4
                0x02005b6c                __ndsabi_wordset4
                0x02005b70                __ndsabi_lwordset4
 .text.__ndsabi_memset1
                0x02005bd8       0x10 C:/msys64/opt/wonderful/thirdparty/blocksds/core/libs/libnds/lib\libnds9.a(memset.s.o)
                0x02005bd8                __ndsabi_memset1
 .text.memset   0x02005be8       0x1c C:/msys64/opt/wonderful/thirdparty/blocksds/core/libs/libnds/lib\libnds9.a(memset.s.o)
                0x02005be8                memset
 .text.__sassert
                0x02005c04       0x94 C:/msys64/opt/wonderful/thirdparty/blocksds/core/libs/libnds/lib\libnds9.a(sassert.c.o)
                0x02005c04                __sassert
 .text.releaseCrashHandler
                0x02005c98       0x78 C:/msys64/opt/wonderful/thirdparty/blocksds/core/libs/libnds/lib\libnds9.a(exceptions.c.o)
 .text.exceptionStatePrint
                0x02005d10       0xec C:/msys64/opt/wonderful/thirdparty/blocksds/core/libs/libnds/lib\libnds9.a(exceptions.c.o)
                0x02005d10                exceptionStatePrint
 .text.releaseExceptionHandler
                0x02005dfc       0x10 C:/msys64/opt/wonderful/thirdparty/blocksds/core/libs/libnds/lib\libnds9.a(exceptions.c.o)
                0x02005dfc                releaseExceptionHandler
 .text.sinLutLookup
                0x02005e0c       0x4c C:/msys64/opt/wonderful/thirdparty/blocksds/core/libs/libnds/lib\libnds9.a(trig.c.o)
                0x02005e0c                sinLutLookup
 .text.sinLerp  0x02005e58       0x38 C:/msys64/opt/wonderful/thirdparty/blocksds/core/libs/libnds/lib\libnds9.a(trig.c.o)
                0x02005e58                sinLerp
 .text.cosLerp  0x02005e90       0x48 C:/msys64/opt/wonderful/thirdparty/blocksds/core/libs/libnds/lib\libnds9.a(trig.c.o)
                0x02005e90                cosLerp
 .text.setExceptionHandler
                0x02005ed8       0x18 C:/msys64/opt/wonderful/thirdparty/blocksds/core/libs/libnds/lib\libnds9.a(exceptions.c.o)
                0x02005ed8                setExceptionHandler
 .text.libndsCrash
                0x02005ef0        0xc C:/msys64/opt/wonderful/thirdparty/blocksds/core/libs/libnds/lib\libnds9.a(exceptions.c.o)
                0x02005ef0                libndsCrash
 .text.getCPSR  0x02005efc        0x8 C:/msys64/opt/wonderful/thirdparty/blocksds/core/libs/libnds/lib\libnds9.a(cpu.s.o)
                0x02005efc                getCPSR
 .text.enterException
                0x02005f04       0xd4 C:/msys64/opt/wonderful/thirdparty/blocksds/core/libs/libnds/lib\libnds9.a(exceptionHandler.s.o)
                0x02005f04                enterException
                0x02005f78                exceptionC
                0x02005f7c                exceptionStack
                0x02005f80                exceptionRegisters
 .text.malloc_trim
                0x02005fd8       0x9c C:/msys64/opt/wonderful/toolchain/gcc-arm-none-eabi/lib/gcc/arm-none-eabi/14.2.0/../../../../arm-none-eabi/lib/thumb/arm946e-s\libc.a(malloc-free.c.o)
                0x02005fd8                malloc_trim
 .text.free     0x02006074      0x164 C:/msys64/opt/wonderful/toolchain/gcc-arm-none-eabi/lib/gcc/arm-none-eabi/14.2.0/../../../../arm-none-eabi/lib/thumb/arm946e-s\libc.a(malloc-free.c.o)
                0x02006074                free
                0x02006074                __malloc_free
 .text.malloc   0x020061d8      0x434 C:/msys64/opt/wonderful/toolchain/gcc-arm-none-eabi/lib/gcc/arm-none-eabi/14.2.0/../../../../arm-none-eabi/lib/thumb/arm946e-s\libc.a(malloc-malloc.c.o)
                0x020061d8                malloc
 .text.realloc  0x0200660c      0x364 C:/msys64/opt/wonderful/toolchain/gcc-arm-none-eabi/lib/gcc/arm-none-eabi/14.2.0/../../../../arm-none-eabi/lib/thumb/arm946e-s\libc.a(malloc-realloc.c.o)
                0x0200660c                realloc
 .text.__libc_init_array
                0x02006970       0x54 C:/msys64/opt/wonderful/toolchain/gcc-arm-none-eabi/lib/gcc/arm-none-eabi/14.2.0/../../../../arm-none-eabi/lib/thumb/arm946e-s\libc.a(libc_misc_init.c.o)
                0x02006970                __libc_init_array
 .text.exit     0x020069c4       0x20 C:/msys64/opt/wonderful/toolchain/gcc-arm-none-eabi/lib/gcc/arm-none-eabi/14.2.0/../../../../arm-none-eabi/lib/thumb/arm946e-s\libc.a(libc_stdlib_pico-exit.c.o)
                0x020069c4                exit
 .text.fflush   0x020069e4       0x12 C:/msys64/opt/wonderful/toolchain/gcc-arm-none-eabi/lib/gcc/arm-none-eabi/14.2.0/../../../../arm-none-eabi/lib/thumb/arm946e-s\libc.a(libc_tinystdio_fflush.c.o)
                0x020069e4                fflush
 *fill*         0x020069f6        0x2 ff
 .text.printf   0x020069f8       0x20 C:/msys64/opt/wonderful/toolchain/gcc-arm-none-eabi/lib/gcc/arm-none-eabi/14.2.0/../../../../arm-none-eabi/lib/thumb/arm946e-s\libc.a(libc_tinystdio_printf.c.o)
                0x020069f8                printf
 .text.putchar  0x02006a18       0x10 C:/msys64/opt/wonderful/toolchain/gcc-arm-none-eabi/lib/gcc/arm-none-eabi/14.2.0/../../../../arm-none-eabi/lib/thumb/arm946e-s\libc.a(libc_tinystdio_putchar.c.o)
                0x02006a18                putchar_unlocked
                0x02006a18                putchar
 .text.puts     0x02006a28       0x40 C:/msys64/opt/wonderful/toolchain/gcc-arm-none-eabi/lib/gcc/arm-none-eabi/14.2.0/../../../../arm-none-eabi/lib/thumb/arm946e-s\libc.a(libc_tinystdio_puts.c.o)
                0x02006a28                puts
 .text.setvbuf  0x02006a68       0x18 C:/msys64/opt/wonderful/toolchain/gcc-arm-none-eabi/lib/gcc/arm-none-eabi/14.2.0/../../../../arm-none-eabi/lib/thumb/arm946e-s\libc.a(libc_tinystdio_setvbuf.c.o)
                0x02006a68                setvbuf
 .text.__ultoa_invert
                0x02006a80       0x52 C:/msys64/opt/wonderful/toolchain/gcc-arm-none-eabi/lib/gcc/arm-none-eabi/14.2.0/../../../../arm-none-eabi/lib/thumb/arm946e-s\libc.a(libc_tinystdio_vfprintf.c.o)
 *fill*         0x02006ad2        0x2 ff
 .text.skip_to_arg
                0x02006ad4      0x13c C:/msys64/opt/wonderful/toolchain/gcc-arm-none-eabi/lib/gcc/arm-none-eabi/14.2.0/../../../../arm-none-eabi/lib/thumb/arm946e-s\libc.a(libc_tinystdio_vfprintf.c.o)
 .text.vfprintf
                0x02006c10      0x9b4 C:/msys64/opt/wonderful/toolchain/gcc-arm-none-eabi/lib/gcc/arm-none-eabi/14.2.0/../../../../arm-none-eabi/lib/thumb/arm946e-s\libc.a(libc_tinystdio_vfprintf.c.o)
                0x02006c10                vfprintf
                0x02006c10                __d_vfprintf
 .text.vprintf  0x020075c4       0x14 C:/msys64/opt/wonderful/toolchain/gcc-arm-none-eabi/lib/gcc/arm-none-eabi/14.2.0/../../../../arm-none-eabi/lib/thumb/arm946e-s\libc.a(libc_tinystdio_vprintf.c.o)
                0x020075c4                vprintf
 .text.mulShiftAll64
                0x020075d8      0x208 C:/msys64/opt/wonderful/toolchain/gcc-arm-none-eabi/lib/gcc/arm-none-eabi/14.2.0/../../../../arm-none-eabi/lib/thumb/arm946e-s\libc.a(libc_tinystdio_dtoa_ryu.c.o)
 .text.div10    0x020077e0       0x28 C:/msys64/opt/wonderful/toolchain/gcc-arm-none-eabi/lib/gcc/arm-none-eabi/14.2.0/../../../../arm-none-eabi/lib/thumb/arm946e-s\libc.a(libc_tinystdio_dtoa_ryu.c.o)
 .text.__dtoa_engine
                0x02007808      0x4a0 C:/msys64/opt/wonderful/toolchain/gcc-arm-none-eabi/lib/gcc/arm-none-eabi/14.2.0/../../../../arm-none-eabi/lib/thumb/arm946e-s\libc.a(libc_tinystdio_dtoa_ryu.c.o)
                0x02007808                __dtoa_engine
 .text.__log10Pow2
                0x02007ca8        0xc C:/msys64/opt/wonderful/toolchain/gcc-arm-none-eabi/lib/gcc/arm-none-eabi/14.2.0/../../../../arm-none-eabi/lib/thumb/arm946e-s\libc.a(libc_tinystdio_ryu_log10.c.o)
                0x02007ca8                __log10Pow2
 .text.__log10Pow5
                0x02007cb4        0xc C:/msys64/opt/wonderful/toolchain/gcc-arm-none-eabi/lib/gcc/arm-none-eabi/14.2.0/../../../../arm-none-eabi/lib/thumb/arm946e-s\libc.a(libc_tinystdio_ryu_log10.c.o)
                0x02007cb4                __log10Pow5
 .text.__pow5bits
                0x02007cc0       0x10 C:/msys64/opt/wonderful/toolchain/gcc-arm-none-eabi/lib/gcc/arm-none-eabi/14.2.0/../../../../arm-none-eabi/lib/thumb/arm946e-s\libc.a(libc_tinystdio_ryu_pow5bits.c.o)
                0x02007cc0                __pow5bits
 .text.__pow5Factor
                0x02007cd0       0x2c C:/msys64/opt/wonderful/toolchain/gcc-arm-none-eabi/lib/gcc/arm-none-eabi/14.2.0/../../../../arm-none-eabi/lib/thumb/arm946e-s\libc.a(libc_tinystdio_ryu_table.c.o)
                0x02007cd0                __pow5Factor
 .text.__double_computePow5
                0x02007cfc      0x104 C:/msys64/opt/wonderful/toolchain/gcc-arm-none-eabi/lib/gcc/arm-none-eabi/14.2.0/../../../../arm-none-eabi/lib/thumb/arm946e-s\libc.a(libc_tinystdio_ryu_table.c.o)
                0x02007cfc                __double_computePow5
 .text.__double_computeInvPow5
                0x02007e00      0x100 C:/msys64/opt/wonderful/toolchain/gcc-arm-none-eabi/lib/gcc/arm-none-eabi/14.2.0/../../../../arm-none-eabi/lib/thumb/arm946e-s\libc.a(libc_tinystdio_ryu_table.c.o)
                0x02007e00                __double_computeInvPow5
 .text.__umul128
                0x02007f00       0x6a C:/msys64/opt/wonderful/toolchain/gcc-arm-none-eabi/lib/gcc/arm-none-eabi/14.2.0/../../../../arm-none-eabi/lib/thumb/arm946e-s\libc.a(libc_tinystdio_ryu_umul128.c.o)
                0x02007f00                __umul128
 .text.__shiftright128
                0x02007f6a       0x28 C:/msys64/opt/wonderful/toolchain/gcc-arm-none-eabi/lib/gcc/arm-none-eabi/14.2.0/../../../../arm-none-eabi/lib/thumb/arm946e-s\libc.a(libc_tinystdio_ryu_umul128.c.o)
                0x02007f6a                __shiftright128
 *fill*         0x02007f92        0x2 ff
 .text.acos     0x02007f94      0x3e8 C:/msys64/opt/wonderful/toolchain/gcc-arm-none-eabi/lib/gcc/arm-none-eabi/14.2.0/../../../../arm-none-eabi/lib/thumb/arm946e-s\libc.a(libm_math_s_acos.c.o)
                0x02007f94                acos
                0x02007f94                acosl
 .text.__math_invalid
                0x0200837c       0x10 C:/msys64/opt/wonderful/toolchain/gcc-arm-none-eabi/lib/gcc/arm-none-eabi/14.2.0/../../../../arm-none-eabi/lib/thumb/arm946e-s\libc.a(libm_common_math_err_invalid.c.o)
                0x0200837c                __math_invalid
 .text.memmove  0x0200838c       0x24 C:/msys64/opt/wonderful/toolchain/gcc-arm-none-eabi/lib/gcc/arm-none-eabi/14.2.0/../../../../arm-none-eabi/lib/thumb/arm946e-s\libc.a(memmove.c.o)
                0x0200838c                __aeabi_memmove8
                0x0200838c                __aeabi_memmove
                0x0200838c                __aeabi_memmove4
                0x0200838c                memmove
 .text.__libc_fini_array
                0x020083b0       0x30 C:/msys64/opt/wonderful/toolchain/gcc-arm-none-eabi/lib/gcc/arm-none-eabi/14.2.0/../../../../arm-none-eabi/lib/thumb/arm946e-s\libc.a(libc_misc_fini.c.o)
                0x020083b0                __libc_fini_array
 .text.strnlen  0x020083e0       0x16 C:/msys64/opt/wonderful/toolchain/gcc-arm-none-eabi/lib/gcc/arm-none-eabi/14.2.0/../../../../arm-none-eabi/lib/thumb/arm946e-s\libc.a(libc_string_strnlen.c.o)
                0x020083e0                strnlen
 *fill*         0x020083f6        0x2 ff
 .text.__dtox_engine
                0x020083f8      0x13c C:/msys64/opt/wonderful/toolchain/gcc-arm-none-eabi/lib/gcc/arm-none-eabi/14.2.0/../../../../arm-none-eabi/lib/thumb/arm946e-s\libc.a(libc_tinystdio_dtox_engine.c.o)
                0x020083f8                __dtox_engine
 .text.fputc    0x02008534       0x2c C:/msys64/opt/wonderful/toolchain/gcc-arm-none-eabi/lib/gcc/arm-none-eabi/14.2.0/../../../../arm-none-eabi/lib/thumb/arm946e-s\libc.a(libc_tinystdio_fputc.c.o)
                0x02008534                putc
                0x02008534                fputc
                0x02008534                putc_unlocked
 .text.sqrt     0x02008560      0x164 C:/msys64/opt/wonderful/toolchain/gcc-arm-none-eabi/lib/gcc/arm-none-eabi/14.2.0/../../../../arm-none-eabi/lib/thumb/arm946e-s\libc.a(libm_machine_arm_s_sqrt.c.o)
                0x02008560                sqrtl
                0x02008560                sqrt
 .text.__fpclassifyd
                0x020086c4       0x38 C:/msys64/opt/wonderful/toolchain/gcc-arm-none-eabi/lib/gcc/arm-none-eabi/14.2.0/../../../../arm-none-eabi/lib/thumb/arm946e-s\libc.a(libm_common_s_fpclassify.c.o)
                0x020086c4                __fpclassifyd
                0x020086c4                __fpclassifyl
 *fill*         0x020086fc        0x4 ff
 .text.__fpclassifyd.__stub
                0x02008700       0x20 linker stubs
 *(EXCLUDE_FILE(*.twl*) .gnu.warning)
 *(EXCLUDE_FILE(*.twl*) .gnu.linkonce.t*)
 *(.glue_7)
 .glue_7        0x02008720        0x0 linker stubs
 *(.glue_7t)
 .glue_7t       0x02008720        0x0 linker stubs
                0x02008720                        . = ALIGN (0x4)

.vfp11_veneer   0x02008720        0x0
 .vfp11_veneer  0x02008720        0x0 linker stubs

.v4_bx          0x02008720        0x0
 .v4_bx         0x02008720        0x0 linker stubs

.iplt           0x02008720        0x0
 .iplt          0x02008720        0x0 C:/msys64/opt/wonderful/thirdparty/blocksds/core/sys/crts/ds_arm9_crt0.o

.fini           0x02008720        0x8
 *(.fini)
 .fini          0x02008720        0x8 C:/msys64/opt/wonderful/toolchain/gcc-arm-none-eabi/lib/gcc/arm-none-eabi/14.2.0/thumb/arm946e-s/crtn.o
                0x02008728                        __text_end = .

.rodata         0x02008728     0xd868
 *(EXCLUDE_FILE(*.twl*) .rodata)
 .rodata        0x02008728       0x40 C:/msys64/opt/wonderful/thirdparty/blocksds/core/libs/libnds/lib\libnds9.a(exceptions.c.o)
 .rodata        0x02008768      0x338 C:/msys64/opt/wonderful/toolchain/gcc-arm-none-eabi/lib/gcc/arm-none-eabi/14.2.0/../../../../arm-none-eabi/lib/thumb/arm946e-s\libc.a(libc_tinystdio_ryu_table.c.o)
 *all.rodata*(*)
 *(EXCLUDE_FILE(*.twl*) .roda)
 *(EXCLUDE_FILE(*.twl*) .rodata.*)
 .rodata.BeastieBallPal
                0x02008aa0      0x200 build/Silly_Test2/source/BeastieBall.c.o
                0x02008aa0                BeastieBallPal
 .rodata.BeastieBallTiles
                0x02008ca0      0x400 build/Silly_Test2/source/BeastieBall.c.o
                0x02008ca0                BeastieBallTiles
 .rodata.GooberTestPal
                0x020090a0      0x200 build/Silly_Test2/source/GooberTest.c.o
                0x020090a0                GooberTestPal
 .rodata.GooberTestTiles
                0x020092a0      0x400 build/Silly_Test2/source/GooberTest.c.o
                0x020092a0                GooberTestTiles
 .rodata.L1R1Pal
                0x020096a0      0x200 build/Silly_Test2/source/L1R1.c.o
                0x020096a0                L1R1Pal
 .rodata.L1R1Map
                0x020098a0     0x4000 build/Silly_Test2/source/L1R1.c.o
                0x020098a0                L1R1Map
 .rodata.L1R1Tiles
                0x0200d8a0     0x20c0 build/Silly_Test2/source/L1R1.c.o
                0x0200d8a0                L1R1Tiles
 .rodata.L1R2Pal
                0x0200f960      0x200 build/Silly_Test2/source/L1R2.c.o
                0x0200f960                L1R2Pal
 .rodata.L1R2Map
                0x0200fb60     0x4000 build/Silly_Test2/source/L1R2.c.o
                0x0200fb60                L1R2Map
 .rodata.L1R2Tiles
                0x02013b60     0x1d00 build/Silly_Test2/source/L1R2.c.o
                0x02013b60                L1R2Tiles
 .rodata.main.str1.4
                0x02015860      0x18c build/Silly_Test2/source/main.cpp.o
                                  0xf (size before relaxing)
 .rodata.con_write
                0x020159ec      0x118 C:/msys64/opt/wonderful/thirdparty/blocksds/core/libs/libnds/lib\libnds9.a(console.c.o)
 .rodata.stderr
                0x02015b04        0x4 C:/msys64/opt/wonderful/thirdparty/blocksds/core/libs/libnds/lib\libnds9.a(iob.c.o)
                0x02015b04                stderr
 .rodata.stdout
                0x02015b08        0x4 C:/msys64/opt/wonderful/thirdparty/blocksds/core/libs/libnds/lib\libnds9.a(iob.c.o)
                0x02015b08                stdout
 .rodata.systemValueHandler.str1.4
                0x02015b0c       0x2b C:/msys64/opt/wonderful/thirdparty/blocksds/core/libs/libnds/lib\libnds9.a(system.c.o)
 .rodata.systemValueHandler
                0x02015b0c       0x10 C:/msys64/opt/wonderful/thirdparty/blocksds/core/libs/libnds/lib\libnds9.a(system.c.o)
 .rodata.bgTransform
                0x02015b1c       0x20 C:/msys64/opt/wonderful/thirdparty/blocksds/core/libs/libnds/lib\libnds9.a(background.c.o)
                0x02015b1c                bgTransform
 .rodata.bgScrollTable
                0x02015b3c       0x20 C:/msys64/opt/wonderful/thirdparty/blocksds/core/libs/libnds/lib\libnds9.a(background.c.o)
                0x02015b3c                bgScrollTable
 .rodata.bgControl
                0x02015b5c       0x20 C:/msys64/opt/wonderful/thirdparty/blocksds/core/libs/libnds/lib\libnds9.a(background.c.o)
                0x02015b5c                bgControl
 .rodata.__retarget_lock_release_recursive.str1.4
                0x02015b7c        0xd C:/msys64/opt/wonderful/thirdparty/blocksds/core/libs/libnds/lib\libnds9.a(locks.c.o)
 .rodata.default_fontTiles
                0x02015b7c      0x300 C:/msys64/opt/wonderful/thirdparty/blocksds/core/libs/libnds/lib\libnds9.a(default_font.png.o)
                0x02015b7c                default_fontTiles
 .rodata.__sassert.str1.4
                0x02015e7c       0x73 C:/msys64/opt/wonderful/thirdparty/blocksds/core/libs/libnds/lib\libnds9.a(sassert.c.o)
 .rodata.releaseCrashHandler.str1.4
                0x02015e7c       0x33 C:/msys64/opt/wonderful/thirdparty/blocksds/core/libs/libnds/lib\libnds9.a(exceptions.c.o)
 .rodata.exceptionStatePrint.str1.4
                0x02015e7c       0x54 C:/msys64/opt/wonderful/thirdparty/blocksds/core/libs/libnds/lib\libnds9.a(exceptions.c.o)
 .rodata.str1.4
                0x02015e7c       0x40 C:/msys64/opt/wonderful/thirdparty/blocksds/core/libs/libnds/lib\libnds9.a(exceptions.c.o)
 .rodata.SIN_LUT
                0x02015e7c      0x102 C:/msys64/opt/wonderful/thirdparty/blocksds/core/libs/libnds/lib\libnds9.a(trig.c.o)
                0x02015e7c                SIN_LUT
 .rodata.str1.1
                0x02015f7e        0xf C:/msys64/opt/wonderful/toolchain/gcc-arm-none-eabi/lib/gcc/arm-none-eabi/14.2.0/../../../../arm-none-eabi/lib/thumb/arm946e-s\libc.a(libc_tinystdio_vfprintf.c.o)
 *(EXCLUDE_FILE(*.twl*) .gnu.linkonce.r*)
                0x02015f90                        . = ALIGN (0x4)
 *fill*         0x02015f8d        0x3 ff

.ARM.extab
 *(.ARM.extab* .gnu.linkonce.armextab.*)
                0x02015f90                        __exidx_start = .

ARM.exidx       0x02015f90        0x8
 *(.ARM.exidx* .gnu.linkonce.armexidx.*)
 .ARM.exidx     0x02015f90        0x8 C:/msys64/opt/wonderful/toolchain/gcc-arm-none-eabi/lib/gcc/arm-none-eabi/14.2.0/thumb/arm946e-s\libgcc.a(_udivmoddi4.o)
                0x02015f98                        __exidx_end = .
                0x02015f98                        . = ALIGN (0x4)

.preinit_array  0x02015f98        0x0
                0x02015f98                        PROVIDE (__preinit_array_start = .)
 *(.preinit_array)
                0x02015f98                        PROVIDE (__preinit_array_end = .)

.init_array     0x02015f98        0x0
                0x02015f98                        PROVIDE (__init_array_start = .)
 *(SORT_BY_INIT_PRIORITY(.init_array.*) SORT_BY_INIT_PRIORITY(.ctors.*))
 *(.init_array EXCLUDE_FILE(*crtend?.o *crtend.o *crtbegin?.o *crtbegin.o) .ctors)
                0x02015f98                        PROVIDE (__init_array_end = .)

.fini_array     0x02015f98        0x0
                0x02015f98                        PROVIDE (__fini_array_start = .)
 *(SORT_BY_INIT_PRIORITY(.fini_array.*) SORT_BY_INIT_PRIORITY(.dtors.*))
 *(.fini_array EXCLUDE_FILE(*crtend?.o *crtend.o *crtbegin?.o *crtbegin.o) .dtors)
                0x02015f98                        PROVIDE (__fini_array_end = .)

.ctors          0x02015f98        0x0
 *crtbegin.o(.ctors)
 *crtbegin?.o(.ctors)
 *(EXCLUDE_FILE(*crtend?.o *crtend.o) .ctors)
 *(SORT_BY_NAME(.ctors.*))
 *(.ctors)
                0x02015f98                        . = ALIGN (0x4)

.dtors          0x02015f98        0x0
 *crtbegin.o(.dtors)
 *crtbegin?.o(.dtors)
 *(EXCLUDE_FILE(*crtend?.o *crtend.o) .dtors)
 *(SORT_BY_NAME(.dtors.*))
 *(.dtors)
                0x02015f98                        . = ALIGN (0x4)

.eh_frame       0x02015f98        0x4
 *(.eh_frame)
 .eh_frame      0x02015f98        0x4 C:/msys64/opt/wonderful/toolchain/gcc-arm-none-eabi/lib/gcc/arm-none-eabi/14.2.0/thumb/arm946e-s/crtend.o
                0x02015f9c                        . = ALIGN (0x4)

.rel.dyn        0x02015f9c        0x0
 .rel.iplt      0x02015f9c        0x0 C:/msys64/opt/wonderful/thirdparty/blocksds/core/sys/crts/ds_arm9_crt0.o

.gcc_except_table
                0x02015f9c        0x0
 *(.gcc_except_table .gcc_except_table.*)
                0x02015f9c                        . = ALIGN (0x4)

.got            0x02015f9c       0x10
 *(.got.plt)
 .got.plt       0x02015f9c        0xc C:/msys64/opt/wonderful/thirdparty/blocksds/core/sys/crts/ds_arm9_crt0.o
                0x02015f9c                _GLOBAL_OFFSET_TABLE_
 *(.got)
 .got           0x02015fa8        0x4 C:/msys64/opt/wonderful/thirdparty/blocksds/core/sys/crts/ds_arm9_crt0.o
 *(.rel.got)
 .rel.got       0x02015fac        0x0 C:/msys64/opt/wonderful/thirdparty/blocksds/core/sys/crts/ds_arm9_crt0.o

.ewram          0x02015fac        0x0
                0x02015fac                        __ewram_start = ABSOLUTE (.)
 *(.ewram)
 *ewram.*(.text)
                0x02015fac                        . = ALIGN (0x4)

.data           0x02015fac      0x5f4
                0x02015fac                        __data_start = ABSOLUTE (.)
 *(EXCLUDE_FILE(*.twl*) .data)
 .data          0x02015fac       0x28 C:/msys64/opt/wonderful/thirdparty/blocksds/core/libs/libnds/lib\libnds9.a(mpu_setup.s.o)
 .data          0x02015fd4      0x410 C:/msys64/opt/wonderful/toolchain/gcc-arm-none-eabi/lib/gcc/arm-none-eabi/14.2.0/../../../../arm-none-eabi/lib/thumb/arm946e-s\libc.a(malloc-malloc.c.o)
                0x02015fd4                __malloc_sbrk_base
                0x02015fd8                __malloc_trim_threshold
                0x02015fdc                __malloc_av_
 *(EXCLUDE_FILE(*.twl*) .data.*)
 .data.L1R2     0x020163e4      0x100 build/Silly_Test2/source/main.cpp.o
                0x020163e4                L1R2
 *fill*         0x020164e4        0x4 ff
 .data.L1Ob     0x020164e8       0x18 build/Silly_Test2/source/main.cpp.o
                0x020164e8                L1Ob
 .data.L1R1     0x02016500       0x30 build/Silly_Test2/source/main.cpp.o
                0x02016500                L1R1
 .data.cen_y    0x02016530        0x2 build/Silly_Test2/source/main.cpp.o
                0x02016530                cen_y
 .data.cen_x    0x02016532        0x2 build/Silly_Test2/source/main.cpp.o
                0x02016532                cen_x
 .data.scale    0x02016534        0x4 build/Silly_Test2/source/main.cpp.o
                0x02016534                scale
 .data.firstConsoleInit.0
                0x02016538        0x1 C:/msys64/opt/wonderful/thirdparty/blocksds/core/libs/libnds/lib\libnds9.a(console.c.o)
 *fill*         0x02016539        0x3 ff
 .data.currentConsole
                0x0201653c        0x4 C:/msys64/opt/wonderful/thirdparty/blocksds/core/libs/libnds/lib\libnds9.a(console.c.o)
 .data.__stderr
                0x02016540       0x10 C:/msys64/opt/wonderful/thirdparty/blocksds/core/libs/libnds/lib\libnds9.a(iob.c.o)
 .data.__stdout
                0x02016550       0x10 C:/msys64/opt/wonderful/thirdparty/blocksds/core/libs/libnds/lib\libnds9.a(iob.c.o)
 .data.count    0x02016560        0x1 C:/msys64/opt/wonderful/thirdparty/blocksds/core/libs/libnds/lib\libnds9.a(keys.c.o)
 .data.repeat   0x02016561        0x1 C:/msys64/opt/wonderful/thirdparty/blocksds/core/libs/libnds/lib\libnds9.a(keys.c.o)
 .data.delay    0x02016562        0x1 C:/msys64/opt/wonderful/thirdparty/blocksds/core/libs/libnds/lib\libnds9.a(keys.c.o)
 *fill*         0x02016563        0x1 ff
 .data.latchedArm7Buttons
                0x02016564        0x2 C:/msys64/opt/wonderful/thirdparty/blocksds/core/libs/libnds/lib\libnds9.a(keys.c.o)
 .data.receivedArm7Buttons
                0x02016566        0x2 C:/msys64/opt/wonderful/thirdparty/blocksds/core/libs/libnds/lib\libnds9.a(keys.c.o)
 .data.oamSub   0x02016568       0x14 C:/msys64/opt/wonderful/thirdparty/blocksds/core/libs/libnds/lib\libnds9.a(sprite.c.o)
                0x02016568                oamSub
 .data.oamMain  0x0201657c       0x14 C:/msys64/opt/wonderful/thirdparty/blocksds/core/libs/libnds/lib\libnds9.a(sprite.c.o)
                0x0201657c                oamMain
 .data.fifo_freewords
                0x02016590        0x4 C:/msys64/opt/wonderful/thirdparty/blocksds/core/libs/libnds/lib\libnds9.a(fifosystem.c.o)
 .data.fifo_receive_queue
                0x02016594        0x4 C:/msys64/opt/wonderful/thirdparty/blocksds/core/libs/libnds/lib\libnds9.a(fifosystem.c.o)
 .data.fifo_send_queue
                0x02016598        0x4 C:/msys64/opt/wonderful/thirdparty/blocksds/core/libs/libnds/lib\libnds9.a(fifosystem.c.o)
 .data.fifo_buffer_free
                0x0201659c        0x4 C:/msys64/opt/wonderful/thirdparty/blocksds/core/libs/libnds/lib\libnds9.a(fifosystem.c.o)
 *(EXCLUDE_FILE(*.twl*) .gnu.linkonce.d*)
                0x020165a0                        . = ALIGN (0x4)

.igot.plt       0x020165a0        0x0
 .igot.plt      0x020165a0        0x0 C:/msys64/opt/wonderful/thirdparty/blocksds/core/sys/crts/ds_arm9_crt0.o

.tdata          0x020165a0        0x0
                0x020165a0                        __tdata_start = ABSOLUTE (.)
 *(.tdata .tdata.* .gnu.linkonce.td.*)
                0x020165a0                        . = ALIGN (0x4)
                0x020165a0                        __tdata_end = ABSOLUTE (.)
                0x020165a0                        __data_end = .
                0x00000000                        __tdata_size = (__tdata_end - __tdata_start)

.tbss           0x020165a0        0x4
                0x020165a0                        __tbss_start = ABSOLUTE (.)
 *(.tbss .tbss.* .gnu.linkonce.tb.*)
 .tbss          0x020165a0        0x4 C:/msys64/opt/wonderful/toolchain/gcc-arm-none-eabi/lib/gcc/arm-none-eabi/14.2.0/../../../../arm-none-eabi/lib/thumb/arm946e-s\libc.a(libc_errno_errno.c.o)
                0x020165a0                errno
 *(.tcommon)
                0x020165a4                        . = ALIGN (0x4)
                0x020165a4                        __tbss_end = ABSOLUTE (.)
                0x00000004                        __tbss_size = (__tbss_end - __tbss_start)
                0x020165a0                        __bss_vma = .

.dtcm           0x02ff0000        0x4 load address 0x020165a0
                0x020165a0                        __dtcm_lma = LOADADDR (.dtcm)
 *(.dtcm)
 .dtcm          0x02ff0000        0x4 C:/msys64/opt/wonderful/thirdparty/blocksds/core/libs/libnds/lib\libnds9.a(threads.c.o)
                0x02ff0000                __tls
 *(.dtcm.*)
                0x02ff0004                        . = ALIGN (0x4)
                0x02ff0004                        __dtcm_end = ABSOLUTE (.)

.itcm           0x01000000      0x21c load address 0x020165a4
                0x020165a4                        __itcm_lma = LOADADDR (.itcm)
                0x01000000                        __itcm_start = ABSOLUTE (.)
 *(.vectors .vectors.*)
 *(.itcm)
 *(.itcm.*)
 .itcm.text     0x01000000       0x8c C:/msys64/opt/wonderful/thirdparty/blocksds/core/libs/libnds/lib\libnds9.a(cache.c.o)
                0x01000000                CP15_CleanAndFlushDCacheRange
                0x01000034                CP15_FlushDCacheRange
                0x01000060                CP15_FlushICacheRange
 .itcm.data     0x0100008c       0x80 C:/msys64/opt/wonderful/thirdparty/blocksds/core/libs/libnds/lib\libnds9.a(interrupts.c.o)
                0x0100008c                irqTable
 .itcm.setCpuClock
                0x0100010c       0x50 C:/msys64/opt/wonderful/thirdparty/blocksds/core/libs/libnds/lib\libnds9.a(cpu_clock.s.o)
                0x0100010c                setCpuClock
 .itcm.IntrMain
                0x0100015c       0xc0 C:/msys64/opt/wonderful/thirdparty/blocksds/core/libs/libnds/lib\libnds9.a(interruptDispatcher.s.o)
                0x0100015c                IntrMain
 *.itcm*(.text .stub .text.*)
                0x0100021c                        . = ALIGN (0x4)
                0x0100021c                        __itcm_end = ABSOLUTE (.)

.sbss           0x02ff0004        0x4
                0x02ff0004                        __sbss_start = ABSOLUTE (.)
                0x02ff0004                        __sbss_start__ = ABSOLUTE (.)
 *(.sbss)
 .sbss          0x02ff0004        0x4 C:/msys64/opt/wonderful/thirdparty/blocksds/core/libs/libnds/lib\libnds9.a(threads.c.o)
                0x02ff0004                cothread_irq_flags
 *(.sbss.*)
                0x02ff0008                        . = ALIGN (0x4)
                0x02ff0008                        __sbss_end = ABSOLUTE (.)

.bss            0x020165a0     0x1514
                0x020165a0                        __bss_start = ABSOLUTE (.)
                0x020165a0                        __bss_start__ = ABSOLUTE (.)
 *(EXCLUDE_FILE(*.twl*) .dynbss)
 *(EXCLUDE_FILE(*.twl*) .gnu.linkonce.b*)
 *(EXCLUDE_FILE(*.twl*) .bss*)
 .bss.walls1    0x020165a0       0x30 build/Silly_Test2/source/main.cpp.o
                0x020165a0                walls1
 .bss.touch_pos
                0x020165d0        0xc build/Silly_Test2/source/main.cpp.o
                0x020165d0                touch_pos
 .bss.kyHeld    0x020165dc        0x2 build/Silly_Test2/source/main.cpp.o
                0x020165dc                kyHeld
 *fill*         0x020165de        0x2 
 .bss.bg_y      0x020165e0        0x4 build/Silly_Test2/source/main.cpp.o
                0x020165e0                bg_y
 .bss.bg_x      0x020165e4        0x4 build/Silly_Test2/source/main.cpp.o
                0x020165e4                bg_x
 .bss.bgSb      0x020165e8        0x4 build/Silly_Test2/source/main.cpp.o
                0x020165e8                bgSb
 .bss.bg        0x020165ec        0x4 build/Silly_Test2/source/main.cpp.o
                0x020165ec                bg
 .bss.ang_rad   0x020165f0        0x4 build/Silly_Test2/source/main.cpp.o
                0x020165f0                ang_rad
 .bss.ang       0x020165f4        0x4 build/Silly_Test2/source/main.cpp.o
                0x020165f4                ang
 .bss.opp       0x020165f8        0x4 build/Silly_Test2/source/main.cpp.o
                0x020165f8                opp
 .bss.adj       0x020165fc        0x4 build/Silly_Test2/source/main.cpp.o
                0x020165fc                adj
 .bss.hyp       0x02016600        0x4 build/Silly_Test2/source/main.cpp.o
                0x02016600                hyp
 .bss.arm7console
                0x02016604        0x4 C:/msys64/opt/wonderful/thirdparty/blocksds/core/libs/libnds/lib\libnds9.a(console.c.o)
 .bss.arm7con   0x02016608        0x4 C:/msys64/opt/wonderful/thirdparty/blocksds/core/libs/libnds/lib\libnds9.a(console.c.o)
 .bss.libnds_stderr_write
                0x0201660c        0x4 C:/msys64/opt/wonderful/thirdparty/blocksds/core/libs/libnds/lib\libnds9.a(console.c.o)
                0x0201660c                libnds_stderr_write
 .bss.libnds_stdout_write
                0x02016610        0x4 C:/msys64/opt/wonderful/thirdparty/blocksds/core/libs/libnds/lib\libnds9.a(console.c.o)
                0x02016610                libnds_stdout_write
 .bss.currentCopy
                0x02016614       0x40 C:/msys64/opt/wonderful/thirdparty/blocksds/core/libs/libnds/lib\libnds9.a(console.c.o)
 .bss.stderr_buf_len
                0x02016654        0x2 C:/msys64/opt/wonderful/thirdparty/blocksds/core/libs/libnds/lib\libnds9.a(iob.c.o)
 .bss.stdout_buf_len
                0x02016656        0x2 C:/msys64/opt/wonderful/thirdparty/blocksds/core/libs/libnds/lib\libnds9.a(iob.c.o)
 .bss.stderr_buf
                0x02016658       0x11 C:/msys64/opt/wonderful/thirdparty/blocksds/core/libs/libnds/lib\libnds9.a(iob.c.o)
 *fill*         0x02016669        0x3 
 .bss.stdout_buf
                0x0201666c       0x11 C:/msys64/opt/wonderful/thirdparty/blocksds/core/libs/libnds/lib\libnds9.a(iob.c.o)
 *fill*         0x0201667d        0x3 
 .bss.punixTime
                0x02016680        0x4 C:/msys64/opt/wonderful/thirdparty/blocksds/core/libs/libnds/lib\libnds9.a(initSystem.c.o)
                0x02016680                punixTime
 .bss.__debugger_unit
                0x02016684        0x1 C:/msys64/opt/wonderful/thirdparty/blocksds/core/libs/libnds/lib\libnds9.a(initSystem.c.o)
                0x02016684                __debugger_unit
 .bss.__dsimode
                0x02016685        0x1 C:/msys64/opt/wonderful/thirdparty/blocksds/core/libs/libnds/lib\libnds9.a(initSystem.c.o)
                0x02016685                __dsimode
 .bss.keysrepeat
                0x02016686        0x2 C:/msys64/opt/wonderful/thirdparty/blocksds/core/libs/libnds/lib\libnds9.a(keys.c.o)
 .bss.keysold   0x02016688        0x2 C:/msys64/opt/wonderful/thirdparty/blocksds/core/libs/libnds/lib\libnds9.a(keys.c.o)
 .bss.keys      0x0201668a        0x2 C:/msys64/opt/wonderful/thirdparty/blocksds/core/libs/libnds/lib\libnds9.a(keys.c.o)
 .bss.latchedTouchPosition
                0x0201668c        0xc C:/msys64/opt/wonderful/thirdparty/blocksds/core/libs/libnds/lib\libnds9.a(keys.c.o)
 .bss.receivedTouchPosition
                0x02016698        0xc C:/msys64/opt/wonderful/thirdparty/blocksds/core/libs/libnds/lib\libnds9.a(keys.c.o)
 .bss.SDcallback
                0x020166a4        0x4 C:/msys64/opt/wonderful/thirdparty/blocksds/core/libs/libnds/lib\libnds9.a(system.c.o)
 .bss.bgIsTextLut
                0x020166a8        0x8 C:/msys64/opt/wonderful/thirdparty/blocksds/core/libs/libnds/lib\libnds9.a(background.c.o)
                0x020166a8                bgIsTextLut
 .bss.bgState   0x020166b0      0x140 C:/msys64/opt/wonderful/thirdparty/blocksds/core/libs/libnds/lib\libnds9.a(background.c.o)
                0x020166b0                bgState
 .bss.OamMemory
                0x020167f0      0x400 C:/msys64/opt/wonderful/thirdparty/blocksds/core/libs/libnds/lib\libnds9.a(sprite.c.o)
                0x020167f0                OamMemory
 .bss.OamMemorySub
                0x02016bf0      0x400 C:/msys64/opt/wonderful/thirdparty/blocksds/core/libs/libnds/lib\libnds9.a(sprite.c.o)
                0x02016bf0                OamMemorySub
 .bss.main_args
                0x02016ff0        0x8 C:/msys64/opt/wonderful/thirdparty/blocksds/core/libs/libnds/lib\libnds9.a(threads.c.o)
 .bss.cothread_list
                0x02016ff8       0x1c C:/msys64/opt/wonderful/thirdparty/blocksds/core/libs/libnds/lib\libnds9.a(threads.c.o)
 .bss.cothread_active_thread
                0x02017014        0x4 C:/msys64/opt/wonderful/thirdparty/blocksds/core/libs/libnds/lib\libnds9.a(threads.c.o)
 .bss.free_fn   0x02017018        0x4 C:/msys64/opt/wonderful/thirdparty/blocksds/core/libs/libnds/lib\libnds9.a(threads.c.o)
 .bss.processing
                0x0201701c        0x4 C:/msys64/opt/wonderful/thirdparty/blocksds/core/libs/libnds/lib\libnds9.a(fifosystem.c.o)
 .bss.fifo_datamsg_data
                0x02017020       0x40 C:/msys64/opt/wonderful/thirdparty/blocksds/core/libs/libnds/lib\libnds9.a(fifosystem.c.o)
 .bss.fifo_value32_data
                0x02017060       0x40 C:/msys64/opt/wonderful/thirdparty/blocksds/core/libs/libnds/lib\libnds9.a(fifosystem.c.o)
 .bss.fifo_address_data
                0x020170a0       0x40 C:/msys64/opt/wonderful/thirdparty/blocksds/core/libs/libnds/lib\libnds9.a(fifosystem.c.o)
 .bss.fifo_datamsg_func
                0x020170e0       0x40 C:/msys64/opt/wonderful/thirdparty/blocksds/core/libs/libnds/lib\libnds9.a(fifosystem.c.o)
 .bss.fifo_value32_func
                0x02017120       0x40 C:/msys64/opt/wonderful/thirdparty/blocksds/core/libs/libnds/lib\libnds9.a(fifosystem.c.o)
 .bss.fifo_address_func
                0x02017160       0x40 C:/msys64/opt/wonderful/thirdparty/blocksds/core/libs/libnds/lib\libnds9.a(fifosystem.c.o)
 .bss.fifo_value32_queue
                0x020171a0       0x40 C:/msys64/opt/wonderful/thirdparty/blocksds/core/libs/libnds/lib\libnds9.a(fifosystem.c.o)
 .bss.fifo_data_queue
                0x020171e0       0x40 C:/msys64/opt/wonderful/thirdparty/blocksds/core/libs/libnds/lib\libnds9.a(fifosystem.c.o)
 .bss.fifo_address_queue
                0x02017220       0x40 C:/msys64/opt/wonderful/thirdparty/blocksds/core/libs/libnds/lib\libnds9.a(fifosystem.c.o)
 .bss.fifo_buffer
                0x02017260      0x800 C:/msys64/opt/wonderful/thirdparty/blocksds/core/libs/libnds/lib\libnds9.a(fifosystem.c.o)
 .bss.__lock___libc_recursive_mutex
                0x02017a60       0x10 C:/msys64/opt/wonderful/thirdparty/blocksds/core/libs/libnds/lib\libnds9.a(locks.c.o)
                0x02017a60                __lock___libc_recursive_mutex
 .bss.heap_start
                0x02017a70        0x4 C:/msys64/opt/wonderful/thirdparty/blocksds/core/libs/libnds/lib\libnds9.a(sbrk.c.o)
 .bss.fake_heap_start
                0x02017a74        0x4 C:/msys64/opt/wonderful/thirdparty/blocksds/core/libs/libnds/lib\libnds9.a(sbrk.c.o)
                0x02017a74                fake_heap_start
 .bss.fake_heap_end
                0x02017a78        0x4 C:/msys64/opt/wonderful/thirdparty/blocksds/core/libs/libnds/lib\libnds9.a(sbrk.c.o)
                0x02017a78                fake_heap_end
 .bss.exceptionMsg
                0x02017a7c        0x4 C:/msys64/opt/wonderful/thirdparty/blocksds/core/libs/libnds/lib\libnds9.a(exceptions.c.o)
                0x02017a7c                exceptionMsg
 .bss           0x02017a80       0x34 C:/msys64/opt/wonderful/toolchain/gcc-arm-none-eabi/lib/gcc/arm-none-eabi/14.2.0/../../../../arm-none-eabi/lib/thumb/arm946e-s\libc.a(malloc-malloc.c.o)
                0x02017a80                __malloc_top_pad
                0x02017a84                __malloc_current_mallinfo
                0x02017aac                __malloc_max_sbrked_mem
                0x02017ab0                __malloc_max_total_mem
 *(EXCLUDE_FILE(*.twl*) COMMON)
                0x02017ab4                        . = ALIGN (0x4)
                0x02017ab4                        __bss_end__ = ABSOLUTE (.)

.noinit         0x02017ab4        0x0
                0x02017ab4                        __noinit_start = ABSOLUTE (.)
 *(EXCLUDE_FILE(*.twl*) .noinit)
 *(EXCLUDE_FILE(*.twl*) .noinit.*)
 *(EXCLUDE_FILE(*.twl*) .gnu.linkonce.n.*)
                0x02017ab4                        . = ALIGN (0x4)
                0x02017ab4                        __noinit_end = ABSOLUTE (.)

.tls            0x02017ab4        0x4
                0x02017ab4                        __tls_start = ABSOLUTE (.)
                0x02017ab8                        . = ((. + __tdata_size) + __tbss_size)
 *fill*         0x02017ab4        0x4 
                0x02017ab8                        __tls_end = ABSOLUTE (.)
                0x02017ab8                        __end__ = ABSOLUTE (.)
                0x00000004                        __tls_size = (__tls_end - __tls_start)

.twl            0x02017ab8        0x0 load address 0x02400000
                0x02400000                        __arm9i_lma__ = LOADADDR (.twl)
                0x02017ab8                        __arm9i_start__ = ABSOLUTE (.)
 *(.twl)
 *(.twl.text .twl.text.*)
 *(.twl.rodata .twl.rodata.*)
 *(.twl.data .twl.data.*)
 *.twl*(.text .stub .text.* .gnu.linkonce.t.*)
 *.twl*(.rodata)
 *.twl*(.roda)
 *.twl*(.rodata.*)
 *.twl*(.data)
 *.twl*(.data.*)
 *.twl*(.gnu.linkonce.d*)
                0x02017ab8                        __arm9i_end__ = ABSOLUTE (.)

.twl_bss        0x02017ab8        0x0
                0x02017ab8                        __twl_bss_start__ = ABSOLUTE (.)
 *(.twl_bss .twl_bss.*)
 *(.twl.bss .twl.bss.*)
 *.twl*(.dynbss)
 *.twl*(.gnu.linkonce.b*)
 *.twl*(.bss*)
 *.twl*(COMMON)
                0x02017ab8                        . = ALIGN (0x4)
                0x02017ab8                        __twl_bss_end__ = ABSOLUTE (.)

.twl_noinit     0x02017ab8        0x0
                0x02017ab8                        __twl_noinit_start__ = ABSOLUTE (.)
 *(.twl_noinit .twl_noinit.*)
 *(.twl.noinit .twl.noinit.*)
 *.twl*(.noinit)
 *.twl*(.noinit.*)
 *.twl*(.gnu.linkonce.n.*)
                0x02017ab8                        . = ALIGN (0x4)
                0x02017ab8                        __twl_noinit_end__ = ABSOLUTE (.)
                0x02017ab8                        __twl_end__ = ABSOLUTE (.)
                0x0000021c                        __itcm_size = (__itcm_end - __itcm_start)
                0x00000004                        __dtcm_size = (__dtcm_end - __dtcm_data_start)
                0x00000000                        __arm9i_size__ = (__arm9i_end__ - __arm9i_start__)
                0x00001514                        __bss_size__ = (__bss_end__ - __bss_start__)
                0x00000004                        __sbss_size = (__sbss_end - __sbss_start)
                0x00000000                        __twl_bss_size__ = (__twl_bss_end__ - __twl_bss_start__)

.stab
 *(.stab)

.stabstr
 *(.stabstr)

.stab.excl
 *(.stab.excl)

.stab.exclstr
 *(.stab.exclstr)

.stab.index
 *(.stab.index)

.stab.indexstr
 *(.stab.indexstr)

.comment        0x00000000       0x22
 *(.comment)
 .comment       0x00000000       0x22 build/Silly_Test2/source/BeastieBall.c.o
                                 0x23 (size before relaxing)
 .comment       0x00000022       0x23 build/Silly_Test2/source/GooberTest.c.o
 .comment       0x00000022       0x23 build/Silly_Test2/source/L1R1.c.o
 .comment       0x00000022       0x23 build/Silly_Test2/source/L1R2.c.o
 .comment       0x00000022       0x23 build/Silly_Test2/source/main.cpp.o
 .comment       0x00000022       0x23 C:/msys64/opt/wonderful/thirdparty/blocksds/core/libs/libnds/lib\libnds9.a(console.c.o)
 .comment       0x00000022       0x23 C:/msys64/opt/wonderful/thirdparty/blocksds/core/libs/libnds/lib\libnds9.a(crt0_argv.c.o)
 .comment       0x00000022       0x23 C:/msys64/opt/wonderful/thirdparty/blocksds/core/libs/libnds/lib\libnds9.a(iob.c.o)
 .comment       0x00000022       0x23 C:/msys64/opt/wonderful/thirdparty/blocksds/core/libs/libnds/lib\libnds9.a(cache.c.o)
 .comment       0x00000022       0x23 C:/msys64/opt/wonderful/thirdparty/blocksds/core/libs/libnds/lib\libnds9.a(initSystem.c.o)
 .comment       0x00000022       0x23 C:/msys64/opt/wonderful/thirdparty/blocksds/core/libs/libnds/lib\libnds9.a(keys.c.o)
 .comment       0x00000022       0x23 C:/msys64/opt/wonderful/thirdparty/blocksds/core/libs/libnds/lib\libnds9.a(securearea.c.o)
 .comment       0x00000022       0x23 C:/msys64/opt/wonderful/thirdparty/blocksds/core/libs/libnds/lib\libnds9.a(system.c.o)
 .comment       0x00000022       0x23 C:/msys64/opt/wonderful/thirdparty/blocksds/core/libs/libnds/lib\libnds9.a(background.c.o)
 .comment       0x00000022       0x23 C:/msys64/opt/wonderful/thirdparty/blocksds/core/libs/libnds/lib\libnds9.a(sprite.c.o)
 .comment       0x00000022       0x23 C:/msys64/opt/wonderful/thirdparty/blocksds/core/libs/libnds/lib\libnds9.a(sprite_alloc.c.o)
 .comment       0x00000022       0x23 C:/msys64/opt/wonderful/thirdparty/blocksds/core/libs/libnds/lib\libnds9.a(video.c.o)
 .comment       0x00000022       0x23 C:/msys64/opt/wonderful/thirdparty/blocksds/core/libs/libnds/lib\libnds9.a(threads.c.o)
 .comment       0x00000022       0x23 C:/msys64/opt/wonderful/thirdparty/blocksds/core/libs/libnds/lib\libnds9.a(fifosystem.c.o)
 .comment       0x00000022       0x23 C:/msys64/opt/wonderful/thirdparty/blocksds/core/libs/libnds/lib\libnds9.a(interrupts.c.o)
 .comment       0x00000022       0x23 C:/msys64/opt/wonderful/thirdparty/blocksds/core/libs/libnds/lib\libnds9.a(exit.c.o)
 .comment       0x00000022       0x23 C:/msys64/opt/wonderful/thirdparty/blocksds/core/libs/libnds/lib\libnds9.a(locks.c.o)
 .comment       0x00000022       0x23 C:/msys64/opt/wonderful/thirdparty/blocksds/core/libs/libnds/lib\libnds9.a(sbrk.c.o)
 .comment       0x00000022       0x23 C:/msys64/opt/wonderful/thirdparty/blocksds/core/libs/libnds/lib\libnds9.a(coroutine.c.o)
 .comment       0x00000022       0x23 C:/msys64/opt/wonderful/thirdparty/blocksds/core/libs/libnds/lib\libnds9.a(default_font.png.o)
 .comment       0x00000022       0x23 C:/msys64/opt/wonderful/thirdparty/blocksds/core/libs/libnds/lib\libnds9.a(sassert.c.o)
 .comment       0x00000022       0x23 C:/msys64/opt/wonderful/thirdparty/blocksds/core/libs/libnds/lib\libnds9.a(exceptions.c.o)
 .comment       0x00000022       0x23 C:/msys64/opt/wonderful/thirdparty/blocksds/core/libs/libnds/lib\libnds9.a(trig.c.o)
 .comment       0x00000022       0x23 C:/msys64/opt/wonderful/thirdparty/blocksds/core/libs/libnds/lib\libnds9.a(exceptions.c.o)
 .comment       0x00000022       0x23 C:/msys64/opt/wonderful/toolchain/gcc-arm-none-eabi/lib/gcc/arm-none-eabi/14.2.0/../../../../arm-none-eabi/lib/thumb/arm946e-s\libc.a(malloc-free.c.o)
 .comment       0x00000022       0x23 C:/msys64/opt/wonderful/toolchain/gcc-arm-none-eabi/lib/gcc/arm-none-eabi/14.2.0/../../../../arm-none-eabi/lib/thumb/arm946e-s\libc.a(malloc-malloc.c.o)
 .comment       0x00000022       0x23 C:/msys64/opt/wonderful/toolchain/gcc-arm-none-eabi/lib/gcc/arm-none-eabi/14.2.0/../../../../arm-none-eabi/lib/thumb/arm946e-s\libc.a(malloc-realloc.c.o)
 .comment       0x00000022       0x23 C:/msys64/opt/wonderful/toolchain/gcc-arm-none-eabi/lib/gcc/arm-none-eabi/14.2.0/../../../../arm-none-eabi/lib/thumb/arm946e-s\libc.a(libc_errno_errno.c.o)
 .comment       0x00000022       0x23 C:/msys64/opt/wonderful/toolchain/gcc-arm-none-eabi/lib/gcc/arm-none-eabi/14.2.0/../../../../arm-none-eabi/lib/thumb/arm946e-s\libc.a(libc_misc_init.c.o)
 .comment       0x00000022       0x23 C:/msys64/opt/wonderful/toolchain/gcc-arm-none-eabi/lib/gcc/arm-none-eabi/14.2.0/../../../../arm-none-eabi/lib/thumb/arm946e-s\libc.a(libc_stdlib_pico-exit.c.o)
 .comment       0x00000022       0x23 C:/msys64/opt/wonderful/toolchain/gcc-arm-none-eabi/lib/gcc/arm-none-eabi/14.2.0/../../../../arm-none-eabi/lib/thumb/arm946e-s\libc.a(libc_tinystdio_fflush.c.o)
 .comment       0x00000022       0x23 C:/msys64/opt/wonderful/toolchain/gcc-arm-none-eabi/lib/gcc/arm-none-eabi/14.2.0/../../../../arm-none-eabi/lib/thumb/arm946e-s\libc.a(libc_tinystdio_printf.c.o)
 .comment       0x00000022       0x23 C:/msys64/opt/wonderful/toolchain/gcc-arm-none-eabi/lib/gcc/arm-none-eabi/14.2.0/../../../../arm-none-eabi/lib/thumb/arm946e-s\libc.a(libc_tinystdio_putchar.c.o)
 .comment       0x00000022       0x23 C:/msys64/opt/wonderful/toolchain/gcc-arm-none-eabi/lib/gcc/arm-none-eabi/14.2.0/../../../../arm-none-eabi/lib/thumb/arm946e-s\libc.a(libc_tinystdio_puts.c.o)
 .comment       0x00000022       0x23 C:/msys64/opt/wonderful/toolchain/gcc-arm-none-eabi/lib/gcc/arm-none-eabi/14.2.0/../../../../arm-none-eabi/lib/thumb/arm946e-s\libc.a(libc_tinystdio_setvbuf.c.o)
 .comment       0x00000022       0x23 C:/msys64/opt/wonderful/toolchain/gcc-arm-none-eabi/lib/gcc/arm-none-eabi/14.2.0/../../../../arm-none-eabi/lib/thumb/arm946e-s\libc.a(libc_tinystdio_vfprintf.c.o)
 .comment       0x00000022       0x23 C:/msys64/opt/wonderful/toolchain/gcc-arm-none-eabi/lib/gcc/arm-none-eabi/14.2.0/../../../../arm-none-eabi/lib/thumb/arm946e-s\libc.a(libc_tinystdio_vprintf.c.o)
 .comment       0x00000022       0x23 C:/msys64/opt/wonderful/toolchain/gcc-arm-none-eabi/lib/gcc/arm-none-eabi/14.2.0/../../../../arm-none-eabi/lib/thumb/arm946e-s\libc.a(libc_tinystdio_dtoa_ryu.c.o)
 .comment       0x00000022       0x23 C:/msys64/opt/wonderful/toolchain/gcc-arm-none-eabi/lib/gcc/arm-none-eabi/14.2.0/../../../../arm-none-eabi/lib/thumb/arm946e-s\libc.a(libc_tinystdio_ryu_log10.c.o)
 .comment       0x00000022       0x23 C:/msys64/opt/wonderful/toolchain/gcc-arm-none-eabi/lib/gcc/arm-none-eabi/14.2.0/../../../../arm-none-eabi/lib/thumb/arm946e-s\libc.a(libc_tinystdio_ryu_pow5bits.c.o)
 .comment       0x00000022       0x23 C:/msys64/opt/wonderful/toolchain/gcc-arm-none-eabi/lib/gcc/arm-none-eabi/14.2.0/../../../../arm-none-eabi/lib/thumb/arm946e-s\libc.a(libc_tinystdio_ryu_table.c.o)
 .comment       0x00000022       0x23 C:/msys64/opt/wonderful/toolchain/gcc-arm-none-eabi/lib/gcc/arm-none-eabi/14.2.0/../../../../arm-none-eabi/lib/thumb/arm946e-s\libc.a(libc_tinystdio_ryu_umul128.c.o)
 .comment       0x00000022       0x23 C:/msys64/opt/wonderful/toolchain/gcc-arm-none-eabi/lib/gcc/arm-none-eabi/14.2.0/../../../../arm-none-eabi/lib/thumb/arm946e-s\libc.a(libm_math_s_acos.c.o)
 .comment       0x00000022       0x23 C:/msys64/opt/wonderful/toolchain/gcc-arm-none-eabi/lib/gcc/arm-none-eabi/14.2.0/../../../../arm-none-eabi/lib/thumb/arm946e-s\libc.a(libm_common_math_err_invalid.c.o)
 .comment       0x00000022       0x23 C:/msys64/opt/wonderful/toolchain/gcc-arm-none-eabi/lib/gcc/arm-none-eabi/14.2.0/../../../../arm-none-eabi/lib/thumb/arm946e-s\libc.a(memmove.c.o)
 .comment       0x00000022       0x23 C:/msys64/opt/wonderful/toolchain/gcc-arm-none-eabi/lib/gcc/arm-none-eabi/14.2.0/../../../../arm-none-eabi/lib/thumb/arm946e-s\libc.a(libc_misc_fini.c.o)
 .comment       0x00000022       0x23 C:/msys64/opt/wonderful/toolchain/gcc-arm-none-eabi/lib/gcc/arm-none-eabi/14.2.0/../../../../arm-none-eabi/lib/thumb/arm946e-s\libc.a(libc_string_strnlen.c.o)
 .comment       0x00000022       0x23 C:/msys64/opt/wonderful/toolchain/gcc-arm-none-eabi/lib/gcc/arm-none-eabi/14.2.0/../../../../arm-none-eabi/lib/thumb/arm946e-s\libc.a(libc_tinystdio_dtox_engine.c.o)
 .comment       0x00000022       0x23 C:/msys64/opt/wonderful/toolchain/gcc-arm-none-eabi/lib/gcc/arm-none-eabi/14.2.0/../../../../arm-none-eabi/lib/thumb/arm946e-s\libc.a(libc_tinystdio_fputc.c.o)
 .comment       0x00000022       0x23 C:/msys64/opt/wonderful/toolchain/gcc-arm-none-eabi/lib/gcc/arm-none-eabi/14.2.0/../../../../arm-none-eabi/lib/thumb/arm946e-s\libc.a(libm_machine_arm_s_sqrt.c.o)
 .comment       0x00000022       0x23 C:/msys64/opt/wonderful/toolchain/gcc-arm-none-eabi/lib/gcc/arm-none-eabi/14.2.0/../../../../arm-none-eabi/lib/thumb/arm946e-s\libc.a(libm_common_s_fpclassify.c.o)
 .comment       0x00000022       0x23 C:/msys64/opt/wonderful/toolchain/gcc-arm-none-eabi/lib/gcc/arm-none-eabi/14.2.0/thumb/arm946e-s\libgcc.a(_muldi3.o)
 .comment       0x00000022       0x23 C:/msys64/opt/wonderful/toolchain/gcc-arm-none-eabi/lib/gcc/arm-none-eabi/14.2.0/thumb/arm946e-s\libgcc.a(_udivmoddi4.o)
 .comment       0x00000022       0x23 C:/msys64/opt/wonderful/toolchain/gcc-arm-none-eabi/lib/gcc/arm-none-eabi/14.2.0/thumb/arm946e-s/crtend.o

.gnu.build.attributes
 *(.gnu.build.attributes .gnu.build.attributes.*)

.debug
 *(.debug)

.line
 *(.line)

.debug_srcinfo
 *(.debug_srcinfo)

.debug_sfnames
 *(.debug_sfnames)

.debug_aranges  0x00000000     0x1148
 *(.debug_aranges)
 .debug_aranges
                0x00000000       0x20 C:/msys64/opt/wonderful/thirdparty/blocksds/core/sys/crts/ds_arm9_crt0.o
 .debug_aranges
                0x00000020       0x20 C:/msys64/opt/wonderful/thirdparty/blocksds/core/libs/libnds/lib\libnds9.a(IntrWait.s.o)
 .debug_aranges
                0x00000040       0x48 C:/msys64/opt/wonderful/thirdparty/blocksds/core/libs/libnds/lib\libnds9.a(mpu_setup.s.o)
 .debug_aranges
                0x00000088       0x28 C:/msys64/opt/wonderful/thirdparty/blocksds/core/libs/libnds/lib\libnds9.a(dma.s.o)
 .debug_aranges
                0x000000b0       0xd8 C:/msys64/opt/wonderful/thirdparty/blocksds/core/libs/libnds/lib\libnds9.a(console.c.o)
 .debug_aranges
                0x00000188       0x20 C:/msys64/opt/wonderful/thirdparty/blocksds/core/libs/libnds/lib\libnds9.a(crt0_argv.c.o)
 .debug_aranges
                0x000001a8       0x38 C:/msys64/opt/wonderful/thirdparty/blocksds/core/libs/libnds/lib\libnds9.a(iob.c.o)
 .debug_aranges
                0x000001e0       0x30 C:/msys64/opt/wonderful/thirdparty/blocksds/core/libs/libnds/lib\libnds9.a(cache.c.o)
 .debug_aranges
                0x00000210       0x20 C:/msys64/opt/wonderful/thirdparty/blocksds/core/libs/libnds/lib\libnds9.a(initSystem.c.o)
 .debug_aranges
                0x00000230       0x60 C:/msys64/opt/wonderful/thirdparty/blocksds/core/libs/libnds/lib\libnds9.a(keys.c.o)
 .debug_aranges
                0x00000290       0x18 C:/msys64/opt/wonderful/thirdparty/blocksds/core/libs/libnds/lib\libnds9.a(securearea.c.o)
 .debug_aranges
                0x000002a8       0x80 C:/msys64/opt/wonderful/thirdparty/blocksds/core/libs/libnds/lib\libnds9.a(system.c.o)
 .debug_aranges
                0x00000328       0x40 C:/msys64/opt/wonderful/thirdparty/blocksds/core/libs/libnds/lib\libnds9.a(background.c.o)
 .debug_aranges
                0x00000368       0x70 C:/msys64/opt/wonderful/thirdparty/blocksds/core/libs/libnds/lib\libnds9.a(sprite.c.o)
 .debug_aranges
                0x000003d8       0x38 C:/msys64/opt/wonderful/thirdparty/blocksds/core/libs/libnds/lib\libnds9.a(sprite_alloc.c.o)
 .debug_aranges
                0x00000410       0x38 C:/msys64/opt/wonderful/thirdparty/blocksds/core/libs/libnds/lib\libnds9.a(video.c.o)
 .debug_aranges
                0x00000448       0x80 C:/msys64/opt/wonderful/thirdparty/blocksds/core/libs/libnds/lib\libnds9.a(threads.c.o)
 .debug_aranges
                0x000004c8       0xd0 C:/msys64/opt/wonderful/thirdparty/blocksds/core/libs/libnds/lib\libnds9.a(fifosystem.c.o)
 .debug_aranges
                0x00000598       0x50 C:/msys64/opt/wonderful/thirdparty/blocksds/core/libs/libnds/lib\libnds9.a(interrupts.c.o)
 .debug_aranges
                0x000005e8       0x38 C:/msys64/opt/wonderful/thirdparty/blocksds/core/libs/libnds/lib\libnds9.a(exit.c.o)
 .debug_aranges
                0x00000620       0x68 C:/msys64/opt/wonderful/thirdparty/blocksds/core/libs/libnds/lib\libnds9.a(locks.c.o)
 .debug_aranges
                0x00000688       0x20 C:/msys64/opt/wonderful/thirdparty/blocksds/core/libs/libnds/lib\libnds9.a(sbrk.c.o)
 .debug_aranges
                0x000006a8       0x28 C:/msys64/opt/wonderful/thirdparty/blocksds/core/libs/libnds/lib\libnds9.a(coroutine.c.o)
 .debug_aranges
                0x000006d0       0x18 C:/msys64/opt/wonderful/thirdparty/blocksds/core/libs/libnds/lib\libnds9.a(default_font.png.o)
 .debug_aranges
                0x000006e8      0x1b0 C:/msys64/opt/wonderful/thirdparty/blocksds/core/libs/libnds/lib\libnds9.a(cp15.s.o)
 .debug_aranges
                0x00000898       0x20 C:/msys64/opt/wonderful/thirdparty/blocksds/core/libs/libnds/lib\libnds9.a(cpu_clock.s.o)
 .debug_aranges
                0x000008b8       0x20 C:/msys64/opt/wonderful/thirdparty/blocksds/core/libs/libnds/lib\libnds9.a(aeabi_read_tp.s.o)
 .debug_aranges
                0x000008d8       0x20 C:/msys64/opt/wonderful/thirdparty/blocksds/core/libs/libnds/lib\libnds9.a(interruptDispatcher.s.o)
 .debug_aranges
                0x000008f8       0x38 C:/msys64/opt/wonderful/thirdparty/blocksds/core/libs/libnds/lib\libnds9.a(coroutine.s.o)
 .debug_aranges
                0x00000930       0x30 C:/msys64/opt/wonderful/thirdparty/blocksds/core/libs/libnds/lib\libnds9.a(memcpy.s.o)
 .debug_aranges
                0x00000960       0x40 C:/msys64/opt/wonderful/thirdparty/blocksds/core/libs/libnds/lib\libnds9.a(memset.s.o)
 .debug_aranges
                0x000009a0       0x20 C:/msys64/opt/wonderful/thirdparty/blocksds/core/libs/libnds/lib\libnds9.a(sassert.c.o)
 .debug_aranges
                0x000009c0       0x48 C:/msys64/opt/wonderful/thirdparty/blocksds/core/libs/libnds/lib\libnds9.a(exceptions.c.o)
 .debug_aranges
                0x00000a08       0x60 C:/msys64/opt/wonderful/thirdparty/blocksds/core/libs/libnds/lib\libnds9.a(trig.c.o)
 .debug_aranges
                0x00000a68       0x38 C:/msys64/opt/wonderful/thirdparty/blocksds/core/libs/libnds/lib\libnds9.a(exceptions.c.o)
 .debug_aranges
                0x00000aa0       0x28 C:/msys64/opt/wonderful/thirdparty/blocksds/core/libs/libnds/lib\libnds9.a(cpu.s.o)
 .debug_aranges
                0x00000ac8       0x20 C:/msys64/opt/wonderful/thirdparty/blocksds/core/libs/libnds/lib\libnds9.a(exceptionHandler.s.o)
 .debug_aranges
                0x00000ae8       0x20 C:/msys64/opt/wonderful/toolchain/gcc-arm-none-eabi/lib/gcc/arm-none-eabi/14.2.0/../../../../arm-none-eabi/lib/thumb/arm946e-s\libc.a(strlen.S.o)
 .debug_aranges
                0x00000b08       0x28 C:/msys64/opt/wonderful/toolchain/gcc-arm-none-eabi/lib/gcc/arm-none-eabi/14.2.0/../../../../arm-none-eabi/lib/thumb/arm946e-s\libc.a(malloc-free.c.o)
 .debug_aranges
                0x00000b30       0x20 C:/msys64/opt/wonderful/toolchain/gcc-arm-none-eabi/lib/gcc/arm-none-eabi/14.2.0/../../../../arm-none-eabi/lib/thumb/arm946e-s\libc.a(malloc-malloc.c.o)
 .debug_aranges
                0x00000b50       0x20 C:/msys64/opt/wonderful/toolchain/gcc-arm-none-eabi/lib/gcc/arm-none-eabi/14.2.0/../../../../arm-none-eabi/lib/thumb/arm946e-s\libc.a(malloc-realloc.c.o)
 .debug_aranges
                0x00000b70       0x18 C:/msys64/opt/wonderful/toolchain/gcc-arm-none-eabi/lib/gcc/arm-none-eabi/14.2.0/../../../../arm-none-eabi/lib/thumb/arm946e-s\libc.a(libc_errno_errno.c.o)
 .debug_aranges
                0x00000b88       0x20 C:/msys64/opt/wonderful/toolchain/gcc-arm-none-eabi/lib/gcc/arm-none-eabi/14.2.0/../../../../arm-none-eabi/lib/thumb/arm946e-s\libc.a(libc_misc_init.c.o)
 .debug_aranges
                0x00000ba8       0x20 C:/msys64/opt/wonderful/toolchain/gcc-arm-none-eabi/lib/gcc/arm-none-eabi/14.2.0/../../../../arm-none-eabi/lib/thumb/arm946e-s\libc.a(libc_stdlib_pico-exit.c.o)
 .debug_aranges
                0x00000bc8       0x20 C:/msys64/opt/wonderful/toolchain/gcc-arm-none-eabi/lib/gcc/arm-none-eabi/14.2.0/../../../../arm-none-eabi/lib/thumb/arm946e-s\libc.a(libc_tinystdio_fflush.c.o)
 .debug_aranges
                0x00000be8       0x20 C:/msys64/opt/wonderful/toolchain/gcc-arm-none-eabi/lib/gcc/arm-none-eabi/14.2.0/../../../../arm-none-eabi/lib/thumb/arm946e-s\libc.a(libc_tinystdio_printf.c.o)
 .debug_aranges
                0x00000c08       0x20 C:/msys64/opt/wonderful/toolchain/gcc-arm-none-eabi/lib/gcc/arm-none-eabi/14.2.0/../../../../arm-none-eabi/lib/thumb/arm946e-s\libc.a(libc_tinystdio_putchar.c.o)
 .debug_aranges
                0x00000c28       0x20 C:/msys64/opt/wonderful/toolchain/gcc-arm-none-eabi/lib/gcc/arm-none-eabi/14.2.0/../../../../arm-none-eabi/lib/thumb/arm946e-s\libc.a(libc_tinystdio_puts.c.o)
 .debug_aranges
                0x00000c48       0x20 C:/msys64/opt/wonderful/toolchain/gcc-arm-none-eabi/lib/gcc/arm-none-eabi/14.2.0/../../../../arm-none-eabi/lib/thumb/arm946e-s\libc.a(libc_tinystdio_setvbuf.c.o)
 .debug_aranges
                0x00000c68       0x30 C:/msys64/opt/wonderful/toolchain/gcc-arm-none-eabi/lib/gcc/arm-none-eabi/14.2.0/../../../../arm-none-eabi/lib/thumb/arm946e-s\libc.a(libc_tinystdio_vfprintf.c.o)
 .debug_aranges
                0x00000c98       0x20 C:/msys64/opt/wonderful/toolchain/gcc-arm-none-eabi/lib/gcc/arm-none-eabi/14.2.0/../../../../arm-none-eabi/lib/thumb/arm946e-s\libc.a(libc_tinystdio_vprintf.c.o)
 .debug_aranges
                0x00000cb8       0x30 C:/msys64/opt/wonderful/toolchain/gcc-arm-none-eabi/lib/gcc/arm-none-eabi/14.2.0/../../../../arm-none-eabi/lib/thumb/arm946e-s\libc.a(libc_tinystdio_dtoa_ryu.c.o)
 .debug_aranges
                0x00000ce8       0x28 C:/msys64/opt/wonderful/toolchain/gcc-arm-none-eabi/lib/gcc/arm-none-eabi/14.2.0/../../../../arm-none-eabi/lib/thumb/arm946e-s\libc.a(libc_tinystdio_ryu_log10.c.o)
 .debug_aranges
                0x00000d10       0x20 C:/msys64/opt/wonderful/toolchain/gcc-arm-none-eabi/lib/gcc/arm-none-eabi/14.2.0/../../../../arm-none-eabi/lib/thumb/arm946e-s\libc.a(libc_tinystdio_ryu_pow5bits.c.o)
 .debug_aranges
                0x00000d30       0x30 C:/msys64/opt/wonderful/toolchain/gcc-arm-none-eabi/lib/gcc/arm-none-eabi/14.2.0/../../../../arm-none-eabi/lib/thumb/arm946e-s\libc.a(libc_tinystdio_ryu_table.c.o)
 .debug_aranges
                0x00000d60       0x28 C:/msys64/opt/wonderful/toolchain/gcc-arm-none-eabi/lib/gcc/arm-none-eabi/14.2.0/../../../../arm-none-eabi/lib/thumb/arm946e-s\libc.a(libc_tinystdio_ryu_umul128.c.o)
 .debug_aranges
                0x00000d88       0x20 C:/msys64/opt/wonderful/toolchain/gcc-arm-none-eabi/lib/gcc/arm-none-eabi/14.2.0/../../../../arm-none-eabi/lib/thumb/arm946e-s\libc.a(libm_math_s_acos.c.o)
 .debug_aranges
                0x00000da8       0x20 C:/msys64/opt/wonderful/toolchain/gcc-arm-none-eabi/lib/gcc/arm-none-eabi/14.2.0/../../../../arm-none-eabi/lib/thumb/arm946e-s\libc.a(libm_common_math_err_invalid.c.o)
 .debug_aranges
                0x00000dc8       0x20 C:/msys64/opt/wonderful/toolchain/gcc-arm-none-eabi/lib/gcc/arm-none-eabi/14.2.0/../../../../arm-none-eabi/lib/thumb/arm946e-s\libc.a(memmove.c.o)
 .debug_aranges
                0x00000de8       0x20 C:/msys64/opt/wonderful/toolchain/gcc-arm-none-eabi/lib/gcc/arm-none-eabi/14.2.0/../../../../arm-none-eabi/lib/thumb/arm946e-s\libc.a(libc_misc_fini.c.o)
 .debug_aranges
                0x00000e08       0x20 C:/msys64/opt/wonderful/toolchain/gcc-arm-none-eabi/lib/gcc/arm-none-eabi/14.2.0/../../../../arm-none-eabi/lib/thumb/arm946e-s\libc.a(libc_string_strnlen.c.o)
 .debug_aranges
                0x00000e28       0x20 C:/msys64/opt/wonderful/toolchain/gcc-arm-none-eabi/lib/gcc/arm-none-eabi/14.2.0/../../../../arm-none-eabi/lib/thumb/arm946e-s\libc.a(libc_tinystdio_dtox_engine.c.o)
 .debug_aranges
                0x00000e48       0x20 C:/msys64/opt/wonderful/toolchain/gcc-arm-none-eabi/lib/gcc/arm-none-eabi/14.2.0/../../../../arm-none-eabi/lib/thumb/arm946e-s\libc.a(libc_tinystdio_fputc.c.o)
 .debug_aranges
                0x00000e68       0x20 C:/msys64/opt/wonderful/toolchain/gcc-arm-none-eabi/lib/gcc/arm-none-eabi/14.2.0/../../../../arm-none-eabi/lib/thumb/arm946e-s\libc.a(libm_machine_arm_s_sqrt.c.o)
 .debug_aranges
                0x00000e88       0x20 C:/msys64/opt/wonderful/toolchain/gcc-arm-none-eabi/lib/gcc/arm-none-eabi/14.2.0/../../../../arm-none-eabi/lib/thumb/arm946e-s\libc.a(libm_common_s_fpclassify.c.o)
 .debug_aranges
                0x00000ea8       0x20 C:/msys64/opt/wonderful/toolchain/gcc-arm-none-eabi/lib/gcc/arm-none-eabi/14.2.0/thumb/arm946e-s\libgcc.a(_thumb1_case_uqi.o)
 .debug_aranges
                0x00000ec8       0x20 C:/msys64/opt/wonderful/toolchain/gcc-arm-none-eabi/lib/gcc/arm-none-eabi/14.2.0/thumb/arm946e-s\libgcc.a(_thumb1_case_uhi.o)
 .debug_aranges
                0x00000ee8       0x20 C:/msys64/opt/wonderful/toolchain/gcc-arm-none-eabi/lib/gcc/arm-none-eabi/14.2.0/thumb/arm946e-s\libgcc.a(_udivsi3.o)
 .debug_aranges
                0x00000f08       0x20 C:/msys64/opt/wonderful/toolchain/gcc-arm-none-eabi/lib/gcc/arm-none-eabi/14.2.0/thumb/arm946e-s\libgcc.a(_divsi3.o)
 .debug_aranges
                0x00000f28       0x20 C:/msys64/opt/wonderful/toolchain/gcc-arm-none-eabi/lib/gcc/arm-none-eabi/14.2.0/thumb/arm946e-s\libgcc.a(_dvmd_tls.o)
 .debug_aranges
                0x00000f48       0x20 C:/msys64/opt/wonderful/toolchain/gcc-arm-none-eabi/lib/gcc/arm-none-eabi/14.2.0/thumb/arm946e-s\libgcc.a(_lshrdi3.o)
 .debug_aranges
                0x00000f68       0x20 C:/msys64/opt/wonderful/toolchain/gcc-arm-none-eabi/lib/gcc/arm-none-eabi/14.2.0/thumb/arm946e-s\libgcc.a(_ashrdi3.o)
 .debug_aranges
                0x00000f88       0x20 C:/msys64/opt/wonderful/toolchain/gcc-arm-none-eabi/lib/gcc/arm-none-eabi/14.2.0/thumb/arm946e-s\libgcc.a(_ashldi3.o)
 .debug_aranges
                0x00000fa8       0x20 C:/msys64/opt/wonderful/toolchain/gcc-arm-none-eabi/lib/gcc/arm-none-eabi/14.2.0/thumb/arm946e-s\libgcc.a(_arm_addsubdf3.o)
 .debug_aranges
                0x00000fc8       0x20 C:/msys64/opt/wonderful/toolchain/gcc-arm-none-eabi/lib/gcc/arm-none-eabi/14.2.0/thumb/arm946e-s\libgcc.a(_arm_muldivdf3.o)
 .debug_aranges
                0x00000fe8       0x20 C:/msys64/opt/wonderful/toolchain/gcc-arm-none-eabi/lib/gcc/arm-none-eabi/14.2.0/thumb/arm946e-s\libgcc.a(_arm_fixunsdfsi.o)
 .debug_aranges
                0x00001008       0x20 C:/msys64/opt/wonderful/toolchain/gcc-arm-none-eabi/lib/gcc/arm-none-eabi/14.2.0/thumb/arm946e-s\libgcc.a(_arm_truncdfsf2.o)
 .debug_aranges